=
info move E5 visits 22 edgeVisits 22 utility -0.802397 winrate 0.101724 scoreMean -0.465333 scoreStdev 8.3148 scoreLead -0.465333 scoreSelfplay -1.78786 prior 0.581599 lcb 0.0939199 utilityLcb -0.824248 weight 42.8239 order 0 pv E5 E3 C4 D7 info move F5 visits 7 edgeVisits 7 utility -0.776443 winrate 0.116919 scoreMean -0.290869 scoreStdev 7.15906 scoreLead -0.290869 scoreSelfplay -1.51264 prior 0.0861834 lcb 0.0617524 utilityLcb -0.93091 weight 12.6836 order 1 pv F5 D5 E7 D3 C6 info move D5 visits 7 edgeVisits 7 utility -0.776443 winrate 0.116919 scoreMean -0.290869 scoreStdev 7.15906 scoreLead -0.290869 scoreSelfplay -1.51264 prior 0.0861834 lcb 0.0617524 utilityLcb -0.93091 weight 12.6836 isSymmetryOf F5 order 2 pv D5 F5 E7 F3 G6 info move E4 visits 7 edgeVisits 7 utility -0.776443 winrate 0.116919 scoreMean -0.290869 scoreStdev 7.15906 scoreLead -0.290869 scoreSelfplay -1.51264 prior 0.0861834 lcb 0.0617524 utilityLcb -0.93091 weight 12.6836 isSymmetryOf F5 order 3 pv E4 E6 C5 G6 D7 info move E6 visits 7 edgeVisits 7 utility -0.776443 winrate 0.116919 scoreMean -0.290869 scoreStdev 7.15906 scoreLead -0.290869 scoreSelfplay -1.51264 prior 0.0861834 lcb 0.0617524 utilityLcb -0.93091 weight 12.6836 isSymmetryOf F5 order 4 pv E6 E4 C5 G4 D3
play E5

= 

=
info move C5 visits 15 edgeVisits 15 utility -0.804901 winrate 0.114198 scoreMean -1.00207 scoreStdev 8.46013 scoreLead -1.00207 scoreSelfplay -2.53728 prior 0.16616 lcb 0.0895068 utilityLcb -0.874036 weight 26.4449 order 0 pv C5 C4 G4 info move G5 visits 15 edgeVisits 15 utility -0.804901 winrate 0.114198 scoreMean -1.00207 scoreStdev 8.46013 scoreLead -1.00207 scoreSelfplay -2.53728 prior 0.16616 lcb 0.0895068 utilityLcb -0.874036 weight 26.4449 isSymmetryOf C5 order 1 pv G5 G4 C4 info move E7 visits 15 edgeVisits 15 utility -0.804901 winrate 0.114198 scoreMean -1.00207 scoreStdev 8.46013 scoreLead -1.00207 scoreSelfplay -2.53728 prior 0.16616 lcb 0.0895068 utilityLcb -0.874036 weight 26.4449 isSymmetryOf C5 order 2 pv E7 F7 F3 info move E3 visits 15 edgeVisits 15 utility -0.804901 winrate 0.114198 scoreMean -1.00207 scoreStdev 8.46013 scoreLead -1.00207 scoreSelfplay -2.53728 prior 0.16616 lcb 0.0895068 utilityLcb -0.874036 weight 26.4449 isSymmetryOf C5 order 3 pv E3 F3 F7 info move C4 visits 1 edgeVisits 1 utility -0.82697 winrate 0.10314 scoreMean -0.725209 scoreStdev 9.08483 scoreLead -0.725209 scoreSelfplay -2.61438 prior 0.015728 lcb -1.14686 utilityLcb -4.32697 weight 1.89846 order 4 pv C4 info move C6 visits 1 edgeVisits 1 utility -0.82697 winrate 0.10314 scoreMean -0.725209 scoreStdev 9.08483 scoreLead -0.725209 scoreSelfplay -2.61438 prior 0.015728 lcb -1.14686 utilityLcb -4.32697 weight 1.89846 isSymmetryOf C4 order 5 pv C6 info move G4 visits 1 edgeVisits 1 utility -0.82697 winrate 0.10314 scoreMean -0.725209 scoreStdev 9.08483 scoreLead -0.725209 scoreSelfplay -2.61438 prior 0.015728 lcb -1.14686 utilityLcb -4.32697 weight 1.89846 isSymmetryOf C4 order 6 pv G4 info move G6 visits 1 edgeVisits 1 utility -0.82697 winrate 0.10314 scoreMean -0.725209 scoreStdev 9.08483 scoreLead -0.725209 scoreSelfplay -2.61438 prior 0.015728 lcb -1.14686 utilityLcb -4.32697 weight 1.89846 isSymmetryOf C4 order 7 pv G6 info move F7 visits 1 edgeVisits 1 utility -0.82697 winrate 0.10314 scoreMean -0.725209 scoreStdev 9.08483 scoreLead -0.725209 scoreSelfplay -2.61438 prior 0.015728 lcb -1.14686 utilityLcb -4.32697 weight 1.89846 isSymmetryOf C4 order 8 pv F7 info move D7 visits 1 edgeVisits 1 utility -0.82697 winrate 0.10314 scoreMean -0.725209 scoreStdev 9.08483 scoreLead -0.725209 scoreSelfplay -2.61438 prior 0.015728 lcb -1.14686 utilityLcb -4.32697 weight 1.89846 isSymmetryOf C4 order 9 pv D7 info move F3 visits 1 edgeVisits 1 utility -0.82697 winrate 0.10314 scoreMean -0.725209 scoreStdev 9.08483 scoreLead -0.725209 scoreSelfplay -2.61438 prior 0.015728 lcb -1.14686 utilityLcb -4.32697 weight 1.89846 isSymmetryOf C4 order 10 pv F3 info move D3 visits 1 edgeVisits 1 utility -0.82697 winrate 0.10314 scoreMean -0.725209 scoreStdev 9.08483 scoreLead -0.725209 scoreSelfplay -2.61438 prior 0.015728 lcb -1.14686 utilityLcb -4.32697 weight 1.89846 isSymmetryOf C4 order 11 pv D3 info move C3 visits 1 edgeVisits 1 utility -0.883968 winrate 0.081728 scoreMean -1.21985 scoreStdev 8.63041 scoreLead -1.21985 scoreSelfplay -3.31305 prior 0.00837347 lcb -1.16827 utilityLcb -4.38397 weight 1.99566 order 12 pv C3 info move C7 visits 1 edgeVisits 1 utility -0.883968 winrate 0.081728 scoreMean -1.21985 scoreStdev 8.63041 scoreLead -1.21985 scoreSelfplay -3.31305 prior 0.00837347 lcb -1.16827 utilityLcb -4.38397 weight 1.99566 isSymmetryOf C3 order 13 pv C7 info move G3 visits 1 edgeVisits 1 utility -0.883968 winrate 0.081728 scoreMean -1.21985 scoreStdev 8.63041 scoreLead -1.21985 scoreSelfplay -3.31305 prior 0.00837347 lcb -1.16827 utilityLcb -4.38397 weight 1.99566 isSymmetryOf C3 order 14 pv G3 info move G7 visits 1 edgeVisits 1 utility -0.883968 winrate 0.081728 scoreMean -1.21985 scoreStdev 8.63041 scoreLead -1.21985 scoreSelfplay -3.31305 prior 0.00837347 lcb -1.16827 utilityLcb -4.38397 weight 1.99566 isSymmetryOf C3 order 15 pv G7 info move D4 visits 1 edgeVisits 1 utility -0.941432 winrate 0.0576841 scoreMean -1.70406 scoreStdev 8.52953 scoreLead -1.70406 scoreSelfplay -3.7927 prior 0.000465376 lcb -1.19232 utilityLcb -4.44143 weight 2.16855 order 16 pv D4 info move D6 visits 1 edgeVisits 1 utility -0.941432 winrate 0.0576841 scoreMean -1.70406 scoreStdev 8.52953 scoreLead -1.70406 scoreSelfplay -3.7927 prior 0.000465376 lcb -1.19232 utilityLcb -4.44143 weight 2.16855 isSymmetryOf D4 order 17 pv D6 info move F4 visits 1 edgeVisits 1 utility -0.941432 winrate 0.0576841 scoreMean -1.70406 scoreStdev 8.52953 scoreLead -1.70406 scoreSelfplay -3.7927 prior 0.000465376 lcb -1.19232 utilityLcb -4.44143 weight 2.16855 isSymmetryOf D4 order 18 pv F4 info move F6 visits 1 edgeVisits 1 utility -0.941432 winrate 0.0576841 scoreMean -1.70406 scoreStdev 8.52953 scoreLead -1.70406 scoreSelfplay -3.7927 prior 0.000465376 lcb -1.19232 utilityLcb -4.44143 weight 2.16855 isSymmetryOf D4 order 19 pv F6 info move B5 visits 1 edgeVisits 1 utility -0.994452 winrate 0.0386428 scoreMean -2.60562 scoreStdev 7.52515 scoreLead -2.60562 scoreSelfplay -4.37611 prior 0.000361181 lcb -1.21136 utilityLcb -4.49445 weight 2.51023 order 20 pv B5 info move H5 visits 1 edgeVisits 1 utility -0.994452 winrate 0.0386428 scoreMean -2.60562 scoreStdev 7.52515 scoreLead -2.60562 scoreSelfplay -4.37611 prior 0.000361181 lcb -1.21136 utilityLcb -4.49445 weight 2.51023 isSymmetryOf B5 order 21 pv H5 info move E8 visits 1 edgeVisits 1 utility -0.994452 winrate 0.0386428 scoreMean -2.60562 scoreStdev 7.52515 scoreLead -2.60562 scoreSelfplay -4.37611 prior 0.000361181 lcb -1.21136 utilityLcb -4.49445 weight 2.51023 isSymmetryOf B5 order 22 pv E8 info move E2 visits 1 edgeVisits 1 utility -0.994452 winrate 0.0386428 scoreMean -2.60562 scoreStdev 7.52515 scoreLead -2.60562 scoreSelfplay -4.37611 prior 0.000361181 lcb -1.21136 utilityLcb -4.49445 weight 2.51023 isSymmetryOf B5 order 23 pv E2 info move D5 visits 1 edgeVisits 1 utility -0.972903 winrate 0.0459871 scoreMean -1.88526 scoreStdev 7.78038 scoreLead -1.88526 scoreSelfplay -4.07827 prior 0.000139141 lcb -1.20401 utilityLcb -4.4729 weight 3.75574 order 24 pv D5 info move F5 visits 1 edgeVisits 1 utility -0.972903 winrate 0.0459871 scoreMean -1.88526 scoreStdev 7.78038 scoreLead -1.88526 scoreSelfplay -4.07827 prior 0.000139141 lcb -1.20401 utilityLcb -4.4729 weight 3.75574 isSymmetryOf D5 order 25 pv F5 info move E6 visits 1 edgeVisits 1 utility -0.972903 winrate 0.0459871 scoreMean -1.88526 scoreStdev 7.78038 scoreLead -1.88526 scoreSelfplay -4.07827 prior 0.000139141 lcb -1.20401 utilityLcb -4.4729 weight 3.75574 isSymmetryOf D5 order 26 pv E6 info move E4 visits 1 edgeVisits 1 utility -0.972903 winrate 0.0459871 scoreMean -1.88526 scoreStdev 7.78038 scoreLead -1.88526 scoreSelfplay -4.07827 prior 0.000139141 lcb -1.20401 utilityLcb -4.4729 weight 3.75574 isSymmetryOf D5 order 27 pv E4 info move B4 visits 1 edgeVisits 1 utility -1.03623 winrate 0.0226549 scoreMean -3.31905 scoreStdev 6.47402 scoreLead -3.31905 scoreSelfplay -4.62971 prior 0.00010451 lcb -1.22735 utilityLcb -4.53623 weight 3.14613 order 28 pv B4 info move B6 visits 1 edgeVisits 1 utility -1.03623 winrate 0.0226549 scoreMean -3.31905 scoreStdev 6.47402 scoreLead -3.31905 scoreSelfplay -4.62971 prior 0.00010451 lcb -1.22735 utilityLcb -4.53623 weight 3.14613 isSymmetryOf B4 order 29 pv B6 info move H4 visits 1 edgeVisits 1 utility -1.03623 winrate 0.0226549 scoreMean -3.31905 scoreStdev 6.47402 scoreLead -3.31905 scoreSelfplay -4.62971 prior 0.00010451 lcb -1.22735 utilityLcb -4.53623 weight 3.14613 isSymmetryOf B4 order 30 pv H4 info move H6 visits 1 edgeVisits 1 utility -1.03623 winrate 0.0226549 scoreMean -3.31905 scoreStdev 6.47402 scoreLead -3.31905 scoreSelfplay -4.62971 prior 0.00010451 lcb -1.22735 utilityLcb -4.53623 weight 3.14613 isSymmetryOf B4 order 31 pv H6 info move F8 visits 1 edgeVisits 1 utility -1.03623 winrate 0.0226549 scoreMean -3.31905 scoreStdev 6.47402 scoreLead -3.31905 scoreSelfplay -4.62971 prior 0.00010451 lcb -1.22735 utilityLcb -4.53623 weight 3.14613 isSymmetryOf B4 order 32 pv F8 info move D8 visits 1 edgeVisits 1 utility -1.03623 winrate 0.0226549 scoreMean -3.31905 scoreStdev 6.47402 scoreLead -3.31905 scoreSelfplay -4.62971 prior 0.00010451 lcb -1.22735 utilityLcb -4.53623 weight 3.14613 isSymmetryOf B4 order 33 pv D8 info move F2 visits 1 edgeVisits 1 utility -1.03623 winrate 0.0226549 scoreMean -3.31905 scoreStdev 6.47402 scoreLead -3.31905 scoreSelfplay -4.62971 prior 0.00010451 lcb -1.22735 utilityLcb -4.53623 weight 3.14613 isSymmetryOf B4 order 34 pv F2 info move D2 visits 1 edgeVisits 1 utility -1.03623 winrate 0.0226549 scoreMean -3.31905 scoreStdev 6.47402 scoreLead -3.31905 scoreSelfplay -4.62971 prior 0.00010451 lcb -1.22735 utilityLcb -4.53623 weight 3.14613 isSymmetryOf B4 order 35 pv D2 info move B3 visits 1 edgeVisits 1 utility -1.0571 winrate 0.0165415 scoreMean -4.06516 scoreStdev 6.08337 scoreLead -4.06516 scoreSelfplay -4.95107 prior 7.46883e-05 lcb -1.23346 utilityLcb -4.5571 weight 3.57693 order 36 pv B3 info move B7 visits 1 edgeVisits 1 utility -1.0571 winrate 0.0165415 scoreMean -4.06516 scoreStdev 6.08337 scoreLead -4.06516 scoreSelfplay -4.95107 prior 7.46883e-05 lcb -1.23346 utilityLcb -4.5571 weight 3.57693 isSymmetryOf B3 order 37 pv B7 info move H3 visits 1 edgeVisits 1 utility -1.0571 winrate 0.0165415 scoreMean -4.06516 scoreStdev 6.08337 scoreLead -4.06516 scoreSelfplay -4.95107 prior 7.46883e-05 lcb -1.23346 utilityLcb -4.5571 weight 3.57693 isSymmetryOf B3 order 38 pv H3 info move H7 visits 1 edgeVisits 1 utility -1.0571 winrate 0.0165415 scoreMean -4.06516 scoreStdev 6.08337 scoreLead -4.06516 scoreSelfplay -4.95107 prior 7.46883e-05 lcb -1.23346 utilityLcb -4.5571 weight 3.57693 isSymmetryOf B3 order 39 pv H7 info move G8 visits 1 edgeVisits 1 utility -1.0571 winrate 0.0165415 scoreMean -4.06516 scoreStdev 6.08337 scoreLead -4.06516 scoreSelfplay -4.95107 prior 7.46883e-05 lcb -1.23346 utilityLcb -4.5571 weight 3.57693 isSymmetryOf B3 order 40 pv G8 info move C8 visits 1 edgeVisits 1 utility -1.0571 winrate 0.0165415 scoreMean -4.06516 scoreStdev 6.08337 scoreLead -4.06516 scoreSelfplay -4.95107 prior 7.46883e-05 lcb -1.23346 utilityLcb -4.5571 weight 3.57693 isSymmetryOf B3 order 41 pv C8 info move G2 visits 1 edgeVisits 1 utility -1.0571 winrate 0.0165415 scoreMean -4.06516 scoreStdev 6.08337 scoreLead -4.06516 scoreSelfplay -4.95107 prior 7.46883e-05 lcb -1.23346 utilityLcb -4.5571 weight 3.57693 isSymmetryOf B3 order 42 pv G2 info move C2 visits 1 edgeVisits 1 utility -1.0571 winrate 0.0165415 scoreMean -4.06516 scoreStdev 6.08337 scoreLead -4.06516 scoreSelfplay -4.95107 prior 7.46883e-05 lcb -1.23346 utilityLcb -4.5571 weight 3.57693 isSymmetryOf B3 order 43 pv C2 info move pass visits 1 edgeVisits 1 utility -1.20362 winrate 0.00039078 scoreMean -10.7955 scoreStdev 3.92493 scoreLead -10.7955 scoreSelfplay -10.5416 prior 6.58071e-05 lcb -1.24961 utilityLcb -4.70362 weight 7.09824 order 44 pv pass info move B2 visits 1 edgeVisits 1 utility -1.09118 winrate 0.0149539 scoreMean -5.40193 scoreStdev 5.41101 scoreLead -5.40193 scoreSelfplay -6.26154 prior 5.36014e-05 lcb -1.23505 utilityLcb -4.59118 weight 5.23604 order 45 pv B2 info move B8 visits 1 edgeVisits 1 utility -1.09118 winrate 0.0149539 scoreMean -5.40193 scoreStdev 5.41101 scoreLead -5.40193 scoreSelfplay -6.26154 prior 5.36014e-05 lcb -1.23505 utilityLcb -4.59118 weight 5.23604 isSymmetryOf B2 order 46 pv B8 info move H2 visits 1 edgeVisits 1 utility -1.09118 winrate 0.0149539 scoreMean -5.40193 scoreStdev 5.41101 scoreLead -5.40193 scoreSelfplay -6.26154 prior 5.36014e-05 lcb -1.23505 utilityLcb -4.59118 weight 5.23604 isSymmetryOf B2 order 47 pv H2 info move H8 visits 1 edgeVisits 1 utility -1.09118 winrate 0.0149539 scoreMean -5.40193 scoreStdev 5.41101 scoreLead -5.40193 scoreSelfplay -6.26154 prior 5.36014e-05 lcb -1.23505 utilityLcb -4.59118 weight 5.23604 isSymmetryOf B2 order 48 pv H8 info move A1 visits 1 edgeVisits 1 utility -1.19301 winrate 0.0017308 scoreMean -10.3577 scoreStdev 4.81114 scoreLead -10.3577 scoreSelfplay -10.3811 prior 4.1021e-05 lcb -1.24827 utilityLcb -4.69301 weight 6.96162 order 49 pv A1 info move A9 visits 1 edgeVisits 1 utility -1.19301 winrate 0.0017308 scoreMean -10.3577 scoreStdev 4.81114 scoreLead -10.3577 scoreSelfplay -10.3811 prior 4.1021e-05 lcb -1.24827 utilityLcb -4.69301 weight 6.96162 isSymmetryOf A1 order 50 pv A9 info move J1 visits 1 edgeVisits 1 utility -1.19301 winrate 0.0017308 scoreMean -10.3577 scoreStdev 4.81114 scoreLead -10.3577 scoreSelfplay -10.3811 prior 4.1021e-05 lcb -1.24827 utilityLcb -4.69301 weight 6.96162 isSymmetryOf A1 order 51 pv J1 info move J9 visits 1 edgeVisits 1 utility -1.19301 winrate 0.0017308 scoreMean -10.3577 scoreStdev 4.81114 scoreLead -10.3577 scoreSelfplay -10.3811 prior 4.1021e-05 lcb -1.24827 utilityLcb -4.69301 weight 6.96162 isSymmetryOf A1 order 52 pv J9 info move A3 visits 1 edgeVisits 1 utility -1.13637 winrate 0.00875617 scoreMean -7.49644 scoreStdev 5.08795 scoreLead -7.49644 scoreSelfplay -7.86374 prior 3.7335e-05 lcb -1.24124 utilityLcb -4.63637 weight 6.25969 order 53 pv A3 info move A7 visits 1 edgeVisits 1 utility -1.13637 winrate 0.00875617 scoreMean -7.49644 scoreStdev 5.08795 scoreLead -7.49644 scoreSelfplay -7.86374 prior 3.7335e-05 lcb -1.24124 utilityLcb -4.63637 weight 6.25969 isSymmetryOf A3 order 54 pv A7 info move J3 visits 1 edgeVisits 1 utility -1.13637 winrate 0.00875617 scoreMean -7.49644 scoreStdev 5.08795 scoreLead -7.49644 scoreSelfplay -7.86374 prior 3.7335e-05 lcb -1.24124 utilityLcb -4.63637 weight 6.25969 isSymmetryOf A3 order 55 pv J3 info move J7 visits 1 edgeVisits 1 utility -1.13637 winrate 0.00875617 scoreMean -7.49644 scoreStdev 5.08795 scoreLead -7.49644 scoreSelfplay -7.86374 prior 3.7335e-05 lcb -1.24124 utilityLcb -4.63637 weight 6.25969 isSymmetryOf A3 order 56 pv J7 info move G9 visits 1 edgeVisits 1 utility -1.13637 winrate 0.00875617 scoreMean -7.49644 scoreStdev 5.08795 scoreLead -7.49644 scoreSelfplay -7.86374 prior 3.7335e-05 lcb -1.24124 utilityLcb -4.63637 weight 6.25969 isSymmetryOf A3 order 57 pv G9 info move C9 visits 1 edgeVisits 1 utility -1.13637 winrate 0.00875617 scoreMean -7.49644 scoreStdev 5.08795 scoreLead -7.49644 scoreSelfplay -7.86374 prior 3.7335e-05 lcb -1.24124 utilityLcb -4.63637 weight 6.25969 isSymmetryOf A3 order 58 pv C9 info move G1 visits 1 edgeVisits 1 utility -1.13637 winrate 0.00875617 scoreMean -7.49644 scoreStdev 5.08795 scoreLead -7.49644 scoreSelfplay -7.86374 prior 3.7335e-05 lcb -1.24124 utilityLcb -4.63637 weight 6.25969 isSymmetryOf A3 order 59 pv G1 info move C1 visits 1 edgeVisits 1 utility -1.13637 winrate 0.00875617 scoreMean -7.49644 scoreStdev 5.08795 scoreLead -7.49644 scoreSelfplay -7.86374 prior 3.7335e-05 lcb -1.24124 utilityLcb -4.63637 weight 6.25969 isSymmetryOf A3 order 60 pv C1 info move A5 visits 1 edgeVisits 1 utility -1.11959 winrate 0.0128789 scoreMean -6.90794 scoreStdev 5.35471 scoreLead -6.90794 scoreSelfplay -7.50268 prior 3.70804e-05 lcb -1.23712 utilityLcb -4.61959 weight 6.04243 order 61 pv A5 info move J5 visits 1 edgeVisits 1 utility -1.11959 winrate 0.0128789 scoreMean -6.90794 scoreStdev 5.35471 scoreLead -6.90794 scoreSelfplay -7.50268 prior 3.70804e-05 lcb -1.23712 utilityLcb -4.61959 weight 6.04243 isSymmetryOf A5 order 62 pv J5 info move E9 visits 1 edgeVisits 1 utility -1.11959 winrate 0.0128789 scoreMean -6.90794 scoreStdev 5.35471 scoreLead -6.90794 scoreSelfplay -7.50268 prior 3.70804e-05 lcb -1.23712 utilityLcb -4.61959 weight 6.04243 isSymmetryOf A5 order 63 pv E9 info move E1 visits 1 edgeVisits 1 utility -1.11959 winrate 0.0128789 scoreMean -6.90794 scoreStdev 5.35471 scoreLead -6.90794 scoreSelfplay -7.50268 prior 3.70804e-05 lcb -1.23712 utilityLcb -4.61959 weight 6.04243 isSymmetryOf A5 order 64 pv E1 info move A2 visits 1 edgeVisits 1 utility -1.15083 winrate 0.00715513 scoreMean -8.00681 scoreStdev 5.09541 scoreLead -8.00681 scoreSelfplay -8.51093 prior 3.63702e-05 lcb -1.24284 utilityLcb -4.65083 weight 6.34197 order 65 pv A2 info move A8 visits 1 edgeVisits 1 utility -1.15083 winrate 0.00715513 scoreMean -8.00681 scoreStdev 5.09541 scoreLead -8.00681 scoreSelfplay -8.51093 prior 3.63702e-05 lcb -1.24284 utilityLcb -4.65083 weight 6.34197 isSymmetryOf A2 order 66 pv A8 info move J2 visits 1 edgeVisits 1 utility -1.15083 winrate 0.00715513 scoreMean -8.00681 scoreStdev 5.09541 scoreLead -8.00681 scoreSelfplay -8.51093 prior 3.63702e-05 lcb -1.24284 utilityLcb -4.65083 weight 6.34197 isSymmetryOf A2 order 67 pv J2 info move J8 visits 1 edgeVisits 1 utility -1.15083 winrate 0.00715513 scoreMean -8.00681 scoreStdev 5.09541 scoreLead -8.00681 scoreSelfplay -8.51093 prior 3.63702e-05 lcb -1.24284 utilityLcb -4.65083 weight 6.34197 isSymmetryOf A2 order 68 pv J8 info move H9 visits 1 edgeVisits 1 utility -1.15083 winrate 0.00715513 scoreMean -8.00681 scoreStdev 5.09541 scoreLead -8.00681 scoreSelfplay -8.51093 prior 3.63702e-05 lcb -1.24284 utilityLcb -4.65083 weight 6.34197 isSymmetryOf A2 order 69 pv H9 info move B9 visits 1 edgeVisits 1 utility -1.15083 winrate 0.00715513 scoreMean -8.00681 scoreStdev 5.09541 scoreLead -8.00681 scoreSelfplay -8.51093 prior 3.63702e-05 lcb -1.24284 utilityLcb -4.65083 weight 6.34197 isSymmetryOf A2 order 70 pv B9 info move H1 visits 1 edgeVisits 1 utility -1.15083 winrate 0.00715513 scoreMean -8.00681 scoreStdev 5.09541 scoreLead -8.00681 scoreSelfplay -8.51093 prior 3.63702e-05 lcb -1.24284 utilityLcb -4.65083 weight 6.34197 isSymmetryOf A2 order 71 pv H1 info move B1 visits 1 edgeVisits 1 utility -1.15083 winrate 0.00715513 scoreMean -8.00681 scoreStdev 5.09541 scoreLead -8.00681 scoreSelfplay -8.51093 prior 3.63702e-05 lcb -1.24284 utilityLcb -4.65083 weight 6.34197 isSymmetryOf A2 order 72 pv B1 info move A4 visits 1 edgeVisits 1 utility -1.12638 winrate 0.0110415 scoreMean -7.072 scoreStdev 5.25723 scoreLead -7.072 scoreSelfplay -7.63358 prior 3.18866e-05 lcb -1.23896 utilityLcb -4.62638 weight 6.14781 order 73 pv A4 info move A6 visits 1 edgeVisits 1 utility -1.12638 winrate 0.0110415 scoreMean -7.072 scoreStdev 5.25723 scoreLead -7.072 scoreSelfplay -7.63358 prior 3.18866e-05 lcb -1.23896 utilityLcb -4.62638 weight 6.14781 isSymmetryOf A4 order 74 pv A6 info move J4 visits 1 edgeVisits 1 utility -1.12638 winrate 0.0110415 scoreMean -7.072 scoreStdev 5.25723 scoreLead -7.072 scoreSelfplay -7.63358 prior 3.18866e-05 lcb -1.23896 utilityLcb -4.62638 weight 6.14781 isSymmetryOf A4 order 75 pv J4 info move J6 visits 1 edgeVisits 1 utility -1.12638 winrate 0.0110415 scoreMean -7.072 scoreStdev 5.25723 scoreLead -7.072 scoreSelfplay -7.63358 prior 3.18866e-05 lcb -1.23896 utilityLcb -4.62638 weight 6.14781 isSymmetryOf A4 order 76 pv J6 info move F9 visits 1 edgeVisits 1 utility -1.12638 winrate 0.0110415 scoreMean -7.072 scoreStdev 5.25723 scoreLead -7.072 scoreSelfplay -7.63358 prior 3.18866e-05 lcb -1.23896 utilityLcb -4.62638 weight 6.14781 isSymmetryOf A4 order 77 pv F9 info move D9 visits 1 edgeVisits 1 utility -1.12638 winrate 0.0110415 scoreMean -7.072 scoreStdev 5.25723 scoreLead -7.072 scoreSelfplay -7.63358 prior 3.18866e-05 lcb -1.23896 utilityLcb -4.62638 weight 6.14781 isSymmetryOf A4 order 78 pv D9 info move F1 visits 1 edgeVisits 1 utility -1.12638 winrate 0.0110415 scoreMean -7.072 scoreStdev 5.25723 scoreLead -7.072 scoreSelfplay -7.63358 prior 3.18866e-05 lcb -1.23896 utilityLcb -4.62638 weight 6.14781 isSymmetryOf A4 order 79 pv F1 info move D1 visits 1 edgeVisits 1 utility -1.12638 winrate 0.0110415 scoreMean -7.072 scoreStdev 5.25723 scoreLead -7.072 scoreSelfplay -7.63358 prior 3.18866e-05 lcb -1.23896 utilityLcb -4.62638 weight 6.14781 isSymmetryOf A4 order 80 pv D1 rootInfo visits 30 utility -0.797779 winrate 0.117281 scoreMean -0.963718 scoreStdev 8.47661 scoreLead -0.963718 scoreSelfplay -2.49149 weight 42.9204 rawStWrError 0.182226 rawStScoreError 0.57461 rawVarTimeLeft 5.18407
play C5

=
info move G6 visits 15 edgeVisits 15 utility 0.778595 winrate 0.881085 scoreMean 1.2077 scoreStdev 8.32771 scoreLead 1.2077 scoreSelfplay 2.53515 prior 0.202556 lcb 0.852708 utilityLcb 0.699141 weight 26.7534 order 0 pv G6 F3 D4 G4 D7 C7 E2 info move G4 visits 15 edgeVisits 15 utility 0.778595 winrate 0.881085 scoreMean 1.2077 scoreStdev 8.32771 scoreLead 1.2077 scoreSelfplay 2.53515 prior 0.202556 lcb 0.852708 utilityLcb 0.699141 weight 26.7534 isSymmetryOf G6 order 1 pv G4 F7 D6 G6 D3 C3 E8 info move C6 visits 13 edgeVisits 13 utility 0.739179 winrate 0.874205 scoreMean 0.962769 scoreStdev 8.34087 scoreLead 0.962769 scoreSelfplay 2.36581 prior 0.262083 lcb 0.835178 utilityLcb 0.629904 weight 19.5336 order 2 pv C6 G6 F7 B6 C7 D5 E4 info move C4 visits 13 edgeVisits 13 utility 0.739179 winrate 0.874205 scoreMean 0.962769 scoreStdev 8.34087 scoreLead 0.962769 scoreSelfplay 2.36581 prior 0.262083 lcb 0.835178 utilityLcb 0.629904 weight 19.5336 isSymmetryOf C6 order 3 pv C4 G4 F3 B4 C3 D5 E6 info move G5 visits 1 edgeVisits 1 utility 0.652758 winrate 0.831853 scoreMean 0.396666 scoreStdev 7.80371 scoreLead 0.396666 scoreSelfplay 1.18345 prior 0.0254675 lcb -0.418147 utilityLcb -2.84724 weight 1.24616 order 4 pv G5 rootInfo visits 30 utility 0.767622 winrate 0.879586 scoreMean 1.1062 scoreStdev 8.34242 scoreLead 1.1062 scoreSelfplay 2.48427 weight 49.5415 rawStWrError 0.0713845 rawStScoreError 0.691756 rawVarTimeLeft 4.91335
play G6

