= Q16

= D16

= R4

= D4

= F17

= F16

= G16

= E17

= F18

= F15

= symmetry 0
whiteWin 0.499224
whiteLoss 0.500756
noResult 0.000020
whiteScore 1.096
whiteScoreSq 1848.706
shorttermWinlossError 0.236
shorttermScoreError 2.792
policy
0.000001 0.000001 0.002208 0.001345 0.000117 0.000027 0.000003 0.000001 0.000001 0.000001 0.000000 0.000000 0.000000 0.000000 0.000000 0.000000 0.000000 0.000000 0.000001 
0.000000 0.000003 0.002994 0.038467 0.082260     NAN 0.000025 0.000473 0.000127 0.000084 0.000018 0.000007 0.000004 0.000002 0.000005 0.000006 0.000005 0.000001 0.000000 
0.000000 0.000094 0.028775 0.000477     NAN     NAN 0.002694 0.049997 0.030039 0.054640 0.018702 0.004236 0.002595 0.001590 0.000032 0.000027 0.000154 0.000003 0.000000 
0.000000 0.001098 0.000747     NAN 0.000036     NAN     NAN 0.037287 0.020961 0.057130 0.011998 0.003401 0.000802 0.000157 0.000003     NAN 0.000010 0.000001 0.000000 
0.000000 0.000488 0.006363 0.000456 0.000558     NAN 0.434471 0.002989 0.001430 0.000802 0.000110 0.000044 0.000019 0.000007 0.000004 0.000002 0.000009 0.000001 0.000000 
0.000000 0.000064 0.023434 0.004073 0.000207 0.000111 0.000611 0.000734 0.000040 0.000016 0.000005 0.000004 0.000003 0.000002 0.000004 0.000040 0.000296 0.000001 0.000000 
0.000000 0.000008 0.004663 0.002380 0.000060 0.000052 0.000035 0.000015 0.000003 0.000003 0.000001 0.000001 0.000001 0.000001 0.000004 0.000078 0.000203 0.000000 0.000000 
0.000000 0.000004 0.001453 0.000794 0.000013 0.000008 0.000003 0.000002 0.000001 0.000002 0.000001 0.000001 0.000001 0.000001 0.000002 0.000025 0.000049 0.000000 0.000000 
0.000000 0.000003 0.001848 0.000537 0.000005 0.000001 0.000001 0.000001 0.000001 0.000003 0.000001 0.000001 0.000001 0.000001 0.000003 0.000063 0.000120 0.000000 0.000000 
0.000000 0.000006 0.007724 0.008908 0.000027 0.000002 0.000001 0.000002 0.000003 0.000164 0.000003 0.000001 0.000001 0.000002 0.000018 0.003111 0.001190 0.000001 0.000000 
0.000000 0.000002 0.000778 0.000176 0.000003 0.000001 0.000000 0.000001 0.000001 0.000004 0.000001 0.000000 0.000000 0.000001 0.000002 0.000073 0.000082 0.000000 0.000000 
0.000000 0.000001 0.000106 0.000027 0.000001 0.000001 0.000001 0.000001 0.000000 0.000001 0.000000 0.000000 0.000000 0.000001 0.000001 0.000024 0.000023 0.000001 0.000000 
0.000000 0.000001 0.000461 0.000123 0.000003 0.000001 0.000001 0.000000 0.000000 0.000001 0.000000 0.000000 0.000001 0.000001 0.000002 0.000034 0.000056 0.000001 0.000000 
0.000000 0.000006 0.010172 0.000907 0.000012 0.000003 0.000001 0.000000 0.000000 0.000001 0.000000 0.000000 0.000001 0.000001 0.000003 0.000023 0.000004 0.000001 0.000000 
0.000000 0.000011 0.000302 0.000030 0.000027 0.000014 0.000002 0.000001 0.000001 0.000003 0.000001 0.000001 0.000002 0.000009 0.000020 0.000003 0.000002 0.000000 0.000000 
0.000000 0.000074 0.000093     NAN 0.000019 0.000642 0.000082 0.000015 0.000029 0.000796 0.000052 0.000021 0.000077 0.001144 0.000509 0.000002     NAN 0.000000 0.000000 
0.000000 0.000003 0.001183 0.000046 0.000192 0.006947 0.000201 0.000024 0.000061 0.000396 0.000111 0.000048 0.000128 0.002390 0.004161 0.000020 0.000001 0.000000 0.000000 
0.000000 0.000001 0.000002 0.000036 0.000004 0.000005 0.000001 0.000001 0.000000 0.000000 0.000000 0.000000 0.000001 0.000002 0.000004 0.000002 0.000001 0.000001 0.000000 
0.000001 0.000000 0.000000 0.000000 0.000000 0.000000 0.000000 0.000000 0.000000 0.000000 0.000000 0.000000 0.000000 0.000000 0.000000 0.000000 0.000000 0.000000 0.000001 
policyPass 0.000000 
whiteOwnership
0.4155353 0.3696769 0.2815131 0.1900573 -0.1753800 -0.4094398 -0.6209893 -0.6417088 -0.5651689 -0.4388713 -0.2548167 -0.1317099 -0.1095035 -0.1671749 -0.2367230 -0.2254049 -0.2601603 -0.2643764 -0.2714953 
0.4473780 0.4813355 0.4948705 0.4774445 0.2739240 -0.8359877 -0.6757181 -0.6736231 -0.5478991 -0.4318533 -0.2615652 -0.1440828 -0.1217728 -0.1537849 -0.3085016 -0.2974232 -0.2938061 -0.2630934 -0.2506747 
0.4664935 0.5207927 0.6184494 0.6401588 0.9092107 -0.7802720 -0.7280831 -0.6374202 -0.5469493 -0.4522436 -0.2844543 -0.1845607 -0.1331962 -0.1996370 -0.4391096 -0.5047284 -0.3725984 -0.2855498 -0.2404618 
0.4396352 0.5528386 0.6410852 0.9414484 0.8917410 0.9158458 -0.8063890 -0.5961253 -0.4443129 -0.3623016 -0.2167160 -0.1362963 -0.1075596 -0.2168037 -0.3864816 -0.8979781 -0.4943486 -0.2930444 -0.2306593 
0.3717838 0.4344997 0.5746098 0.6522105 0.7244901 0.8720271 -0.2740528 -0.2622897 -0.2848921 -0.2204472 -0.1353678 -0.0979828 -0.0786159 -0.1346569 -0.2839419 -0.3879138 -0.4823426 -0.3032181 -0.2464399 
0.2615816 0.3100929 0.3715423 0.5001545 0.5527236 0.4247029 0.1549608 -0.1269593 -0.1374662 -0.0821430 -0.0433448 -0.0096954 -0.0013693 -0.0518953 -0.1457207 -0.2407837 -0.2126704 -0.1930934 -0.2084284 
0.1367204 0.1667093 0.2693453 0.3519703 0.3708360 0.2965878 0.1225225 -0.0234853 -0.0478999 -0.0123498 0.0011155 0.0011154 -0.0118924 -0.0207141 -0.0773808 -0.1207121 -0.1652886 -0.1102997 -0.1103939 
0.0609313 0.0949532 0.1668370 0.2314007 0.2649557 0.2347242 0.1271007 0.0236633 0.0044710 0.0084666 0.0026877 -0.0060151 -0.0209784 -0.0079644 -0.0547526 -0.0757541 -0.1013941 -0.0553888 0.0017659 
0.0102769 0.0583042 0.0854026 0.1146625 0.1457074 0.1293887 0.0781970 0.0266735 0.0170466 0.0095668 0.0012017 -0.0042617 -0.0130281 0.0166873 0.0093164 -0.0151839 -0.0348787 -0.0006206 0.0450272 
-0.0185656 0.0272574 0.0171030 0.1056884 0.0576996 0.0567289 0.0324710 -0.0038309 0.0058211 0.0187521 0.0038381 -0.0077754 -0.0097324 0.0130297 -0.0116070 -0.0641703 -0.0386615 -0.0464904 0.0112478 
-0.0248678 0.0305989 0.0371316 0.0400034 0.0577425 0.0359265 0.0152640 -0.0069519 -0.0085953 -0.0025889 -0.0201773 -0.0094110 -0.0167429 0.0057273 -0.0048403 -0.0570351 -0.0740053 -0.0690044 -0.0155410 
-0.0206403 0.0146332 0.0900901 0.0775178 0.0623617 0.0339924 0.0120822 -0.0125111 -0.0258958 -0.0146960 -0.0218435 -0.0213321 -0.0277789 -0.0068091 -0.0295123 -0.1116886 -0.1488980 -0.1486665 -0.0959240 
0.0218466 0.0316988 0.1345949 0.1445365 0.1152770 0.0634994 0.0302979 0.0064571 -0.0130457 0.0003335 -0.0190576 -0.0289061 -0.0337194 -0.0019211 -0.0172953 -0.1456545 -0.2145088 -0.2199463 -0.2099007 
0.0989757 0.0759431 0.1468505 0.2483785 0.1840122 0.0969942 0.0585573 0.0298548 0.0064130 0.0105858 -0.0056225 -0.0115019 -0.0052128 0.0227935 -0.0141740 -0.2066112 -0.2886329 -0.3258041 -0.3169225 
0.1277693 0.1732771 0.3224343 0.3672445 0.2724508 0.1745452 0.1108654 0.0653767 0.0338147 0.0227875 0.0255355 0.0392892 0.0345255 0.0187026 -0.0698476 -0.2511123 -0.4063444 -0.5141095 -0.4526953 
0.1409549 0.2047313 0.4245843 0.8886552 0.3618627 0.1954372 0.1442102 0.0666028 0.0218711 0.0162352 0.0171299 0.0455226 0.0319470 0.0191151 -0.0864352 -0.3331135 -0.9059667 -0.6710278 -0.5559133 
0.1362792 0.1928288 0.2793423 0.4063523 0.3628682 0.1135220 0.1608171 0.0874655 0.0204557 -0.0077769 0.0106358 0.0654141 0.0174186 -0.0630020 -0.1776439 -0.4049853 -0.5224710 -0.6059402 -0.5735478 
0.1770236 0.1554242 0.2165250 0.2195029 0.1889414 0.0994373 0.0711870 0.0340934 0.0124146 -0.0081545 -0.0024325 0.0298422 0.0139124 -0.0804225 -0.1732637 -0.3271866 -0.4675708 -0.5339935 -0.5649583 
0.2077613 0.1772596 0.1668947 0.1635334 0.1685558 0.1211112 0.0785342 0.0311371 -0.0008517 -0.0074014 0.0138974 0.0323406 0.0128332 -0.0684398 -0.1545313 -0.3148759 -0.4033104 -0.4870592 -0.5389022

= {"allowResignation":"true","analysisIgnorePreRootHistory":"false","analysisWideRootNoise":"0.04","antiMirror":"false","chosenMovePrune":0.0,"chosenMoveSubtract":0.0,"chosenMoveTemperature":0.7,"chosenMoveTemperatureEarly":0.85,"chosenMoveTemperatureHalflife":80.0,"chosenMoveTemperatureOnlyBelowProb":0.01,"conservativePass":true,"cpuctExploration":1.0,"cpuctExplorationBase":500.0,"cpuctExplorationLog":0.45,"cpuctUtilityStdevPrior":0.4,"cpuctUtilityStdevPriorWeight":2.0,"cpuctUtilityStdevScale":0.85,"delayMoveMax":"10","delayMoveScale":"2","drawEquivalentWinsForWhite":0.5,"dynamicScoreCenterScale":0.75,"dynamicScoreCenterZeroWeight":0.2,"dynamicScoreUtilityFactor":0.0,"enableMorePassingHacks":true,"enablePassingHacks":true,"endgameTurnTimeDecay":100.0,"fillDameBeforePass":true,"fpuLossProp":0.0,"fpuParentWeight":0.0,"fpuParentWeightByVisitedPolicy":true,"fpuParentWeightByVisitedPolicyPow":2.0,"fpuReductionMax":0.2,"futileVisitsThreshold":0.0,"genmoveAntiMirror":"true","graphSearchCatchUpLeakProb":0.0,"graphSearchRepBound":11,"humanSLChosenMoveIgnorePass":true,"humanSLChosenMovePiklLambda":100000000.0,"humanSLChosenMoveProp":1.0,"humanSLCpuctExploration":0.5,"humanSLCpuctPermanent":0.2,"humanSLOppExploreProbWeightful":0.0,"humanSLOppExploreProbWeightless":0.0,"humanSLPlaExploreProbWeightful":0.0,"humanSLPlaExploreProbWeightless":0.0,"humanSLProfile":"preaz_12k","humanSLRootExploreProbWeightful":0.0,"humanSLRootExploreProbWeightless":0.0,"ignoreAllHistory":false,"ignorePreRootHistory":false,"lagBuffer":1.0,"lcbStdevs":5.0,"maxPlayouts":1125899906842624,"maxPlayoutsPondering":1125899906842624,"maxTime":1e+20,"maxTimePondering":1e+20,"maxVisits":40,"maxVisitsPondering":1125899906842624,"midgameTimeFactor":1.0,"midgameTurnPeakTime":130.0,"minPlayoutsPerThread":8.0,"minVisitPropForLCB":0.15,"nnPolicyTemperature":1.0,"noResultUtilityForWhite":0.0,"noisePruneUtilityScale":0.15,"noisePruningCap":1e+50,"numSearchThreads":1,"numVirtualLossesPerThread":1.0,"obviousMovesPolicyEntropyTolerance":0.3,"obviousMovesPolicySurpriseTolerance":0.15,"obviousMovesTimeFactor":1.0,"overallocateTimeFactor":1.0,"playoutDoublingAdvantage":0.0,"playoutDoublingAdvantagePla":"E","policyOptimism":1.0,"ponderingEnabled":"false","rootDesiredPerChildVisitsCoeff":0.0,"rootDirichletNoiseTotalConcentration":10.83,"rootDirichletNoiseWeight":0.25,"rootEndingBonusPoints":0.5,"rootFpuLossProp":0.0,"rootFpuReductionMax":0.1,"rootNoiseEnabled":false,"rootNumSymmetriesToSample":2,"rootPolicyOptimism":0.2,"rootPolicyTemperature":1.0,"rootPolicyTemperatureEarly":1.0,"rootPruneUselessMoves":true,"rootSymmetryPruning":true,"searchFactorAfterOnePass":1.0,"searchFactorAfterTwoPass":1.0,"staticScoreUtilityFactor":0.3,"subtreeValueBiasFactor":0.0,"subtreeValueBiasFreeProp":0.8,"subtreeValueBiasTableNumShards":65536,"subtreeValueBiasWeightExponent":0.85,"treeReuseCarryOverTimeFactor":0.0,"uncertaintyCoeff":0.25,"uncertaintyExponent":1.0,"uncertaintyMaxWeight":8.0,"useGraphSearch":true,"useLcbForSelection":false,"useNoisePruning":false,"useNonBuggyLcb":true,"useUncertainty":false,"valueWeightExponent":0.25,"wideRootNoise":0.0,"winLossUtilityFactor":1.0}

= preaz_12k

= 

= E18

= C17

= G15

= G14

= H14

= H13

= J13

= G13

= preaz_5d

