= 

=
info move K16 visits 4 edgeVisits 4 utility 0.247966 winrate 0.619888 scoreMean 1.40082 scoreStdev 16.5329 scoreLead 1.40082 scoreSelfplay 1.86354 prior 0.254037 lcb 0.424396 utilityLcb -0.260313 weight 4 order 0 pv K16 F9 F7 info move J15 visits 5 edgeVisits 5 utility 0.258275 winrate 0.624521 scoreMean 1.51188 scoreStdev 16.9376 scoreLead 1.51188 scoreSelfplay 2.11738 prior 0.193847 lcb 0.459291 utilityLcb -0.171322 weight 5 order 1 pv J15 F9 F7 info move Q4 visits 11 edgeVisits 0 utility -0.0977758 winrate 0.453528 scoreMean -0.671843 scoreStdev 17.2529 scoreLead -0.671843 scoreSelfplay -1.12577 prior 0.020718 lcb -4.54647 utilityLcb -13 weight 11 order 2 pv Q4 J16 H17 R6 info move R7 visits 4 edgeVisits 0 utility 0.0143782 winrate 0.507562 scoreMean -0.0125255 scoreStdev 16.4174 scoreLead -0.0125255 scoreSelfplay -0.18366 prior 0.089296 lcb -4.49244 utilityLcb -13 weight 4 order 3 pv R7 R8 Q7 info move S3 visits 2 edgeVisits 0 utility -0.1462 winrate 0.430539 scoreMean -1.18351 scoreStdev 16.9409 scoreLead -1.18351 scoreSelfplay -1.70271 prior 0.0087469 lcb -4.56946 utilityLcb -13 weight 2 order 4 pv S3 F9 info move S4 visits 1 edgeVisits 0 utility -0.773001 winrate 0.130382 scoreMean -7.63865 scoreStdev 18.7115 scoreLead -7.63865 scoreSelfplay -8.00419 prior 1.67205e-05 lcb -4.86962 utilityLcb -13 weight 1 order 5 pv S4 info move R6 visits 1 edgeVisits 0 utility -0.28977 winrate 0.360336 scoreMean -1.68087 scoreStdev 17.8693 scoreLead -1.68087 scoreSelfplay -2.43098 prior 0.00170609 lcb -4.63966 utilityLcb -13 weight 1 order 6 pv R6 info move R8 visits 1 edgeVisits 0 utility -0.209896 winrate 0.398604 scoreMean -1.06064 scoreStdev 17.5837 scoreLead -1.06064 scoreSelfplay -1.64732 prior 0.0620212 lcb -4.6014 utilityLcb -13 weight 1 order 7 pv R8
play Q4

