=
info move E5 visits 477 edgeVisits 477 utility -0.79485 winrate 0.107432 scoreMean -0.763292 scoreStdev 7.67943 scoreLead -0.763292 scoreSelfplay -1.87301 prior 0.581599 lcb 0.102051 utilityLcb -0.809914 weight 792.941 order 0 pv E5 E3 C4 D7 F7 C6 F3 F2 G3 E4 F5 D5 D2 E2 info move F5 visits 21 edgeVisits 21 utility -0.82124 winrate 0.0996263 scoreMean -0.597561 scoreStdev 6.90606 scoreLead -0.597561 scoreSelfplay -1.73745 prior 0.0861834 lcb 0.0857549 utilityLcb -0.86008 weight 39.1572 order 1 pv F5 D5 E7 D3 C6 C5 B6 H5 G5 info move D5 visits 21 edgeVisits 21 utility -0.82124 winrate 0.0996263 scoreMean -0.597561 scoreStdev 6.90606 scoreLead -0.597561 scoreSelfplay -1.73745 prior 0.0861834 lcb 0.0857549 utilityLcb -0.86008 weight 39.1572 isSymmetryOf F5 order 2 pv D5 F5 E7 F3 G6 G5 H6 B5 C5 info move E4 visits 21 edgeVisits 21 utility -0.82124 winrate 0.0996263 scoreMean -0.597561 scoreStdev 6.90606 scoreLead -0.597561 scoreSelfplay -1.73745 prior 0.0861834 lcb 0.0857549 utilityLcb -0.86008 weight 39.1572 isSymmetryOf F5 order 3 pv E4 E6 C5 G6 D7 E7 D8 E2 E3 info move E6 visits 21 edgeVisits 21 utility -0.82124 winrate 0.0996263 scoreMean -0.597561 scoreStdev 6.90606 scoreLead -0.597561 scoreSelfplay -1.73745 prior 0.0861834 lcb 0.0857549 utilityLcb -0.86008 weight 39.1572 isSymmetryOf F5 order 4 pv E6 E4 C5 G4 D3 E3 D2 E8 E7 info move F6 visits 1 edgeVisits 1 utility -0.830139 winrate 0.087931 scoreMean -0.278949 scoreStdev 5.08667 scoreLead -0.278949 scoreSelfplay -1.55001 prior 0.0072458 lcb -1.16207 utilityLcb -4.33014 weight 2.30514 order 5 pv F6 info move F4 visits 1 edgeVisits 1 utility -0.830139 winrate 0.087931 scoreMean -0.278949 scoreStdev 5.08667 scoreLead -0.278949 scoreSelfplay -1.55001 prior 0.0072458 lcb -1.16207 utilityLcb -4.33014 weight 2.30514 isSymmetryOf F6 order 6 pv F4 info move D6 visits 1 edgeVisits 1 utility -0.830139 winrate 0.087931 scoreMean -0.278949 scoreStdev 5.08667 scoreLead -0.278949 scoreSelfplay -1.55001 prior 0.0072458 lcb -1.16207 utilityLcb -4.33014 weight 2.30514 isSymmetryOf F6 order 7 pv D6 info move D4 visits 1 edgeVisits 1 utility -0.830139 winrate 0.087931 scoreMean -0.278949 scoreStdev 5.08667 scoreLead -0.278949 scoreSelfplay -1.55001 prior 0.0072458 lcb -1.16207 utilityLcb -4.33014 weight 2.30514 isSymmetryOf F6 order 8 pv D4
play E5

=
info move E5 visits 477 edgeVisits 477 utility -0.794549 winrate 0.10743 scoreMean -0.763256 scoreStdev 7.67945 scoreLead -0.763256 scoreSelfplay -1.873 prior 0.581599 lcb 0.102098 utilityLcb -0.809478 weight 792.954 order 0 pv E5 E3 C4 D7 F7 C6 F3 F2 G3 E4 F5 D5 D2 E2 info move F5 visits 21 edgeVisits 21 utility -0.821519 winrate 0.0996262 scoreMean -0.597564 scoreStdev 6.90605 scoreLead -0.597564 scoreSelfplay -1.73745 prior 0.0861834 lcb 0.0857539 utilityLcb -0.860361 weight 39.1575 order 1 pv F5 D5 E7 D3 C6 C5 B6 H5 G5 info move D5 visits 21 edgeVisits 21 utility -0.821519 winrate 0.0996262 scoreMean -0.597564 scoreStdev 6.90605 scoreLead -0.597564 scoreSelfplay -1.73745 prior 0.0861834 lcb 0.0857539 utilityLcb -0.860361 weight 39.1575 isSymmetryOf F5 order 2 pv D5 F5 E7 F3 G6 G5 H6 B5 C5 info move E4 visits 21 edgeVisits 21 utility -0.821519 winrate 0.0996262 scoreMean -0.597564 scoreStdev 6.90605 scoreLead -0.597564 scoreSelfplay -1.73745 prior 0.0861834 lcb 0.0857539 utilityLcb -0.860361 weight 39.1575 isSymmetryOf F5 order 3 pv E4 E6 C5 G6 D7 E7 D8 E2 E3 info move E6 visits 21 edgeVisits 21 utility -0.821519 winrate 0.0996262 scoreMean -0.597564 scoreStdev 6.90605 scoreLead -0.597564 scoreSelfplay -1.73745 prior 0.0861834 lcb 0.0857539 utilityLcb -0.860361 weight 39.1575 isSymmetryOf F5 order 4 pv E6 E4 C5 G4 D3 E3 D2 E8 E7 info move F6 visits 1 edgeVisits 1 utility -0.830447 winrate 0.087931 scoreMean -0.278949 scoreStdev 5.08667 scoreLead -0.278949 scoreSelfplay -1.55001 prior 0.0072458 lcb -1.16207 utilityLcb -4.33045 weight 2.30514 order 5 pv F6 info move F4 visits 1 edgeVisits 1 utility -0.830447 winrate 0.087931 scoreMean -0.278949 scoreStdev 5.08667 scoreLead -0.278949 scoreSelfplay -1.55001 prior 0.0072458 lcb -1.16207 utilityLcb -4.33045 weight 2.30514 isSymmetryOf F6 order 6 pv F4 info move D6 visits 1 edgeVisits 1 utility -0.830447 winrate 0.087931 scoreMean -0.278949 scoreStdev 5.08667 scoreLead -0.278949 scoreSelfplay -1.55001 prior 0.0072458 lcb -1.16207 utilityLcb -4.33045 weight 2.30514 isSymmetryOf F6 order 7 pv D6 info move D4 visits 1 edgeVisits 1 utility -0.830447 winrate 0.087931 scoreMean -0.278949 scoreStdev 5.08667 scoreLead -0.278949 scoreSelfplay -1.55001 prior 0.0072458 lcb -1.16207 utilityLcb -4.33045 weight 2.30514 isSymmetryOf F6 order 8 pv D4
play E5

= 

=
play cancelled

= cancelled

