{"field":"overrideSettings","id":"badoverride","warning":"Unknown config params: sldjfslkjf"}
{"field":"boardxsize","id":"badfield","warning":"Unexpected or unused field, do you have a typo? (set warnUnusedFields=false in the config to disable this warning)"}
{"field":"myUnusedField","id":"badfield","warning":"Unexpected or unused field, do you have a typo? (set warnUnusedFields=false in the config to disable this warning)"}
{"id":"badoverride","isDuringSearch":false,"moveInfos":[{"edgeVisits":12,"edgeWeight":12.0,"lcb":0.483878468,"move":"Q3","order":0,"playSelectionValue":16.9792746,"prior":0.0899031013,"pv":["Q3","R16","D3","D17"],"scoreLead":0.24869496,"scoreMean":0.24869496,"scoreSelfplay":0.231772393,"scoreStdev":30.522158,"utility":0.00463528188,"utilityLcb":-0.0446151516,"visits":12,"weight":12.0,"winrate":0.501467909},{"edgeVisits":11,"edgeWeight":11.0,"lcb":0.477687297,"move":"Q17","order":1,"playSelectionValue":11.0,"prior":0.0873238966,"pv":["Q17","D3","C16","Q3","E16"],"scoreLead":0.267906608,"scoreMean":0.267906608,"scoreSelfplay":0.269242877,"scoreStdev":30.5407623,"utility":0.00712673566,"utilityLcb":-0.054871163,"visits":11,"weight":11.0,"winrate":0.499829404},{"edgeVisits":10,"edgeWeight":10.0,"lcb":0.472953266,"move":"D3","order":2,"playSelectionValue":10.0,"prior":0.0843424499,"pv":["D3","R16","C16","Q3","E16"],"scoreLead":0.289195712,"scoreMean":0.289195712,"scoreSelfplay":0.241001715,"scoreStdev":30.5160984,"utility":0.00272521778,"utilityLcb":-0.075044974,"visits":10,"weight":10.0,"winrate":0.500728334},{"edgeVisits":10,"edgeWeight":10.0,"lcb":0.473529064,"move":"R16","order":3,"playSelectionValue":10.0,"prior":0.0734471306,"pv":["R16","Q3","C4","D17"],"scoreLead":0.144895491,"scoreMean":0.144895491,"scoreSelfplay":0.162348368,"scoreStdev":30.5744449,"utility":0.00804900158,"utilityLcb":-0.0673758694,"visits":10,"weight":10.0,"winrate":0.500466517},{"edgeVisits":10,"edgeWeight":10.0,"lcb":0.470458104,"move":"C4","order":4,"playSelectionValue":9.0,"prior":0.0860488713,"pv":["C4","R16","C16","Q3","E16"],"scoreLead":0.0998761839,"scoreMean":0.0998761839,"scoreSelfplay":0.0564691904,"scoreStdev":30.4857206,"utility":-0.00169940118,"utilityLcb":-0.0756179666,"visits":10,"weight":10.0,"winrate":0.496857592},{"edgeVisits":9,"edgeWeight":9.0,"lcb":0.466307374,"move":"C16","order":5,"playSelectionValue":9.0,"prior":0.0821038634,"pv":["C16","R16","D3","Q3","E16"],"scoreLead":0.16102098,"scoreMean":0.16102098,"scoreSelfplay":0.170061533,"scoreStdev":30.5316889,"utility":0.00489606818,"utilityLcb":-0.0879980933,"visits":9,"weight":9.0,"winrate":0.49948386},{"edgeVisits":8,"edgeWeight":8.0,"lcb":0.457092505,"move":"R4","order":6,"playSelectionValue":8.0,"prior":0.0889597759,"pv":["R4","R16","D3","D17"],"scoreLead":0.0677873781,"scoreMean":0.0677873781,"scoreSelfplay":-0.0443902,"scoreStdev":30.5790582,"utility":-0.00446098243,"utilityLcb":-0.117473673,"visits":8,"weight":8.0,"winrate":0.49745418},{"edgeVisits":6,"edgeWeight":6.0,"lcb":0.419758541,"move":"D17","order":7,"playSelectionValue":6.0,"prior":0.0799530074,"pv":["D17","D3","Q3","Q17","Q5"],"scoreLead":-0.04040965,"scoreMean":-0.04040965,"scoreSelfplay":-0.10400076,"scoreStdev":30.6028168,"utility":-0.0110028046,"utilityLcb":-0.213986732,"visits":6,"weight":6.0,"winrate":0.492252801},{"edgeVisits":6,"edgeWeight":6.0,"lcb":0.422458782,"move":"Q4","order":8,"playSelectionValue":5.0,"prior":0.0582771599,"pv":["Q4","R16","D3","D17"],"scoreLead":0.0255545451,"scoreMean":0.0255545451,"scoreSelfplay":-0.142705304,"scoreStdev":30.5508824,"utility":-0.00916420494,"utilityLcb":-0.204922314,"visits":6,"weight":6.0,"winrate":0.492372392},{"edgeVisits":5,"edgeWeight":5.0,"lcb":0.396835302,"move":"D4","order":9,"playSelectionValue":5.0,"prior":0.0467306301,"pv":["D4","R16","C16"],"scoreLead":-0.0473357757,"scoreMean":-0.0473357757,"scoreSelfplay":-0.106457738,"scoreStdev":30.7063364,"utility":0.00246024399,"utilityLcb":-0.277876964,"visits":5,"weight":5.0,"winrate":0.496955733},{"edgeVisits":5,"edgeWeight":5.0,"lcb":0.387023478,"move":"D16","order":10,"playSelectionValue":3.0,"prior":0.0466033407,"pv":["D16","D3","Q17","Q3"],"scoreLead":-0.19181716,"scoreMean":-0.19181716,"scoreSelfplay":-0.320083902,"scoreStdev":30.6021121,"utility":-0.0118778566,"utilityLcb":-0.29690113,"visits":5,"weight":5.0,"winrate":0.488817504},{"edgeVisits":4,"edgeWeight":4.0,"lcb":0.338122802,"move":"Q16","order":11,"playSelectionValue":3.0,"prior":0.0390602089,"pv":["Q16","D3","D17"],"scoreLead":-0.119972439,"scoreMean":-0.119972439,"scoreSelfplay":-0.205469069,"scoreStdev":30.6880169,"utility":-0.00611946373,"utilityLcb":-0.437820689,"visits":4,"weight":4.0,"winrate":0.492301811},{"edgeVisits":3,"edgeWeight":3.0,"lcb":0.229665234,"move":"C3","order":12,"playSelectionValue":2.0,"prior":0.0324671939,"pv":["C3","R16","C16"],"scoreLead":-0.663747047,"scoreMean":-0.663747047,"scoreSelfplay":-0.48258091,"scoreStdev":30.7819074,"utility":-0.0138865528,"utilityLcb":-0.755016654,"visits":3,"weight":3.0,"winrate":0.494354556}],"rootInfo":{"currentPlayer":"B","rawLead":-0.0370621867,"rawNoResultProb":0.0,"rawScoreSelfplay":-0.502980053,"rawScoreSelfplayStdev":31.2235543,"rawStScoreError":-1.0,"rawStWrError":-0.5,"rawVarTimeLeft":-1.0,"rawWinrate":0.47251375,"scoreLead":0.111822432,"scoreSelfplay":0.0696327185,"scoreStdev":30.5695771,"symHash":"47E1EBDAE69A5DED3FF8DB1FA4E91845","thisHash":"47E1EBDAE69A5DED3FF8DB1FA4E91845","utility":-2.75512084e-05,"visits":100,"weight":100.0,"winrate":0.497650336},"turnNumber":0}
{"id":"badfield","isDuringSearch":false,"moveInfos":[{"edgeVisits":11,"edgeWeight":11.0,"lcb":0.479593078,"move":"Q17","order":0,"playSelectionValue":14.968867,"prior":0.0873238966,"pv":["Q17","Q3","C16","D3","E16"],"scoreLead":0.0820132276,"scoreMean":0.0820132276,"scoreSelfplay":0.165803992,"scoreStdev":30.6140595,"utility":0.00537401222,"utilityLcb":-0.0523772975,"visits":11,"weight":11.0,"winrate":0.500218546},{"edgeVisits":10,"edgeWeight":10.0,"lcb":0.473687496,"move":"Q3","order":1,"playSelectionValue":10.0,"prior":0.0899031013,"pv":["Q3","R16","D3","D17"],"scoreLead":0.30141864,"scoreMean":0.30141864,"scoreSelfplay":0.242031813,"scoreStdev":30.4932494,"utility":0.00527514204,"utilityLcb":-0.0700494496,"visits":10,"weight":10.0,"winrate":0.500589136},{"edgeVisits":10,"edgeWeight":10.0,"lcb":0.473006522,"move":"D3","order":2,"playSelectionValue":10.0,"prior":0.0843424499,"pv":["D3","R16","C16","Q3","E16"],"scoreLead":0.289198777,"scoreMean":0.289198777,"scoreSelfplay":0.241001413,"scoreStdev":30.5161003,"utility":0.00285047664,"utilityLcb":-0.0747707419,"visits":10,"weight":10.0,"winrate":0.500728386},{"edgeVisits":10,"edgeWeight":10.0,"lcb":0.468749363,"move":"C4","order":3,"playSelectionValue":9.0,"prior":0.0860488713,"pv":["C4","R16","C16","Q3","E16"],"scoreLead":0.0573616268,"scoreMean":0.0573616268,"scoreSelfplay":0.0413682153,"scoreStdev":30.5273678,"utility":-0.00123849833,"utilityLcb":-0.0818134936,"visits":10,"weight":10.0,"winrate":0.497526147},{"edgeVisits":11,"edgeWeight":11.0,"lcb":0.4756099,"move":"C16","order":4,"playSelectionValue":8.0,"prior":0.0821038634,"pv":["C16","R16","D3","Q3","E16"],"scoreLead":0.129437968,"scoreMean":0.129437968,"scoreSelfplay":0.127398358,"scoreStdev":30.5113243,"utility":-0.000687955297,"utilityLcb":-0.062672925,"visits":11,"weight":11.0,"winrate":0.497747389},{"edgeVisits":9,"edgeWeight":9.0,"lcb":0.464515534,"move":"R4","order":5,"playSelectionValue":8.0,"prior":0.0889597759,"pv":["R4","D3","C16","Q17","E16"],"scoreLead":-0.0213520252,"scoreMean":-0.0213520252,"scoreSelfplay":-0.0672287364,"scoreStdev":30.5970244,"utility":-0.00569166617,"utilityLcb":-0.095995184,"visits":9,"weight":9.0,"winrate":0.49676679},{"edgeVisits":7,"edgeWeight":7.0,"lcb":0.442275557,"move":"D17","order":6,"playSelectionValue":7.0,"prior":0.0799530074,"pv":["D17","D3","Q3","Q17","Q5"],"scoreLead":-0.0508908909,"scoreMean":-0.0508908909,"scoreSelfplay":-0.0613060816,"scoreStdev":30.6560658,"utility":-0.000701427735,"utilityLcb":-0.149811824,"visits":7,"weight":7.0,"winrate":0.49552927},{"edgeVisits":7,"edgeWeight":7.0,"lcb":0.446977525,"move":"R16","order":7,"playSelectionValue":7.0,"prior":0.0734471306,"pv":["R16","D3","C16","Q3","E16"],"scoreLead":0.00345108531,"scoreMean":0.00345108531,"scoreSelfplay":0.100399132,"scoreStdev":30.6137546,"utility":0.00484677165,"utilityLcb":-0.140951189,"visits":7,"weight":7.0,"winrate":0.499048226},{"edgeVisits":5,"edgeWeight":5.0,"lcb":0.393359495,"move":"Q4","order":8,"playSelectionValue":5.0,"prior":0.0582771599,"pv":["Q4","R16","D3"],"scoreLead":-0.0882545649,"scoreMean":-0.0882545649,"scoreSelfplay":-0.20393906,"scoreStdev":30.6626021,"utility":-0.00688715921,"utilityLcb":-0.285883078,"visits":5,"weight":5.0,"winrate":0.493000895},{"edgeVisits":5,"edgeWeight":5.0,"lcb":0.395491316,"move":"Q16","order":9,"playSelectionValue":4.0,"prior":0.0390602089,"pv":["Q16","R4","D3"],"scoreLead":-0.123193391,"scoreMean":-0.123193391,"scoreSelfplay":-0.153172943,"scoreStdev":30.6993162,"utility":0.00319175776,"utilityLcb":-0.27591818,"visits":5,"weight":5.0,"winrate":0.495173437},{"edgeVisits":4,"edgeWeight":4.0,"lcb":0.337995146,"move":"D4","order":10,"playSelectionValue":4.0,"prior":0.0467306301,"pv":["D4","R4","C16"],"scoreLead":-0.00888118984,"scoreMean":-0.00888118984,"scoreSelfplay":-0.167241922,"scoreStdev":30.6391711,"utility":-0.004509,"utilityLcb":-0.439532798,"visits":4,"weight":4.0,"winrate":0.493360789},{"edgeVisits":5,"edgeWeight":5.0,"lcb":0.387148638,"move":"D16","order":11,"playSelectionValue":3.0,"prior":0.0466033407,"pv":["D16","D3","Q17","Q3"],"scoreLead":-0.191795477,"scoreMean":-0.191795477,"scoreSelfplay":-0.320006013,"scoreStdev":30.6021383,"utility":-0.0142199587,"utilityLcb":-0.298899101,"visits":5,"weight":5.0,"winrate":0.48881976},{"edgeVisits":3,"edgeWeight":3.0,"lcb":0.225529036,"move":"C17","order":12,"playSelectionValue":2.0,"prior":0.0303796194,"pv":["C17","R16","D3"],"scoreLead":-0.778529843,"scoreMean":-0.778529843,"scoreSelfplay":-0.629962057,"scoreStdev":30.8121523,"utility":-0.0141004857,"utilityLcb":-0.756993363,"visits":3,"weight":3.0,"winrate":0.49084792},{"edgeVisits":2,"edgeWeight":2.0,"lcb":-0.0429200299,"move":"C3","order":13,"playSelectionValue":2.0,"prior":0.0324671939,"pv":["C3","R16"],"scoreLead":-0.503895961,"scoreMean":-0.503895961,"scoreSelfplay":-0.482389182,"scoreStdev":30.7173546,"utility":-0.0195508187,"utilityLcb":-1.51381038,"visits":2,"weight":2.0,"winrate":0.490744099}],"rootInfo":{"currentPlayer":"B","rawLead":-0.0370621867,"rawNoResultProb":0.0,"rawScoreSelfplay":-0.502980053,"rawScoreSelfplayStdev":31.2235543,"rawStScoreError":-1.0,"rawStWrError":-0.5,"rawVarTimeLeft":-1.0,"rawWinrate":0.47251375,"scoreLead":0.0407726577,"scoreSelfplay":0.0196971771,"scoreStdev":30.5954389,"symHash":"47E1EBDAE69A5DED3FF8DB1FA4E91845","thisHash":"47E1EBDAE69A5DED3FF8DB1FA4E91845","utility":-0.00108343851,"visits":100,"weight":100.0,"winrate":0.497063394},"turnNumber":0}
