: Running with following config:
cudaUseFP16 = false
cudaUseNHWC = false
forDeterministicTesting = true
logAllRequests = true
logAllResponses = true
logFile = tests/results/analysis/basic.txt.log
logSearchInfo = true
logTimeStamp = false
maxPlayouts = 10000
maxVisits = 100
nnCacheSizePowerOfTwo = 23
nnMaxBatchSize = 64
nnMutexPoolSizePowerOfTwo = 17
nnRandSeed = analysisTest
nnRandomize = false
numAnalysisThreads = 1
numSearchThreads = 1
openclUseFP16 = false
reportAnalysisWinratesAs = BLACK
rootSymmetryPruning = false
trtUseFP16 = false

: Analysis Engine starting...
: KataGo v1.16.0
: nnRandSeed0 = analysisTest
: After dedups: nnModelFile0 = tests/models/g170-b6c96-s175395328-d26788732.bin.gz useFP16 false useNHWC false
: Initializing neural net buffer to be size 19 * 19 allowing smaller boards
: Cuda backend thread 0: Found GPU NVIDIA RTX A5000 memory 25425608704 compute capability major 8 minor 6
: Cuda backend thread 0: Model version 8 useFP16 = false useNHWC = false
: Cuda backend thread 0: Model name: g170-b6c96-s175395328-d26788732
: Loaded config configs/analysis_example.cfg and/or command-line and query overrides
: Loaded model tests/models/g170-b6c96-s175395328-d26788732.bin.gz
: Config override: cudaUseFP16 = false
: Config override: cudaUseNHWC = false
: Config override: forDeterministicTesting = true
: Config override: logAllRequests = true
: Config override: logAllResponses = true
: Config override: logDir = 
: Config override: logFile = tests/results/analysis/basic.txt.log
: Config override: logSearchInfo = true
: Config override: logTimeStamp = false
: Config override: maxPlayouts = 10000
: Config override: maxVisits = 100
: Config override: nnRandSeed = analysisTest
: Config override: nnRandomize = false
: Config override: numAnalysisThreads = 1
: Config override: numSearchThreadsPerAnalysisThread = 1
: Config override: openclUseFP16 = false
: Config override: rootSymmetryPruning = false
: Config override: trtUseFP16 = false
: Analyzing up to 1 positions at a time in parallel
: Started, ready to begin handling requests
: Request: {"id":"foo","initialStones":[["B","Q4"],["B","C4"]],"moves":[["W","P5"],["B","P6"]],"rules":"tromp-taylor","komi":7.5,"boardXSize":19,"boardYSize":19,"analyzeTurns":[2],"overrideSettings":{"maxVisits":10}}
: Request: {"id":"foo","initialStones":[],"moves":[["W","C5"],["B","C6"]],"rules":"tromp-taylor","komi":4,"boardXSize":7,"boardYSize":7,"overrideSettings":{"maxVisits":10},"includeOwnership":true,"includePolicy":true}
: Request: {"id":"foo","initialStones":[],"moves":[["W","C5"],["B","C6"],["W","C7"]],"rules":"tromp-taylor","komi":4,"boardXSize":7,"boardYSize":7,"overrideSettings":{"maxVisits":10},"includeOwnership":true,"includePolicy":true}
: Request: {"id":"foo","initialStones":[],"moves":[["W","C5"],["B","C6"],["W","C7"]],"rules":"tromp-taylor","komi":4,"boardXSize":7,"boardYSize":7,"overrideSettings":{"maxVisits":20},"includeOwnership":true,"includeOwnershipStdev":true,"includePolicy":true}
: MoveNum: 2 HASH: 29EDDA3CC5189C1F08CBD809E4157047
   A B C D E F G H J K L M N O P Q R S T
19 . . . . . . . . . . . . . . . . . . .
18 . . . . . . . . . . . . . . . . . . .
17 . . . . . . . . . . . . . . . . . . .
16 . . . . . . . . . . . . . . . . . . .
15 . . . . . . . . . . . . . . . . . . .
14 . . . . . . . . . . . . . . . . . . .
13 . . . . . . . . . . . . . . . . . . .
12 . . . . . . . . . . . . . . . . . . .
11 . . . . . . . . . . . . . . . . . . .
10 . . . . . . . . . . . . . . . . . . .
 9 . . . . . . . . . . . . . . . . . . .
 8 . . . . . . . . . . . . . . . . . . .
 7 . . . . . . . . . . . . . . . . . . .
 6 . . . . . . . . . . . . . . X2. . . .
 5 . . . . . . . . . . . . . . O1. . . .
 4 . . X . . . . . . . . . . . . X . . .
 3 . . . . . . . . . . . . . . . . . . .
 2 . . . . . . . . . . . . . . . . . . .
 1 . . . . . . . . . . . . . . . . . . .

koPOSITIONALscoreAREAtaxNONEsui1komi7.5
Root visits: 10
New playouts: 10
NN rows: 10
NN batches: 10
NN avg batch size: 1
PV: Q5 R5 Q6 R6 Q7
Tree:
: T  23.95c W  22.79c S   1.36c ( +7.4 L  +7.1) N      10  --  Q5 R5 Q6 R6 Q7
---White(v)---
Q5  : T  23.28c W  22.21c S   1.30c ( +7.3 L  +7.0) LCB   36.05c P 74.68% WF   9.0 PSV       9 N       9  --  Q5 R5 Q6 R6 Q7

: Response: {"id":"foo","isDuringSearch":false,"moveInfos":[{"edgeVisits":9,"edgeWeight":9.0,"lcb":0.656634518,"move":"Q5","order":0,"playSelectionValue":9.0,"prior":0.746775985,"pv":["Q5","R5","Q6","R6","Q7"],"scoreLead":7.02057559,"scoreMean":7.02057559,"scoreSelfplay":7.33654173,"scoreStdev":30.8994608,"utility":0.232825022,"utilityLcb":0.360528289,"visits":9,"weight":9.0,"winrate":0.611026209}],"rootInfo":{"currentPlayer":"W","rawLead":7.74122715,"rawNoResultProb":0.0,"rawScoreSelfplay":8.22545433,"rawScoreSelfplayStdev":31.4021391,"rawStScoreError":-1.0,"rawStWrError":-0.5,"rawVarTimeLeft":-1.0,"rawWinrate":0.640243411,"scoreLead":7.09264075,"scoreSelfplay":7.42543299,"scoreStdev":30.9512449,"symHash":"215BAF8265F4950EC41771439410160F","thisHash":"FA2C1B0E252C40AF31EB9DEC2CCCCD34","utility":0.239472966,"visits":10,"weight":10.0,"winrate":0.613947929},"turnNumber":2}
: MoveNum: 2 HASH: FACB00E9D9004B23F7292DCF3F13D71D
   A B C D E F G
 7 . . . . . . .
 6 . . X2. . . .
 5 . . O1. . . .
 4 . . . . . . .
 3 . . . . . . .
 2 . . . . . . .
 1 . . . . . . .

koPOSITIONALscoreAREAtaxNONEsui1komi4
Root visits: 10
New playouts: 10
NN rows: 20
NN batches: 20
NN avg batch size: 1
PV: D5 D3 E3
Tree:
: T -90.87c W -98.46c S   5.20c (-19.9 L -11.4) N      10  --  D5 D3 E3
---White(v)---
D5  : T -87.69c W -98.03c S   8.93c (-17.8 L -10.7) LCB  -65.03c P 69.42% WF   6.0 PSV       6 N       6  --  D5 D3 E3
D4  : T -89.08c W -98.99c S   5.19c (-19.9 L -10.5) LCB  -13.70c P 26.00% WF   3.0 PSV       2 N       3  --  D4 D5 C4

: Response: {"id":"foo","isDuringSearch":false,"moveInfos":[{"edgeVisits":6,"edgeWeight":6.0,"lcb":0.0908175011,"move":"D5","order":0,"playSelectionValue":6.0,"prior":0.694230258,"pv":["D5","D3","E3"],"scoreLead":-10.6779223,"scoreMean":-10.6779223,"scoreSelfplay":-17.8119521,"scoreStdev":10.1132049,"utility":-0.876926809,"utilityLcb":-0.650260052,"visits":6,"weight":6.0,"winrate":0.00986508765},{"edgeVisits":3,"edgeWeight":3.0,"lcb":0.274269695,"move":"D4","order":1,"playSelectionValue":2.0,"prior":0.260008901,"pv":["D4","D5","C4"],"scoreLead":-10.4545644,"scoreMean":-10.4545644,"scoreSelfplay":-19.9351018,"scoreStdev":11.2099112,"utility":-0.890798985,"utilityLcb":-0.136984312,"visits":3,"weight":3.0,"winrate":0.00505016907}],"ownership":[-0.377928,-0.472719,-0.400265,-0.413102,-0.359312,-0.270307,-0.201786,-0.446289,-0.451929,-0.323765,-0.48191,-0.429426,-0.307488,-0.200346,-0.359546,-0.488579,-0.890953,-0.67287,-0.373362,-0.288708,-0.192804,-0.361123,-0.477896,-0.454385,-0.432992,-0.419112,-0.204163,-0.162076,-0.245883,-0.251108,-0.382379,0.16923,-0.115153,-0.090017,-0.078644,-0.145925,-0.100888,0.0162,0.091367,0.029975,0.06122,0.030774,-0.048096,0.013091,0.058441,0.087758,0.095796,0.12366,0.098785],"policy":[2.45265455e-05,4.53660214e-05,3.7534508e-05,3.43699685e-05,3.60642734e-05,5.78434156e-05,4.13898306e-05,4.40432414e-05,0.000718182302,-1.0,0.00893762894,7.74715008e-05,8.57425912e-05,6.14428354e-05,4.40261865e-05,0.000144139922,-1.0,0.694230258,0.00567460759,9.56503936e-05,5.2710544e-05,4.51712331e-05,0.000205637902,0.0026793743,0.260008901,0.0210922081,9.02112952e-05,5.50007317e-05,5.03248666e-05,6.6347784e-05,0.000613880984,0.00346452673,0.000253180275,6.44520478e-05,4.31602784e-05,4.0676623e-05,7.47417289e-05,9.72347116e-05,7.27143342e-05,7.08209627e-05,6.57480778e-05,4.82526557e-05,4.50253428e-05,4.69462866e-05,4.99866946e-05,4.61963318e-05,4.29446809e-05,4.8822516e-05,3.75125346e-05,3.68608999e-05],"rootInfo":{"currentPlayer":"W","rawLead":-18.2365685,"rawNoResultProb":0.0,"rawScoreSelfplay":-32.5114861,"rawScoreSelfplayStdev":9.45860395,"rawStScoreError":-1.0,"rawStWrError":-0.5,"rawVarTimeLeft":-1.0,"rawWinrate":0.00288712978,"scoreLead":-11.4681368,"scoreSelfplay":-19.9170447,"scoreStdev":11.2529502,"symHash":"142D62B902727ED7A147F45224109E72","thisHash":"290AC1DB39349793CE09682AF7CA6A6E","utility":-0.91070968,"visits":10,"weight":10.0,"winrate":0.00801977868},"turnNumber":2}
: MoveNum: 3 HASH: 1ACE111AC9EBF428362D9F3D03459891
   A B C D E F G
 7 . . O3. . . .
 6 . . X2. . . .
 5 . . O1. . . .
 4 . . . . . . .
 3 . . . . . . .
 2 . . . . . . .
 1 . . . . . . .

koPOSITIONALscoreAREAtaxNONEsui1komi4
Root visits: 10
New playouts: 10
NN rows: 30
NN batches: 30
NN avg batch size: 1
PV: D5 D6 D4
Tree:
: T -36.41c W -33.02c S  -2.93c ( -2.8 L  -1.9) N      10  --  D5 D6 D4
---Black(^)---
D5  : T -29.19c W -28.72c S  -2.60c ( -2.6 L  -1.7) LCB  -48.18c P 61.24% WF   7.2 PSV       7 N       7  --  D5 D6 D4
D4  : T -75.48c W -58.78c S  -5.60c ( -4.3 L  -2.9) LCB -230.39c P 31.00% WF   1.8 PSV       1 N       2  --  D4 D5

: Response: {"id":"foo","isDuringSearch":false,"moveInfos":[{"edgeVisits":7,"edgeWeight":7.0,"lcb":0.288550764,"move":"D5","order":0,"playSelectionValue":7.0,"prior":0.612439036,"pv":["D5","D6","D4"],"scoreLead":-1.68956624,"scoreMean":-1.68956624,"scoreSelfplay":-2.63265356,"scoreStdev":13.3783566,"utility":-0.291860856,"utilityLcb":-0.48177037,"visits":7,"weight":7.0,"winrate":0.356375591},{"edgeVisits":2,"edgeWeight":2.0,"lcb":-0.347148296,"move":"D4","order":1,"playSelectionValue":1.0,"prior":0.31002605,"pv":["D4","D5"],"scoreLead":-2.94312918,"scoreMean":-2.94312918,"scoreSelfplay":-4.28688025,"scoreStdev":12.2475683,"utility":-0.754826002,"utilityLcb":-2.30391375,"visits":2,"weight":2.0,"winrate":0.206097329}],"ownership":[-0.142156,-0.243862,-0.272969,-0.140043,0.086317,0.043376,0.127622,-0.247031,-0.176245,-0.030127,-0.233414,0.123209,0.084226,0.086476,-0.184904,-0.325578,-0.622711,0.614444,0.090074,0.131735,0.094215,-0.069496,-0.064807,0.208637,-0.030054,0.099033,0.182095,0.084693,-0.004207,0.023625,0.079362,0.066591,0.113219,0.111364,0.086171,0.036475,0.070761,0.069769,0.099564,0.07155,0.108023,0.073711,0.052482,0.055718,0.056068,0.054354,0.059738,0.072052,0.09437],"policy":[5.90853597e-05,0.000463460136,-1.0,7.61718838e-05,0.000104330698,0.000135137234,0.000122219004,0.000133460591,0.000264022005,-1.0,0.0278928615,0.000225008247,0.000138922987,0.000141955927,7.10878085e-05,0.000758567534,-1.0,0.612439036,0.0193024669,0.000146420061,0.000114213486,8.76299164e-05,0.00011346471,0.00353542506,0.31002605,0.0127730472,0.000119581862,0.000118839373,9.63137936e-05,0.000180791001,0.000808011391,0.00700259535,0.000631542527,0.000136614457,0.000105862557,0.000124032435,0.000109817185,0.000141024473,0.000114079368,0.00013945195,0.000116808638,0.000113881753,0.000126379411,0.00012052861,9.44181302e-05,0.000104639497,9.9109333e-05,0.00010543214,0.000105397157,6.08258488e-05],"rootInfo":{"currentPlayer":"B","rawLead":-1.49650478,"rawNoResultProb":0.0,"rawScoreSelfplay":-1.6158762,"rawScoreSelfplayStdev":13.9578489,"rawStScoreError":-1.0,"rawStWrError":-0.5,"rawVarTimeLeft":-1.0,"rawWinrate":0.409223378,"scoreLead":-1.80739974,"scoreSelfplay":-2.70348126,"scoreStdev":13.3392179,"symHash":"478E9637C4E9D7DD298C5EDA99EA7431","thisHash":"90E43B353BA64F45F3186642D389E6E7","utility":-0.332047627,"visits":10,"weight":10.0,"winrate":0.345549982},"turnNumber":3}
: MoveNum: 3 HASH: 1ACE111AC9EBF428362D9F3D03459891
   A B C D E F G
 7 . . O3. . . .
 6 . . X2. . . .
 5 . . O1. . . .
 4 . . . . . . .
 3 . . . . . . .
 2 . . . . . . .
 1 . . . . . . .

koPOSITIONALscoreAREAtaxNONEsui1komi4
Root visits: 20
New playouts: 20
NN rows: 40
NN batches: 40
NN avg batch size: 1
PV: D5 D4 C4 B5 E4
Tree:
: T -46.50c W -39.92c S  -3.30c ( -3.0 L  -1.9) N      20  --  D5 D4 C4 B5 E4
---Black(^)---
D5  : T -45.79c W -38.36c S  -3.16c ( -2.9 L  -1.8) LCB  -77.74c P 61.24% WF  16.1 PSV      16 N      16  --  D5 D4 C4 B5 E4
D4  : T -60.01c W -56.25c S  -5.07c ( -4.0 L  -2.6) LCB -138.72c P 31.00% WF   2.9 PSV       3 N       3  --  D4 D5 E5

: Response: {"id":"foo","isDuringSearch":false,"moveInfos":[{"edgeVisits":16,"edgeWeight":16.0,"lcb":0.194116359,"move":"D5","order":0,"playSelectionValue":16.0,"prior":0.612439036,"pv":["D5","D4","C4","B5","E4"],"scoreLead":-1.82028296,"scoreMean":-1.82028296,"scoreSelfplay":-2.93047145,"scoreStdev":12.9005938,"utility":-0.457891133,"utilityLcb":-0.777386855,"visits":16,"weight":16.0,"winrate":0.308221974},{"edgeVisits":3,"edgeWeight":3.0,"lcb":-0.0623530818,"move":"D4","order":1,"playSelectionValue":3.0,"prior":0.31002605,"pv":["D4","D5","E5"],"scoreLead":-2.58965786,"scoreMean":-2.58965786,"scoreSelfplay":-3.97079515,"scoreStdev":12.1986706,"utility":-0.600111011,"utilityLcb":-1.38724212,"visits":3,"weight":3.0,"winrate":0.218765173}],"ownership":[-0.076754,-0.180067,-0.230941,-0.093151,0.0355,0.00136,0.072199,-0.175813,0.003984,0.087754,-0.183895,0.104554,0.068294,0.056493,-0.133474,-0.267308,-0.490567,0.702823,0.246078,0.129825,0.07384,-0.071618,-0.037749,0.122058,-0.085892,0.131734,0.173389,0.083116,-0.02477,-0.026852,0.033883,-0.007423,0.093192,0.100559,0.094522,0.01674,0.033103,0.015168,0.081604,0.055697,0.105104,0.090371,0.028321,0.052355,0.040727,0.045328,0.059734,0.099222,0.114581],"ownershipStdev":[0.392207,0.34935,0.347724,0.330885,0.313723,0.285414,0.239616,0.342142,0.507286,0.471835,0.472435,0.303743,0.303759,0.240394,0.274839,0.300765,0.35412,0.266481,0.250832,0.202195,0.167018,0.201953,0.219808,0.387265,0.610197,0.243309,0.16895,0.173302,0.18084,0.22863,0.263671,0.316561,0.194802,0.209376,0.166529,0.148999,0.181002,0.189009,0.181786,0.186983,0.167806,0.144799,0.132504,0.171304,0.149567,0.134611,0.129068,0.164129,0.129273],"policy":[5.90853597e-05,0.000463460136,-1.0,7.61718838e-05,0.000104330698,0.000135137234,0.000122219004,0.000133460591,0.000264022005,-1.0,0.0278928615,0.000225008247,0.000138922987,0.000141955927,7.10878085e-05,0.000758567534,-1.0,0.612439036,0.0193024669,0.000146420061,0.000114213486,8.76299164e-05,0.00011346471,0.00353542506,0.31002605,0.0127730472,0.000119581862,0.000118839373,9.63137936e-05,0.000180791001,0.000808011391,0.00700259535,0.000631542527,0.000136614457,0.000105862557,0.000124032435,0.000109817185,0.000141024473,0.000114079368,0.00013945195,0.000116808638,0.000113881753,0.000126379411,0.00012052861,9.44181302e-05,0.000104639497,9.9109333e-05,0.00010543214,0.000105397157,6.08258488e-05],"rootInfo":{"currentPlayer":"B","rawLead":-1.49650478,"rawNoResultProb":0.0,"rawScoreSelfplay":-1.6158762,"rawScoreSelfplayStdev":13.9578489,"rawStScoreError":-1.0,"rawStWrError":-0.5,"rawVarTimeLeft":-1.0,"rawWinrate":0.409223378,"scoreLead":-1.91950029,"scoreSelfplay":-3.02079024,"scoreStdev":12.8624671,"symHash":"478E9637C4E9D7DD298C5EDA99EA7431","thisHash":"90E43B353BA64F45F3186642D389E6E7","utility":-0.465858391,"visits":20,"weight":20.0,"winrate":0.299853524},"turnNumber":3}
: tests/models/g170-b6c96-s175395328-d26788732.bin.gz
: NN rows: 40
: NN batches: 40
: NN avg batch size: 1
: GPU -1 finishing, processed 40 rows 40 batches
: All cleaned up, quitting
