: Running with following config:
cudaUseFP16 = false
cudaUseNHWC = false
forDeterministicTesting = true
logAllRequests = true
logAllResponses = true
logFile = tests/results/analysis/basic_sidetomove.txt.log
logSearchInfo = true
logTimeStamp = false
maxPlayouts = 10000
maxVisits = 100
nnCacheSizePowerOfTwo = 23
nnMaxBatchSize = 64
nnMutexPoolSizePowerOfTwo = 17
nnRandSeed = analysisTest
nnRandomize = false
numAnalysisThreads = 1
numSearchThreads = 1
openclUseFP16 = false
reportAnalysisWinratesAs = SIDETOMOVE
rootSymmetryPruning = false
trtUseFP16 = false

: Analysis Engine starting...
: KataGo v1.13.2
: nnRandSeed0 = analysisTest
: After dedups: nnModelFile0 = tests/models/g170-b6c96-s175395328-d26788732.bin.gz useFP16 false useNHWC false
: Initializing neural net buffer to be size 19 * 19 allowing smaller boards
: Cuda backend thread 0: Found GPU NVIDIA RTX A5000 memory 25434652672 compute capability major 8 minor 6
: Cuda backend thread 0: Model version 8 useFP16 = false useNHWC = false
: Cuda backend thread 0: Model name: g170-b6c96-s175395328-d26788732
: Loaded config configs/analysis_example.cfg and/or command-line and query overrides
: Loaded model tests/models/g170-b6c96-s175395328-d26788732.bin.gz
: Config override: cudaUseFP16 = false
: Config override: cudaUseNHWC = false
: Config override: forDeterministicTesting = true
: Config override: logAllRequests = true
: Config override: logAllResponses = true
: Config override: logDir = 
: Config override: logFile = tests/results/analysis/basic_sidetomove.txt.log
: Config override: logSearchInfo = true
: Config override: logTimeStamp = false
: Config override: maxPlayouts = 10000
: Config override: maxVisits = 100
: Config override: nnRandSeed = analysisTest
: Config override: nnRandomize = false
: Config override: numAnalysisThreads = 1
: Config override: numSearchThreadsPerAnalysisThread = 1
: Config override: openclUseFP16 = false
: Config override: reportAnalysisWinratesAs = SIDETOMOVE
: Config override: rootSymmetryPruning = false
: Config override: trtUseFP16 = false
: Analyzing up to 1 positions at a time in parallel
: Started, ready to begin handling requests
: Request: {"id":"foo","initialStones":[["B","Q4"],["B","C4"]],"moves":[["W","P5"],["B","P6"]],"rules":"tromp-taylor","komi":7.5,"boardXSize":19,"boardYSize":19,"analyzeTurns":[2],"overrideSettings":{"maxVisits":10}}
: Request: {"id":"foo","initialStones":[],"moves":[["W","C5"],["B","C6"]],"rules":"tromp-taylor","komi":4,"boardXSize":7,"boardYSize":7,"overrideSettings":{"maxVisits":10},"includeOwnership":true,"includePolicy":true}
: Request: {"id":"foo","initialStones":[],"moves":[["W","C5"],["B","C6"],["W","C7"]],"rules":"tromp-taylor","komi":4,"boardXSize":7,"boardYSize":7,"overrideSettings":{"maxVisits":10},"includeOwnership":true,"includePolicy":true}
: Request: {"id":"foo","initialStones":[],"moves":[["W","C5"],["B","C6"],["W","C7"]],"rules":"tromp-taylor","komi":4,"boardXSize":7,"boardYSize":7,"overrideSettings":{"maxVisits":20},"includeOwnership":true,"includeOwnershipStdev":true,"includePolicy":true}
: MoveNum: 2 HASH: 29EDDA3CC5189C1F08CBD809E4157047
   A B C D E F G H J K L M N O P Q R S T
19 . . . . . . . . . . . . . . . . . . .
18 . . . . . . . . . . . . . . . . . . .
17 . . . . . . . . . . . . . . . . . . .
16 . . . . . . . . . . . . . . . . . . .
15 . . . . . . . . . . . . . . . . . . .
14 . . . . . . . . . . . . . . . . . . .
13 . . . . . . . . . . . . . . . . . . .
12 . . . . . . . . . . . . . . . . . . .
11 . . . . . . . . . . . . . . . . . . .
10 . . . . . . . . . . . . . . . . . . .
 9 . . . . . . . . . . . . . . . . . . .
 8 . . . . . . . . . . . . . . . . . . .
 7 . . . . . . . . . . . . . . . . . . .
 6 . . . . . . . . . . . . . . X2. . . .
 5 . . . . . . . . . . . . . . O1. . . .
 4 . . X . . . . . . . . . . . . X . . .
 3 . . . . . . . . . . . . . . . . . . .
 2 . . . . . . . . . . . . . . . . . . .
 1 . . . . . . . . . . . . . . . . . . .

koPOSITIONALscoreAREAtaxNONEsui1komi7.5
Root visits: 10
New playouts: 10
NN rows: 10
NN batches: 10
NN avg batch size: 1
PV: Q5 R5 Q6 R6 Q7
Tree:
: T -23.95c W -22.78c S  -1.36c ( -7.4 L  -7.1) N      10  --  Q5 R5 Q6 R6 Q7
---White(^)---
Q5  : T -23.29c W -22.20c S  -1.30c ( -7.3 L  -7.0) LCB  -36.05c P 74.69% WF   9.0 PSV       9 N       9  --  Q5 R5 Q6 R6 Q7

: Response: {"id":"foo","isDuringSearch":false,"moveInfos":[{"lcb":0.343408336,"move":"Q5","order":0,"prior":0.746928692,"pv":["Q5","R5","Q6","R6","Q7"],"scoreLead":-7.0203605,"scoreMean":-7.0203605,"scoreSelfplay":-7.33609184,"scoreStdev":30.8991911,"utility":-0.232882873,"utilityLcb":-0.360527711,"visits":9,"weight":9.0,"winrate":0.388995778}],"rootInfo":{"currentPlayer":"W","rawStScoreError":-1.0,"rawStWrError":-0.5,"rawVarTimeLeft":-1.0,"scoreLead":-7.0919297,"scoreSelfplay":-7.42445923,"scoreStdev":30.9509646,"symHash":"215BAF8265F4950EC41771439410160F","thisHash":"FA2C1B0E252C40AF31EB9DEC2CCCCD34","utility":-0.239500067,"visits":10,"weight":10.0,"winrate":0.386083698},"turnNumber":2}
: MoveNum: 2 HASH: FACB00E9D9004B23F7292DCF3F13D71D
   A B C D E F G
 7 . . . . . . .
 6 . . X2. . . .
 5 . . O1. . . .
 4 . . . . . . .
 3 . . . . . . .
 2 . . . . . . .
 1 . . . . . . .

koPOSITIONALscoreAREAtaxNONEsui1komi4
Root visits: 10
New playouts: 10
NN rows: 20
NN batches: 20
NN avg batch size: 1
PV: D5 D3 E3
Tree:
: T  90.86c W  98.46c S  -5.21c (+19.9 L +11.4) N      10  --  D5 D3 E3
---White(^)---
D5  : T  87.68c W  98.03c S  -8.94c (+17.8 L +10.7) LCB   65.01c P 69.42% WF   6.0 PSV       6 N       6  --  D5 D3 E3
D4  : T  89.07c W  98.99c S  -5.21c (+19.9 L +10.5) LCB   13.69c P 26.00% WF   3.0 PSV       2 N       3  --  D4 D5 C4

: Response: {"id":"foo","isDuringSearch":false,"moveInfos":[{"lcb":0.909175572,"move":"D5","order":0,"prior":0.694234014,"pv":["D5","D3","E3"],"scoreLead":10.6772097,"scoreMean":10.6772097,"scoreSelfplay":17.8113921,"scoreStdev":10.1148614,"utility":0.876805631,"utilityLcb":0.650134688,"visits":6,"weight":6.0,"winrate":0.99012948},{"lcb":0.725732263,"move":"D4","order":1,"prior":0.259955436,"pv":["D4","D5","C4"],"scoreLead":10.4536225,"scoreMean":10.4536225,"scoreSelfplay":19.9334567,"scoreStdev":11.2107016,"utility":0.890682553,"utilityLcb":0.13687633,"visits":3,"weight":3.0,"winrate":0.994948771}],"ownership":[0.377868,0.472746,0.400248,0.413099,0.359366,0.27029,0.201831,0.446222,0.451842,0.323726,0.481923,0.429465,0.307469,0.200336,0.359507,0.488532,0.890917,0.672838,0.373436,0.288741,0.192795,0.36111,0.47792,0.454349,0.433036,0.419091,0.204157,0.162073,0.245886,0.251105,0.382434,-0.169228,0.115074,0.089999,0.078632,0.145914,0.100957,-0.016126,-0.091406,-0.029949,-0.061219,-0.030796,0.048102,-0.013082,-0.05846,-0.087777,-0.095806,-0.123653,-0.098836],"policy":[2.45202227e-05,4.53753528e-05,3.752669e-05,3.43525244e-05,3.60746126e-05,5.78403051e-05,4.13873677e-05,4.40618351e-05,0.000717997784,-1.0,0.00894181617,7.74590662e-05,8.57439518e-05,6.14507808e-05,4.4039567e-05,0.000144144273,-1.0,0.694234014,0.00568923354,9.56517324e-05,5.27097181e-05,4.51738888e-05,0.000205686476,0.00267560943,0.259955436,0.0211230144,9.01971653e-05,5.50021796e-05,5.03252813e-05,6.63511164e-05,0.000613893382,0.00346851256,0.000253302889,6.44489555e-05,4.31413355e-05,4.06688487e-05,7.47123486e-05,9.7190823e-05,7.27014049e-05,7.0811082e-05,6.57637356e-05,4.82502037e-05,4.50131811e-05,4.69551342e-05,4.99875823e-05,4.62096687e-05,4.29555621e-05,4.88413571e-05,3.7517173e-05,3.69070731e-05],"rootInfo":{"currentPlayer":"W","rawStScoreError":-1.0,"rawStWrError":-0.5,"rawVarTimeLeft":-1.0,"scoreLead":11.4670536,"scoreSelfplay":19.9172649,"scoreStdev":11.2552811,"symHash":"142D62B902727ED7A147F45224109E72","thisHash":"290AC1DB39349793CE09682AF7CA6A6E","utility":0.910603649,"visits":10,"weight":10.0,"winrate":0.991976339},"turnNumber":2}
: MoveNum: 3 HASH: 1ACE111AC9EBF428362D9F3D03459891
   A B C D E F G
 7 . . O3. . . .
 6 . . X2. . . .
 5 . . O1. . . .
 4 . . . . . . .
 3 . . . . . . .
 2 . . . . . . .
 1 . . . . . . .

koPOSITIONALscoreAREAtaxNONEsui1komi4
Root visits: 10
New playouts: 10
NN rows: 30
NN batches: 30
NN avg batch size: 1
PV: D5 D6 D4
Tree:
: T -36.41c W -33.01c S  -2.93c ( -2.8 L  -1.9) N      10  --  D5 D6 D4
---Black(^)---
D5  : T -29.20c W -28.72c S  -2.60c ( -2.6 L  -1.7) LCB  -48.21c P 61.24% WF   7.2 PSV       7 N       7  --  D5 D6 D4
D4  : T -75.48c W -58.79c S  -5.61c ( -4.3 L  -2.9) LCB -230.37c P 31.01% WF   1.8 PSV       1 N       2  --  D4 D5

: Response: {"id":"foo","isDuringSearch":false,"moveInfos":[{"lcb":0.288522787,"move":"D5","order":0,"prior":0.612383306,"pv":["D5","D6","D4"],"scoreLead":-1.68979013,"scoreMean":-1.68979013,"scoreSelfplay":-2.63236107,"scoreStdev":13.3782584,"utility":-0.291951864,"utilityLcb":-0.482059692,"visits":7,"weight":7.0,"winrate":0.35641844},{"lcb":-0.347111656,"move":"D4","order":1,"prior":0.310114413,"pv":["D4","D5"],"scoreLead":-2.94314742,"scoreMean":-2.94314742,"scoreSelfplay":-4.28594482,"scoreStdev":12.2468516,"utility":-0.754768258,"utilityLcb":-2.30368677,"visits":2,"weight":2.0,"winrate":0.206073528}],"ownership":[-0.142138,-0.243831,-0.272931,-0.139968,0.086311,0.043357,0.127628,-0.247002,-0.176236,-0.030235,-0.233467,0.123167,0.084161,0.08649,-0.184848,-0.325564,-0.622616,0.614445,0.089974,0.131663,0.094228,-0.069414,-0.064801,0.208615,-0.029954,0.099059,0.182052,0.084721,-0.004216,0.023608,0.079334,0.06656,0.113183,0.111383,0.086182,0.036498,0.070723,0.069771,0.099547,0.071538,0.108035,0.073738,0.052531,0.055666,0.056048,0.054316,0.059733,0.072046,0.094404],"policy":[5.90111122e-05,0.000463782664,-1.0,7.61151314e-05,0.000104234285,0.000134992792,0.000122065314,0.000133303707,0.000264252623,-1.0,0.0278870948,0.000224875679,0.000138854186,0.000141816898,7.10315944e-05,0.000759345654,-1.0,0.612383306,0.0193103291,0.000146342514,0.000114078561,8.75420083e-05,0.000113319977,0.00353263458,0.310114413,0.0127662756,0.00011946007,0.000118685624,9.62201084e-05,0.000180610514,0.000806450553,0.00698298262,0.000630418479,0.000136436531,0.000105728825,0.00012388402,0.000109672503,0.000140833828,0.000113940907,0.000139280965,0.00011668088,0.00011375991,0.00012627586,0.000120415389,9.43136038e-05,0.000104536215,9.90160479e-05,0.000105333507,0.000105300162,6.08073242e-05],"rootInfo":{"currentPlayer":"B","rawStScoreError":-1.0,"rawStWrError":-0.5,"rawVarTimeLeft":-1.0,"scoreLead":-1.80706687,"scoreSelfplay":-2.70246345,"scoreStdev":13.3390668,"symHash":"478E9637C4E9D7DD298C5EDA99EA7431","thisHash":"90E43B353BA64F45F3186642D389E6E7","utility":-0.3320588,"visits":10,"weight":10.0,"winrate":0.345605356},"turnNumber":3}
: MoveNum: 3 HASH: 1ACE111AC9EBF428362D9F3D03459891
   A B C D E F G
 7 . . O3. . . .
 6 . . X2. . . .
 5 . . O1. . . .
 4 . . . . . . .
 3 . . . . . . .
 2 . . . . . . .
 1 . . . . . . .

koPOSITIONALscoreAREAtaxNONEsui1komi4
Root visits: 20
New playouts: 20
NN rows: 40
NN batches: 40
NN avg batch size: 1
PV: D5 D4 C4 B5 E4
Tree:
: T -46.50c W -39.92c S  -3.31c ( -3.0 L  -1.9) N      20  --  D5 D4 C4 B5 E4
---Black(^)---
D5  : T -45.79c W -38.35c S  -3.16c ( -2.9 L  -1.8) LCB  -77.75c P 61.24% WF  16.1 PSV      16 N      16  --  D5 D4 C4 B5 E4
D4  : T -60.04c W -56.26c S  -5.08c ( -4.0 L  -2.6) LCB -138.74c P 31.01% WF   2.9 PSV       3 N       3  --  D4 D5 E5

: Response: {"id":"foo","isDuringSearch":false,"moveInfos":[{"lcb":0.194096653,"move":"D5","order":0,"prior":0.612383306,"pv":["D5","D4","C4","B5","E4"],"scoreLead":-1.82070182,"scoreMean":-1.82070182,"scoreSelfplay":-2.93047268,"scoreStdev":12.9011055,"utility":-0.45789327,"utilityLcb":-0.777539346,"visits":16,"weight":16.0,"winrate":0.308255966},{"lcb":-0.0623674041,"move":"D4","order":1,"prior":0.310114413,"pv":["D4","D5","E5"],"scoreLead":-2.59059743,"scoreMean":-2.59059743,"scoreSelfplay":-3.97145279,"scoreStdev":12.1981361,"utility":-0.600401497,"utilityLcb":-1.38738438,"visits":3,"weight":3.0,"winrate":0.218697912}],"ownership":[-0.076747,-0.180057,-0.230956,-0.093159,0.035485,0.001352,0.072207,-0.175829,0.003944,0.087685,-0.183888,0.104584,0.068258,0.056508,-0.133419,-0.267286,-0.490551,0.702798,0.246023,0.129797,0.073864,-0.071578,-0.037739,0.122069,-0.08583,0.13174,0.17337,0.08316,-0.024739,-0.026857,0.033869,-0.007405,0.093181,0.100563,0.094514,0.016777,0.033088,0.015182,0.081579,0.055688,0.105097,0.090383,0.028362,0.052346,0.040733,0.045299,0.05973,0.099208,0.114601],"ownershipStdev":[0.392174,0.349338,0.347695,0.330832,0.313687,0.285392,0.23961,0.34207,0.507247,0.471826,0.472385,0.303674,0.303736,0.240397,0.274807,0.300757,0.35411,0.266424,0.250771,0.202228,0.167033,0.201931,0.219839,0.387234,0.610133,0.243289,0.168987,0.173306,0.180814,0.228607,0.263629,0.316527,0.194786,0.20937,0.166519,0.148956,0.180979,0.188968,0.181736,0.186967,0.167822,0.144772,0.132491,0.171305,0.149549,0.134584,0.129065,0.164138,0.129276],"policy":[5.90111122e-05,0.000463782664,-1.0,7.61151314e-05,0.000104234285,0.000134992792,0.000122065314,0.000133303707,0.000264252623,-1.0,0.0278870948,0.000224875679,0.000138854186,0.000141816898,7.10315944e-05,0.000759345654,-1.0,0.612383306,0.0193103291,0.000146342514,0.000114078561,8.75420083e-05,0.000113319977,0.00353263458,0.310114413,0.0127662756,0.00011946007,0.000118685624,9.62201084e-05,0.000180610514,0.000806450553,0.00698298262,0.000630418479,0.000136436531,0.000105728825,0.00012388402,0.000109672503,0.000140833828,0.000113940907,0.000139280965,0.00011668088,0.00011375991,0.00012627586,0.000120415389,9.43136038e-05,0.000104536215,9.90160479e-05,0.000105333507,0.000105300162,6.08073242e-05],"rootInfo":{"currentPlayer":"B","rawStScoreError":-1.0,"rawStWrError":-0.5,"rawVarTimeLeft":-1.0,"scoreLead":-1.91974724,"scoreSelfplay":-3.020581,"scoreStdev":12.8628211,"symHash":"478E9637C4E9D7DD298C5EDA99EA7431","thisHash":"90E43B353BA64F45F3186642D389E6E7","utility":-0.465879735,"visits":20,"weight":20.0,"winrate":0.29988174},"turnNumber":3}
: tests/models/g170-b6c96-s175395328-d26788732.bin.gz
: NN rows: 40
: NN batches: 40
: NN avg batch size: 1
: GPU -1 finishing, processed 40 rows 40 batches
: All cleaned up, quitting
