: Running with following config:
cudaUseFP16 = false
cudaUseNHWC = false
forDeterministicTesting = true
humanSLProfile = preaz_18k
logAllRequests = true
logAllResponses = true
logFile = tests/results/analysis/humansl_sidetomove.txt.log
logSearchInfo = true
logTimeStamp = false
maxPlayouts = 10000
maxVisits = 100
nnCacheSizePowerOfTwo = 23
nnMaxBatchSize = 64
nnMutexPoolSizePowerOfTwo = 17
nnRandSeed = analysisTest
nnRandomize = false
numAnalysisThreads = 1
numSearchThreads = 1
openclUseFP16 = false
reportAnalysisWinratesAs = SIDETOMOVE
rootSymmetryPruning = false
trtUseFP16 = false

: Analysis Engine starting...
: KataGo v1.16.0
: nnRandSeed0 = analysisTest
: After dedups: nnModelFile0 = tests/models/g170-b6c96-s175395328-d26788732.bin.gz useFP16 false useNHWC false
: Initializing neural net buffer to be size 19 * 19 allowing smaller boards
: Cuda backend thread 0: Found GPU NVIDIA RTX A5000 memory 25425608704 compute capability major 8 minor 6
: Cuda backend thread 0: Model version 8 useFP16 = false useNHWC = false
: Cuda backend thread 0: Model name: g170-b6c96-s175395328-d26788732
: nnRandSeed0 = analysisTest
: After dedups: nnModelFile0 = models/b18c384nbt-humanv0.bin.gz useFP16 false useNHWC false
: Initializing neural net buffer to be size 19 * 19 allowing smaller boards
: Cuda backend thread 0: Found GPU NVIDIA RTX A5000 memory 25425608704 compute capability major 8 minor 6
: Cuda backend thread 0: Model version 15 useFP16 = false useNHWC = false
: Cuda backend thread 0: Model name: b18c384nbt-humanv0
: Loaded config configs/analysis_example.cfg and/or command-line and query overrides
: Loaded model tests/models/g170-b6c96-s175395328-d26788732.bin.gz
: Config override: cudaUseFP16 = false
: Config override: cudaUseNHWC = false
: Config override: forDeterministicTesting = true
: Config override: humanSLProfile = preaz_18k
: Config override: logAllRequests = true
: Config override: logAllResponses = true
: Config override: logDir = 
: Config override: logFile = tests/results/analysis/humansl_sidetomove.txt.log
: Config override: logSearchInfo = true
: Config override: logTimeStamp = false
: Config override: maxPlayouts = 10000
: Config override: maxVisits = 100
: Config override: nnRandSeed = analysisTest
: Config override: nnRandomize = false
: Config override: numAnalysisThreads = 1
: Config override: numSearchThreadsPerAnalysisThread = 1
: Config override: openclUseFP16 = false
: Config override: reportAnalysisWinratesAs = SIDETOMOVE
: Config override: rootSymmetryPruning = false
: Config override: trtUseFP16 = false
: Analyzing up to 1 positions at a time in parallel
: Started, ready to begin handling requests
: Request: {"id":"foo","initialStones":[["B","Q4"],["B","C4"]],"moves":[["W","P5"],["B","P6"]],"rules":"tromp-taylor","komi":7.5,"boardXSize":19,"boardYSize":19,"analyzeTurns":[2],"overrideSettings":{"maxVisits":10}}
: Request: {"id":"foo","initialStones":[],"moves":[["W","C5"],["B","C6"]],"rules":"tromp-taylor","komi":4,"boardXSize":7,"boardYSize":7,"overrideSettings":{"maxVisits":10},"includeOwnership":true,"includePolicy":true}
: Request: {"id":"foo","initialStones":[],"moves":[["W","C5"],["B","C6"],["W","C7"]],"rules":"tromp-taylor","komi":4,"boardXSize":7,"boardYSize":7,"overrideSettings":{"maxVisits":10},"includeOwnership":true,"includePolicy":true}
: Request: {"id":"foo","initialStones":[],"moves":[["W","C5"],["B","C6"],["W","C7"]],"rules":"tromp-taylor","komi":4,"boardXSize":7,"boardYSize":7,"overrideSettings":{"maxVisits":20},"includeOwnership":true,"includeOwnershipStdev":true,"includePolicy":true}
: Request: {"id":"foo","action":"query_models"}
: Request: {"id":"foo","initialStones":[["B","(16,3)"],["W","(3,3)"],["B","(15,16)"],["W","(3,15)"],["B","(5,2)"],["W","(3,5)"],["B","(5,16)"],["W","(8,2)"],["B","(2,13)"],["W","(14,2)"],["B","(14,3)"],["W","(13,3)"],["B","(13,2)"],["W","(12,2)"],["B","(13,1)"],["W","(12,1)"],["B","(14,1)"],["W","(15,2)"],["B","(15,1)"],["W","(16,2)"],["B","(15,3)"],["W","(16,1)"],["B","(17,1)"],["W","(2,11)"],["B","(4,14)"],["W","(3,14)"],["B","(3,13)"],["W","(4,13)"],["B","(5,14)"],["W","(3,12)"],["B","(1,13)"],["W","(4,16)"],["B","(2,16)"],["W","(1,14)"],["B","(1,15)"],["W","(2,14)"],["B","(0,14)"],["W","(5,17)"],["B","(6,16)"],["W","(3,17)"],["B","(2,17)"],["W","(6,17)"],["B","(8,16)"],["W","(7,17)"],["B","(7,16)"],["W","(17,2)"],["B","(16,0)"],["W","(1,17)"],["B","(1,18)"],["W","(8,17)"],["B","(9,17)"],["W","(0,17)"],["B","(0,13)"],["W","(5,13)"],["B","(6,14)"],["W","(1,11)"],["B","(3,18)"],["W","(4,18)"],["B","(2,18)"],["W","(3,16)"],["B","(2,15)"],["W","(0,15)"],["B","(0,16)"],["W","(10,17)"],["B","(9,16)"],["W","(9,18)"],["B","(11,16)"],["W","(0,12)"],["B","(12,3)"],["W","(13,4)"],["B","(11,3)"],["W","(10,2)"],["B","(10,3)"],["W","(10,1)"],["B","(17,3)"],["W","(3,2)"],["B","(11,17)"],["W","(2,12)"],["B","(15,10)"],["W","(1,12)"],["B","(0,15)"],["W","(1,16)"],["B","(0,18)"],["W","(1,17)"],["B","(4,15)"],["W","(4,17)"],["B","(6,13)"],["W","(5,11)"],["B","(6,11)"],["W","(16,15)"],["B","(16,16)"]],"initialPlayer":"W","moves":[],"rules":"tromp-taylor","komi":7.5,"boardXSize":19,"boardYSize":19,"overrideSettings":{"maxVisits":30,"humanSLRootExploreProbWeightless":0.8,"humanSLCpuctPermanent":2.0}}
: Response: {"action":"query_models","id":"foo","models":[{"internalName":"g170-b6c96-s175395328-d26788732","maxBatchSize":64,"name":"tests/models/g170-b6c96-s175395328-d26788732.bin.gz","usesHumanSLProfile":false,"usingFP16":"false","version":8},{"internalName":"b18c384nbt-humanv0","maxBatchSize":64,"name":"models/b18c384nbt-humanv0.bin.gz","usesHumanSLProfile":true,"usingFP16":"false","version":15}]}
: MoveNum: 2 HASH: 29EDDA3CC5189C1F08CBD809E4157047
   A B C D E F G H J K L M N O P Q R S T
19 . . . . . . . . . . . . . . . . . . .
18 . . . . . . . . . . . . . . . . . . .
17 . . . . . . . . . . . . . . . . . . .
16 . . . . . . . . . . . . . . . . . . .
15 . . . . . . . . . . . . . . . . . . .
14 . . . . . . . . . . . . . . . . . . .
13 . . . . . . . . . . . . . . . . . . .
12 . . . . . . . . . . . . . . . . . . .
11 . . . . . . . . . . . . . . . . . . .
10 . . . . . . . . . . . . . . . . . . .
 9 . . . . . . . . . . . . . . . . . . .
 8 . . . . . . . . . . . . . . . . . . .
 7 . . . . . . . . . . . . . . . . . . .
 6 . . . . . . . . . . . . . . X2. . . .
 5 . . . . . . . . . . . . . . O1. . . .
 4 . . X . . . . . . . . . . . . X . . .
 3 . . . . . . . . . . . . . . . . . . .
 2 . . . . . . . . . . . . . . . . . . .
 1 . . . . . . . . . . . . . . . . . . .

koPOSITIONALscoreAREAtaxNONEsui1komi7.5
Root visits: 10
New playouts: 10
NN rows: 10
NN batches: 10
NN avg batch size: 1
PV: Q5 R5 Q6 R6 Q7
Tree:
: T -23.95c W -22.79c S  -1.36c ( -7.4 L  -7.1) N      10  --  Q5 R5 Q6 R6 Q7
---White(^)---
Q5  : T -23.28c W -22.21c S  -1.30c ( -7.3 L  -7.0) LCB  -36.05c P 74.68% WF   9.0 PSV       9 N       9  --  Q5 R5 Q6 R6 Q7

: Response: {"id":"foo","isDuringSearch":false,"moveInfos":[{"edgeVisits":9,"edgeWeight":9.0,"humanPrior":0.595579863,"lcb":0.343365482,"move":"Q5","order":0,"playSelectionValue":9.0,"prior":0.746775985,"pv":["Q5","R5","Q6","R6","Q7"],"scoreLead":-7.02057559,"scoreMean":-7.02057559,"scoreSelfplay":-7.33654173,"scoreStdev":30.8994608,"utility":-0.232825022,"utilityLcb":-0.360528289,"visits":9,"weight":9.0,"winrate":0.388973791}],"rootInfo":{"currentPlayer":"W","humanScoreMean":-21.6402454,"humanScoreStdev":71.8294698,"humanStScoreError":4.45075655,"humanStWrError":0.0997642055,"humanWinrate":0.321543157,"rawLead":-7.74122715,"rawNoResultProb":0.0,"rawScoreSelfplay":-8.22545433,"rawScoreSelfplayStdev":31.4021391,"rawStScoreError":-1.0,"rawStWrError":-0.5,"rawVarTimeLeft":-1.0,"rawWinrate":0.359756589,"scoreLead":-7.09264075,"scoreSelfplay":-7.42543299,"scoreStdev":30.9512449,"symHash":"215BAF8265F4950EC41771439410160F","thisHash":"FA2C1B0E252C40AF31EB9DEC2CCCCD34","utility":-0.239472966,"visits":10,"weight":10.0,"winrate":0.386052071},"turnNumber":2}
: MoveNum: 2 HASH: FACB00E9D9004B23F7292DCF3F13D71D
   A B C D E F G
 7 . . . . . . .
 6 . . X2. . . .
 5 . . O1. . . .
 4 . . . . . . .
 3 . . . . . . .
 2 . . . . . . .
 1 . . . . . . .

koPOSITIONALscoreAREAtaxNONEsui1komi4
Root visits: 10
New playouts: 10
NN rows: 20
NN batches: 20
NN avg batch size: 1
PV: D5 D3 E3
Tree:
: T  90.87c W  98.46c S  -5.20c (+19.9 L +11.4) N      10  --  D5 D3 E3
---White(^)---
D5  : T  87.69c W  98.03c S  -8.93c (+17.8 L +10.7) LCB   65.03c P 69.42% WF   6.0 PSV       6 N       6  --  D5 D3 E3
D4  : T  89.08c W  98.99c S  -5.19c (+19.9 L +10.5) LCB   13.70c P 26.00% WF   3.0 PSV       2 N       3  --  D4 D5 C4

: Response: {"humanPolicy":[6.85374471e-05,0.000206649522,0.00156342366,0.000466296042,5.96030695e-05,3.01682867e-05,5.50349505e-05,0.000149351399,0.0814790875,-1.0,0.346708745,0.00149627833,0.000224464748,2.27956407e-05,0.000150780528,0.00592048094,-1.0,0.158976093,0.0878484175,0.000238747889,2.86301474e-05,6.11788491e-05,0.000627750589,0.0139213242,0.102009229,0.0379385166,0.00020956443,2.03971213e-05,4.86395584e-05,0.000366842462,0.0511694998,0.042356696,0.0636016876,0.000125691673,1.6575832e-05,2.75586954e-05,0.000252004538,0.000483027135,0.000478834845,0.000192541498,0.000173482462,1.47153332e-05,4.68032886e-05,2.05568813e-05,4.03448394e-05,2.12094274e-05,1.74614961e-05,1.21506264e-05,3.78052391e-05,1.43944944e-05],"id":"foo","isDuringSearch":false,"moveInfos":[{"edgeVisits":6,"edgeWeight":6.0,"humanPrior":0.158976093,"lcb":0.909182499,"move":"D5","order":0,"playSelectionValue":6.0,"prior":0.694230258,"pv":["D5","D3","E3"],"scoreLead":10.6779223,"scoreMean":10.6779223,"scoreSelfplay":17.8119521,"scoreStdev":10.1132049,"utility":0.876926809,"utilityLcb":0.650260052,"visits":6,"weight":6.0,"winrate":0.990134912},{"edgeVisits":3,"edgeWeight":3.0,"humanPrior":0.102009229,"lcb":0.725730305,"move":"D4","order":1,"playSelectionValue":2.0,"prior":0.260008901,"pv":["D4","D5","C4"],"scoreLead":10.4545644,"scoreMean":10.4545644,"scoreSelfplay":19.9351018,"scoreStdev":11.2099112,"utility":0.890798985,"utilityLcb":0.136984312,"visits":3,"weight":3.0,"winrate":0.994949831}],"ownership":[0.377928,0.472719,0.400265,0.413102,0.359312,0.270307,0.201786,0.446289,0.451929,0.323765,0.48191,0.429426,0.307488,0.200346,0.359546,0.488579,0.890953,0.67287,0.373362,0.288708,0.192804,0.361123,0.477896,0.454385,0.432992,0.419112,0.204163,0.162076,0.245883,0.251108,0.382379,-0.16923,0.115153,0.090017,0.078644,0.145925,0.100888,-0.0162,-0.091367,-0.029975,-0.06122,-0.030774,0.048096,-0.013091,-0.058441,-0.087758,-0.095796,-0.12366,-0.098785],"policy":[2.45265455e-05,4.53660214e-05,3.7534508e-05,3.43699685e-05,3.60642734e-05,5.78434156e-05,4.13898306e-05,4.40432414e-05,0.000718182302,-1.0,0.00893762894,7.74715008e-05,8.57425912e-05,6.14428354e-05,4.40261865e-05,0.000144139922,-1.0,0.694230258,0.00567460759,9.56503936e-05,5.2710544e-05,4.51712331e-05,0.000205637902,0.0026793743,0.260008901,0.0210922081,9.02112952e-05,5.50007317e-05,5.03248666e-05,6.6347784e-05,0.000613880984,0.00346452673,0.000253180275,6.44520478e-05,4.31602784e-05,4.0676623e-05,7.47417289e-05,9.72347116e-05,7.27143342e-05,7.08209627e-05,6.57480778e-05,4.82526557e-05,4.50253428e-05,4.69462866e-05,4.99866946e-05,4.61963318e-05,4.29446809e-05,4.8822516e-05,3.75125346e-05,3.68608999e-05],"rootInfo":{"currentPlayer":"W","humanScoreMean":13.7516994,"humanScoreStdev":16.5700146,"humanStScoreError":1.74248338,"humanStWrError":0.00400798582,"humanWinrate":0.820737123,"rawLead":18.2365685,"rawNoResultProb":0.0,"rawScoreSelfplay":32.5114861,"rawScoreSelfplayStdev":9.45860395,"rawStScoreError":-1.0,"rawStWrError":-0.5,"rawVarTimeLeft":-1.0,"rawWinrate":0.99711287,"scoreLead":11.4681368,"scoreSelfplay":19.9170447,"scoreStdev":11.2529502,"symHash":"142D62B902727ED7A147F45224109E72","thisHash":"290AC1DB39349793CE09682AF7CA6A6E","utility":0.91070968,"visits":10,"weight":10.0,"winrate":0.991980221},"turnNumber":2}
: MoveNum: 3 HASH: 1ACE111AC9EBF428362D9F3D03459891
   A B C D E F G
 7 . . O3. . . .
 6 . . X2. . . .
 5 . . O1. . . .
 4 . . . . . . .
 3 . . . . . . .
 2 . . . . . . .
 1 . . . . . . .

koPOSITIONALscoreAREAtaxNONEsui1komi4
Root visits: 10
New playouts: 10
NN rows: 30
NN batches: 30
NN avg batch size: 1
PV: D5 D6 D4
Tree:
: T -36.41c W -33.02c S  -2.93c ( -2.8 L  -1.9) N      10  --  D5 D6 D4
---Black(^)---
D5  : T -29.19c W -28.72c S  -2.60c ( -2.6 L  -1.7) LCB  -48.18c P 61.24% WF   7.2 PSV       7 N       7  --  D5 D6 D4
D4  : T -75.48c W -58.78c S  -5.60c ( -4.3 L  -2.9) LCB -230.39c P 31.00% WF   1.8 PSV       1 N       2  --  D4 D5

: Response: {"humanPolicy":[0.000852314639,0.12747027,-1.0,0.290698737,0.00103610905,0.000131520108,0.000182778182,0.000745927391,0.0876030475,-1.0,0.293418705,0.00309473276,0.000275834202,4.35914408e-05,0.000228688543,0.0282869823,-1.0,0.0847845078,0.00412620604,0.000126679632,3.99889759e-05,0.000125423787,0.000823874085,0.0288218446,0.0199481267,0.00275752414,7.43723576e-05,2.87329367e-05,5.42738089e-05,0.000223538664,0.0101897493,0.0042870068,0.00830136146,7.54376524e-05,2.7711154e-05,3.61412931e-05,0.000100186757,0.000115986484,0.000114053975,0.000100880468,0.000136912349,2.78734933e-05,0.000160830998,3.39020698e-05,3.97734366e-05,3.16420592e-05,3.05442518e-05,2.8615621e-05,0.000145767743,1.12392172e-05],"id":"foo","isDuringSearch":false,"moveInfos":[{"edgeVisits":7,"edgeWeight":7.0,"humanPrior":0.0847845078,"lcb":0.288550764,"move":"D5","order":0,"playSelectionValue":7.0,"prior":0.612439036,"pv":["D5","D6","D4"],"scoreLead":-1.68956624,"scoreMean":-1.68956624,"scoreSelfplay":-2.63265356,"scoreStdev":13.3783566,"utility":-0.291860856,"utilityLcb":-0.48177037,"visits":7,"weight":7.0,"winrate":0.356375591},{"edgeVisits":2,"edgeWeight":2.0,"humanPrior":0.0199481267,"lcb":-0.347148296,"move":"D4","order":1,"playSelectionValue":1.0,"prior":0.31002605,"pv":["D4","D5"],"scoreLead":-2.94312918,"scoreMean":-2.94312918,"scoreSelfplay":-4.28688025,"scoreStdev":12.2475683,"utility":-0.754826002,"utilityLcb":-2.30391375,"visits":2,"weight":2.0,"winrate":0.206097329}],"ownership":[-0.142156,-0.243862,-0.272969,-0.140043,0.086317,0.043376,0.127622,-0.247031,-0.176245,-0.030127,-0.233414,0.123209,0.084226,0.086476,-0.184904,-0.325578,-0.622711,0.614444,0.090074,0.131735,0.094215,-0.069496,-0.064807,0.208637,-0.030054,0.099033,0.182095,0.084693,-0.004207,0.023625,0.079362,0.066591,0.113219,0.111364,0.086171,0.036475,0.070761,0.069769,0.099564,0.07155,0.108023,0.073711,0.052482,0.055718,0.056068,0.054354,0.059738,0.072052,0.09437],"policy":[5.90853597e-05,0.000463460136,-1.0,7.61718838e-05,0.000104330698,0.000135137234,0.000122219004,0.000133460591,0.000264022005,-1.0,0.0278928615,0.000225008247,0.000138922987,0.000141955927,7.10878085e-05,0.000758567534,-1.0,0.612439036,0.0193024669,0.000146420061,0.000114213486,8.76299164e-05,0.00011346471,0.00353542506,0.31002605,0.0127730472,0.000119581862,0.000118839373,9.63137936e-05,0.000180791001,0.000808011391,0.00700259535,0.000631542527,0.000136614457,0.000105862557,0.000124032435,0.000109817185,0.000141024473,0.000114079368,0.00013945195,0.000116808638,0.000113881753,0.000126379411,0.00012052861,9.44181302e-05,0.000104639497,9.9109333e-05,0.00010543214,0.000105397157,6.08258488e-05],"rootInfo":{"currentPlayer":"B","humanScoreMean":-3.75421882,"humanScoreStdev":19.0113898,"humanStScoreError":2.56406474,"humanStWrError":0.0267829094,"humanWinrate":0.341565132,"rawLead":-1.49650478,"rawNoResultProb":0.0,"rawScoreSelfplay":-1.6158762,"rawScoreSelfplayStdev":13.9578489,"rawStScoreError":-1.0,"rawStWrError":-0.5,"rawVarTimeLeft":-1.0,"rawWinrate":0.409223378,"scoreLead":-1.80739974,"scoreSelfplay":-2.70348126,"scoreStdev":13.3392179,"symHash":"478E9637C4E9D7DD298C5EDA99EA7431","thisHash":"90E43B353BA64F45F3186642D389E6E7","utility":-0.332047627,"visits":10,"weight":10.0,"winrate":0.345549982},"turnNumber":3}
: MoveNum: 3 HASH: 1ACE111AC9EBF428362D9F3D03459891
   A B C D E F G
 7 . . O3. . . .
 6 . . X2. . . .
 5 . . O1. . . .
 4 . . . . . . .
 3 . . . . . . .
 2 . . . . . . .
 1 . . . . . . .

koPOSITIONALscoreAREAtaxNONEsui1komi4
Root visits: 20
New playouts: 20
NN rows: 40
NN batches: 40
NN avg batch size: 1
PV: D5 D4 C4 B5 E4
Tree:
: T -46.50c W -39.92c S  -3.30c ( -3.0 L  -1.9) N      20  --  D5 D4 C4 B5 E4
---Black(^)---
D5  : T -45.79c W -38.36c S  -3.16c ( -2.9 L  -1.8) LCB  -77.74c P 61.24% WF  16.1 PSV      16 N      16  --  D5 D4 C4 B5 E4
D4  : T -60.01c W -56.25c S  -5.07c ( -4.0 L  -2.6) LCB -138.72c P 31.00% WF   2.9 PSV       3 N       3  --  D4 D5 E5

: Response: {"humanPolicy":[0.000852314639,0.12747027,-1.0,0.290698737,0.00103610905,0.000131520108,0.000182778182,0.000745927391,0.0876030475,-1.0,0.293418705,0.00309473276,0.000275834202,4.35914408e-05,0.000228688543,0.0282869823,-1.0,0.0847845078,0.00412620604,0.000126679632,3.99889759e-05,0.000125423787,0.000823874085,0.0288218446,0.0199481267,0.00275752414,7.43723576e-05,2.87329367e-05,5.42738089e-05,0.000223538664,0.0101897493,0.0042870068,0.00830136146,7.54376524e-05,2.7711154e-05,3.61412931e-05,0.000100186757,0.000115986484,0.000114053975,0.000100880468,0.000136912349,2.78734933e-05,0.000160830998,3.39020698e-05,3.97734366e-05,3.16420592e-05,3.05442518e-05,2.8615621e-05,0.000145767743,1.12392172e-05],"id":"foo","isDuringSearch":false,"moveInfos":[{"edgeVisits":16,"edgeWeight":16.0,"humanPrior":0.0847845078,"lcb":0.194116359,"move":"D5","order":0,"playSelectionValue":16.0,"prior":0.612439036,"pv":["D5","D4","C4","B5","E4"],"scoreLead":-1.82028296,"scoreMean":-1.82028296,"scoreSelfplay":-2.93047145,"scoreStdev":12.9005938,"utility":-0.457891133,"utilityLcb":-0.777386855,"visits":16,"weight":16.0,"winrate":0.308221974},{"edgeVisits":3,"edgeWeight":3.0,"humanPrior":0.0199481267,"lcb":-0.0623530818,"move":"D4","order":1,"playSelectionValue":3.0,"prior":0.31002605,"pv":["D4","D5","E5"],"scoreLead":-2.58965786,"scoreMean":-2.58965786,"scoreSelfplay":-3.97079515,"scoreStdev":12.1986706,"utility":-0.600111011,"utilityLcb":-1.38724212,"visits":3,"weight":3.0,"winrate":0.218765173}],"ownership":[-0.076754,-0.180067,-0.230941,-0.093151,0.0355,0.00136,0.072199,-0.175813,0.003984,0.087754,-0.183895,0.104554,0.068294,0.056493,-0.133474,-0.267308,-0.490567,0.702823,0.246078,0.129825,0.07384,-0.071618,-0.037749,0.122058,-0.085892,0.131734,0.173389,0.083116,-0.02477,-0.026852,0.033883,-0.007423,0.093192,0.100559,0.094522,0.01674,0.033103,0.015168,0.081604,0.055697,0.105104,0.090371,0.028321,0.052355,0.040727,0.045328,0.059734,0.099222,0.114581],"ownershipStdev":[0.392207,0.34935,0.347724,0.330885,0.313723,0.285414,0.239616,0.342142,0.507286,0.471835,0.472435,0.303743,0.303759,0.240394,0.274839,0.300765,0.35412,0.266481,0.250832,0.202195,0.167018,0.201953,0.219808,0.387265,0.610197,0.243309,0.16895,0.173302,0.18084,0.22863,0.263671,0.316561,0.194802,0.209376,0.166529,0.148999,0.181002,0.189009,0.181786,0.186983,0.167806,0.144799,0.132504,0.171304,0.149567,0.134611,0.129068,0.164129,0.129273],"policy":[5.90853597e-05,0.000463460136,-1.0,7.61718838e-05,0.000104330698,0.000135137234,0.000122219004,0.000133460591,0.000264022005,-1.0,0.0278928615,0.000225008247,0.000138922987,0.000141955927,7.10878085e-05,0.000758567534,-1.0,0.612439036,0.0193024669,0.000146420061,0.000114213486,8.76299164e-05,0.00011346471,0.00353542506,0.31002605,0.0127730472,0.000119581862,0.000118839373,9.63137936e-05,0.000180791001,0.000808011391,0.00700259535,0.000631542527,0.000136614457,0.000105862557,0.000124032435,0.000109817185,0.000141024473,0.000114079368,0.00013945195,0.000116808638,0.000113881753,0.000126379411,0.00012052861,9.44181302e-05,0.000104639497,9.9109333e-05,0.00010543214,0.000105397157,6.08258488e-05],"rootInfo":{"currentPlayer":"B","humanScoreMean":-3.75421882,"humanScoreStdev":19.0113898,"humanStScoreError":2.56406474,"humanStWrError":0.0267829094,"humanWinrate":0.341565132,"rawLead":-1.49650478,"rawNoResultProb":0.0,"rawScoreSelfplay":-1.6158762,"rawScoreSelfplayStdev":13.9578489,"rawStScoreError":-1.0,"rawStWrError":-0.5,"rawVarTimeLeft":-1.0,"rawWinrate":0.409223378,"scoreLead":-1.91950029,"scoreSelfplay":-3.02079024,"scoreStdev":12.8624671,"symHash":"478E9637C4E9D7DD298C5EDA99EA7431","thisHash":"90E43B353BA64F45F3186642D389E6E7","utility":-0.465858391,"visits":20,"weight":20.0,"winrate":0.299853524},"turnNumber":3}
: MoveNum: 0 HASH: 7C3EA13775959FA409A2D2A8D5377659
   A B C D E F G H J K L M N O P Q R S T
19 . . . . . . . . . . . . . . . . X . .
18 . . . . . . . . . . O . O X X X O X .
17 . . . O . X . . O . O . O X O O O O .
16 . . . O . . . . . . X X X O X X X X .
15 . . . . . . . . . . . . . O . . . . .
14 . . . O . . . . . . . . . . . . . . .
13 . . . . . . . . . . . . . . . . . . .
12 . . . . . . . . . . . . . . . . . . .
11 . . . . . . . . . . . . . . . . . . .
10 . . . . . . . . . . . . . . . . . . .
 9 . . . . . . . . . . . . . . . X . . .
 8 . O O . . O X . . . . . . . . . . . .
 7 O O O O . . . . . . . . . . . . . . .
 6 X X X X O O X . . . . . . . . . . . .
 5 X O O O X X X . . . . . . . . . . . .
 4 X X X O X . . . . . . . . . . . O . .
 3 X . X O O X X X X X . X . . . X X . .
 2 . O X O O O O O O X O X . . . . . . .
 1 X X X X O . . . . O . . . . . . . . .

koPOSITIONALscoreAREAtaxNONEsui1komi7.5
Root visits: 7
New playouts: 30
NN rows: 68
NN batches: 68
NN avg batch size: 1
PV: K16 L14 K15 M13
Tree:
: T  36.96c W  34.05c S   1.94c ( +6.8 L  +8.9) N       7  --  K16 L14 K15 M13
---White(^)---
K16 : T  36.73c W  33.53c S   1.86c ( +6.7 L  +8.8) LCB   -6.89c P 29.96% WF   4.0 PSV       4 N       4  --  K16 L14 K15 M13
R7  : T  38.88c W  35.80c S   2.36c ( +7.4 L  +9.4) LCB -111.14c P 14.36% WF   2.0 PSV       2 N       3  --  R7 R8 Q7
Q4  : T  26.49c W  26.41c S   0.99c ( +5.4 L  +7.4) LCB -1400.00c P  3.16% WF   0.0 PSV       0 N       7  --  Q4 R7 P3 P2 O2
G9  : T  34.44c W  32.53c S   1.91c ( +6.7 L  +8.3) LCB -1400.00c P  1.83% WF   0.0 PSV       0 N       1  --  G9
S3  : T  34.59c W  32.96c S   1.63c ( +6.4 L  +8.5) LCB -1400.00c P  0.70% WF   0.0 PSV       0 N       2  --  S3 S2
A2  : T -10.20c W  -6.60c S  -3.60c ( -1.2 L  +1.1) LCB -1400.00c P  0.62% WF   0.0 PSV       0 N       1  --  A2
R6  : T  33.90c W  32.04c S   1.86c ( +6.6 L  +8.5) LCB -1400.00c P  0.50% WF   0.0 PSV       0 N       1  --  R6
G7  : T  15.17c W  16.17c S  -1.00c ( +2.6 L  +4.7) LCB -1400.00c P  0.02% WF   0.0 PSV       0 N       1  --  G7
F9  : T  20.58c W  21.00c S  -0.41c ( +3.4 L  +5.0) LCB -1400.00c P  0.01% WF   0.0 PSV       0 N       1  --  F9
S4  : T  21.52c W  21.77c S  -0.25c ( +3.7 L  +5.9) LCB -1400.00c P  0.01% WF   0.0 PSV       0 N       1  --  S4

: Response: {"id":"foo","isDuringSearch":false,"moveInfos":[{"edgeVisits":4,"edgeWeight":4.0,"humanPrior":0.0369623117,"lcb":0.511880097,"move":"K16","order":0,"playSelectionValue":4.42880876,"prior":0.299587816,"pv":["K16","L14","K15","M13"],"scoreLead":8.79813647,"scoreMean":8.79813647,"scoreSelfplay":6.67280865,"scoreStdev":29.3864445,"utility":0.367325303,"utilityLcb":-0.0688846523,"visits":4,"weight":4.0,"winrate":0.667669367},{"edgeVisits":2,"edgeWeight":2.0,"humanPrior":0.0705723017,"lcb":0.143193719,"move":"R7","order":1,"playSelectionValue":2.0,"prior":0.143581659,"pv":["R7","R8","Q7"],"scoreLead":9.39227041,"scoreMean":9.39227041,"scoreSelfplay":7.38500214,"scoreStdev":29.3247442,"utility":0.388834378,"utilityLcb":-1.11140511,"visits":3,"weight":3.0,"winrate":0.678993538},{"edgeVisits":0,"edgeWeight":0.0,"humanPrior":0.196349591,"lcb":-4.36795074,"move":"Q4","order":2,"playSelectionValue":0.0,"prior":0.0316008069,"pv":["Q4","R7","P3","P2","O2"],"scoreLead":7.44575794,"scoreMean":7.44575794,"scoreSelfplay":5.4460275,"scoreStdev":30.418516,"utility":0.264882873,"utilityLcb":-14.0,"visits":7,"weight":7.0,"winrate":0.632049258},{"edgeVisits":0,"edgeWeight":0.0,"humanPrior":0.0410413854,"lcb":-4.33736868,"move":"G9","order":3,"playSelectionValue":0.0,"prior":0.0183478482,"pv":["G9"],"scoreLead":8.32254028,"scoreMean":8.32254028,"scoreSelfplay":6.72841787,"scoreStdev":29.0530783,"utility":0.344365091,"utilityLcb":-14.0,"visits":1,"weight":1.0,"winrate":0.662631318},{"edgeVisits":0,"edgeWeight":0.0,"humanPrior":0.0667610988,"lcb":-4.33519762,"move":"S3","order":4,"playSelectionValue":0.0,"prior":0.00703887548,"pv":["S3","S2"],"scoreLead":8.50723076,"scoreMean":8.50723076,"scoreSelfplay":6.37497807,"scoreStdev":29.9659302,"utility":0.345914734,"utilityLcb":-14.0,"visits":2,"weight":2.0,"winrate":0.66480238},{"edgeVisits":0,"edgeWeight":0.0,"humanPrior":0.0245562065,"lcb":-4.5329944,"move":"A2","order":5,"playSelectionValue":0.0,"prior":0.00615687622,"pv":["A2"],"scoreLead":1.10996413,"scoreMean":1.10996413,"scoreSelfplay":-1.23167384,"scoreStdev":29.7749833,"utility":-0.102036992,"utilityLcb":-14.0,"visits":1,"weight":1.0,"winrate":0.467005596},{"edgeVisits":0,"edgeWeight":0.0,"humanPrior":0.0320271477,"lcb":-4.3397904,"move":"R6","order":6,"playSelectionValue":0.0,"prior":0.00500471657,"pv":["R6"],"scoreLead":8.54385853,"scoreMean":8.54385853,"scoreSelfplay":6.62570715,"scoreStdev":28.4216511,"utility":0.339022981,"utilityLcb":-14.0,"visits":1,"weight":1.0,"winrate":0.660209596},{"edgeVisits":0,"edgeWeight":0.0,"humanPrior":0.0372914039,"lcb":-4.41912936,"move":"G7","order":7,"playSelectionValue":0.0,"prior":0.000152025168,"pv":["G7"],"scoreLead":4.65021658,"scoreMean":4.65021658,"scoreSelfplay":2.57078266,"scoreStdev":29.3902537,"utility":0.151748809,"utilityLcb":-14.0,"visits":1,"weight":1.0,"winrate":0.580870643},{"edgeVisits":0,"edgeWeight":0.0,"humanPrior":0.029388109199999998,"lcb":-4.39500558,"move":"F9","order":8,"playSelectionValue":0.0,"prior":0.000125057384,"pv":["F9"],"scoreLead":4.9897151,"scoreMean":4.9897151,"scoreSelfplay":3.41912174,"scoreStdev":28.9209196,"utility":0.205841349,"utilityLcb":-14.0,"visits":1,"weight":1.0,"winrate":0.604994416},{"edgeVisits":0,"edgeWeight":0.0,"humanPrior":0.0254641902,"lcb":-4.39117271,"move":"S4","order":9,"playSelectionValue":0.0,"prior":7.54144639e-05,"pv":["S4"],"scoreLead":5.90822792,"scoreMean":5.90822792,"scoreSelfplay":3.65227604,"scoreStdev":29.0771551,"utility":0.215165146,"utilityLcb":-14.0,"visits":1,"weight":1.0,"winrate":0.608827293},{"edgeVisits":0,"edgeWeight":0.0,"humanPrior":0.0632290989,"lcb":-4.47383799,"move":"L3","order":10,"playSelectionValue":0.0,"prior":4.15973736e-05,"pv":["L3","L4"],"scoreLead":2.22643697,"scoreMean":2.22643697,"scoreSelfplay":0.172397494,"scoreStdev":29.917735,"utility":0.0259883504,"utilityLcb":-14.0,"visits":2,"weight":2.0,"winrate":0.526162006},{"edgeVisits":0,"edgeWeight":0.0,"humanPrior":0.0476230048,"lcb":-4.54472099,"move":"M1","order":11,"playSelectionValue":0.0,"prior":2.34367781e-05,"pv":["M1"],"scoreLead":0.334193558,"scoreMean":0.334193558,"scoreSelfplay":-1.91195869,"scoreStdev":29.6125677,"utility":-0.130283863,"utilityLcb":-14.0,"visits":1,"weight":1.0,"winrate":0.455279008},{"edgeVisits":0,"edgeWeight":0.0,"humanPrior":0.0433348976,"lcb":-4.54907523,"move":"L1","order":12,"playSelectionValue":0.0,"prior":1.39691119e-05,"pv":["L1"],"scoreLead":0.406495482,"scoreMean":0.406495482,"scoreSelfplay":-1.81129742,"scoreStdev":29.6095104,"utility":-0.138306301,"utilityLcb":-14.0,"visits":1,"weight":1.0,"winrate":0.450924769},{"edgeVisits":0,"edgeWeight":0.0,"humanPrior":0.0246872716,"lcb":-4.5624757,"move":"J1","order":13,"playSelectionValue":0.0,"prior":6.93269703e-06,"pv":["J1"],"scoreLead":-0.0982531756,"scoreMean":-0.0982531756,"scoreSelfplay":-2.14616728,"scoreStdev":29.3510101,"utility":-0.167643595,"utilityLcb":-14.0,"visits":1,"weight":1.0,"winrate":0.437524304}],"rootInfo":{"currentPlayer":"W","humanScoreMean":28.7751961,"humanScoreStdev":53.3559324,"humanStScoreError":5.883255,"humanStWrError":0.210918367,"humanWinrate":0.690179825,"rawLead":8.56749344,"rawNoResultProb":0.0,"rawScoreSelfplay":6.07318974,"rawScoreSelfplayStdev":30.5707463,"rawStScoreError":-1.0,"rawStWrError":-0.5,"rawVarTimeLeft":-1.0,"rawWinrate":0.662835419,"scoreLead":8.93494002,"scoreSelfplay":6.79063266,"scoreStdev":29.54411,"symHash":"1A326E1983022DB5AB1F2B942BB7BC2D","thisHash":"AFFF600595A143143082974D1DEECB2A","utility":0.369536658,"visits":7,"weight":7.0,"winrate":0.67021428},"turnNumber":0}
: tests/models/g170-b6c96-s175395328-d26788732.bin.gz
: NN rows: 68
: NN batches: 68
: NN avg batch size: 1
: models/b18c384nbt-humanv0.bin.gz
: NN rows: 4
: NN batches: 4
: NN avg batch size: 1
: GPU -1 finishing, processed 68 rows 68 batches
: GPU -1 finishing, processed 4 rows 4 batches
: All cleaned up, quitting
