{"action":"query_models","id":"foo","models":[{"internalName":"g170-b6c96-s175395328-d26788732","maxBatchSize":64,"name":"tests/models/g170-b6c96-s175395328-d26788732.bin.gz","usesHumanSLProfile":false,"usingFP16":"false","version":8},{"internalName":"b18c384nbt-humanv0","maxBatchSize":64,"name":"models/b18c384nbt-humanv0.bin.gz","usesHumanSLProfile":true,"usingFP16":"false","version":15}]}
{"id":"foo","isDuringSearch":false,"moveInfos":[{"edgeVisits":9,"edgeWeight":9.0,"humanPrior":0.595579863,"lcb":0.343365482,"move":"Q5","order":0,"playSelectionValue":9.0,"prior":0.746775985,"pv":["Q5","R5","Q6","R6","Q7"],"scoreLead":-7.02057559,"scoreMean":-7.02057559,"scoreSelfplay":-7.33654173,"scoreStdev":30.8994608,"utility":-0.232825022,"utilityLcb":-0.360528289,"visits":9,"weight":9.0,"winrate":0.388973791}],"rootInfo":{"currentPlayer":"W","humanScoreMean":-21.6402454,"humanScoreStdev":71.8294698,"humanStScoreError":4.45075655,"humanStWrError":0.0997642055,"humanWinrate":0.321543157,"rawLead":-7.74122715,"rawNoResultProb":0.0,"rawScoreSelfplay":-8.22545433,"rawScoreSelfplayStdev":31.4021391,"rawStScoreError":-1.0,"rawStWrError":-0.5,"rawVarTimeLeft":-1.0,"rawWinrate":0.359756589,"scoreLead":-7.09264075,"scoreSelfplay":-7.42543299,"scoreStdev":30.9512449,"symHash":"215BAF8265F4950EC41771439410160F","thisHash":"FA2C1B0E252C40AF31EB9DEC2CCCCD34","utility":-0.239472966,"visits":10,"weight":10.0,"winrate":0.386052071},"turnNumber":2}
{"humanPolicy":[6.85374471e-05,0.000206649522,0.00156342366,0.000466296042,5.96030695e-05,3.01682867e-05,5.50349505e-05,0.000149351399,0.0814790875,-1.0,0.346708745,0.00149627833,0.000224464748,2.27956407e-05,0.000150780528,0.00592048094,-1.0,0.158976093,0.0878484175,0.000238747889,2.86301474e-05,6.11788491e-05,0.000627750589,0.0139213242,0.102009229,0.0379385166,0.00020956443,2.03971213e-05,4.86395584e-05,0.000366842462,0.0511694998,0.042356696,0.0636016876,0.000125691673,1.6575832e-05,2.75586954e-05,0.000252004538,0.000483027135,0.000478834845,0.000192541498,0.000173482462,1.47153332e-05,4.68032886e-05,2.05568813e-05,4.03448394e-05,2.12094274e-05,1.74614961e-05,1.21506264e-05,3.78052391e-05,1.43944944e-05],"id":"foo","isDuringSearch":false,"moveInfos":[{"edgeVisits":6,"edgeWeight":6.0,"humanPrior":0.158976093,"lcb":0.909182499,"move":"D5","order":0,"playSelectionValue":6.0,"prior":0.694230258,"pv":["D5","D3","E3"],"scoreLead":10.6779223,"scoreMean":10.6779223,"scoreSelfplay":17.8119521,"scoreStdev":10.1132049,"utility":0.876926809,"utilityLcb":0.650260052,"visits":6,"weight":6.0,"winrate":0.990134912},{"edgeVisits":3,"edgeWeight":3.0,"humanPrior":0.102009229,"lcb":0.725730305,"move":"D4","order":1,"playSelectionValue":2.0,"prior":0.260008901,"pv":["D4","D5","C4"],"scoreLead":10.4545644,"scoreMean":10.4545644,"scoreSelfplay":19.9351018,"scoreStdev":11.2099112,"utility":0.890798985,"utilityLcb":0.136984312,"visits":3,"weight":3.0,"winrate":0.994949831}],"ownership":[0.377928,0.472719,0.400265,0.413102,0.359312,0.270307,0.201786,0.446289,0.451929,0.323765,0.48191,0.429426,0.307488,0.200346,0.359546,0.488579,0.890953,0.67287,0.373362,0.288708,0.192804,0.361123,0.477896,0.454385,0.432992,0.419112,0.204163,0.162076,0.245883,0.251108,0.382379,-0.16923,0.115153,0.090017,0.078644,0.145925,0.100888,-0.0162,-0.091367,-0.029975,-0.06122,-0.030774,0.048096,-0.013091,-0.058441,-0.087758,-0.095796,-0.12366,-0.098785],"policy":[2.45265455e-05,4.53660214e-05,3.7534508e-05,3.43699685e-05,3.60642734e-05,5.78434156e-05,4.13898306e-05,4.40432414e-05,0.000718182302,-1.0,0.00893762894,7.74715008e-05,8.57425912e-05,6.14428354e-05,4.40261865e-05,0.000144139922,-1.0,0.694230258,0.00567460759,9.56503936e-05,5.2710544e-05,4.51712331e-05,0.000205637902,0.0026793743,0.260008901,0.0210922081,9.02112952e-05,5.50007317e-05,5.03248666e-05,6.6347784e-05,0.000613880984,0.00346452673,0.000253180275,6.44520478e-05,4.31602784e-05,4.0676623e-05,7.47417289e-05,9.72347116e-05,7.27143342e-05,7.08209627e-05,6.57480778e-05,4.82526557e-05,4.50253428e-05,4.69462866e-05,4.99866946e-05,4.61963318e-05,4.29446809e-05,4.8822516e-05,3.75125346e-05,3.68608999e-05],"rootInfo":{"currentPlayer":"W","humanScoreMean":13.7516994,"humanScoreStdev":16.5700146,"humanStScoreError":1.74248338,"humanStWrError":0.00400798582,"humanWinrate":0.820737123,"rawLead":18.2365685,"rawNoResultProb":0.0,"rawScoreSelfplay":32.5114861,"rawScoreSelfplayStdev":9.45860395,"rawStScoreError":-1.0,"rawStWrError":-0.5,"rawVarTimeLeft":-1.0,"rawWinrate":0.99711287,"scoreLead":11.4681368,"scoreSelfplay":19.9170447,"scoreStdev":11.2529502,"symHash":"142D62B902727ED7A147F45224109E72","thisHash":"290AC1DB39349793CE09682AF7CA6A6E","utility":0.91070968,"visits":10,"weight":10.0,"winrate":0.991980221},"turnNumber":2}
{"humanPolicy":[0.000852314639,0.12747027,-1.0,0.290698737,0.00103610905,0.000131520108,0.000182778182,0.000745927391,0.0876030475,-1.0,0.293418705,0.00309473276,0.000275834202,4.35914408e-05,0.000228688543,0.0282869823,-1.0,0.0847845078,0.00412620604,0.000126679632,3.99889759e-05,0.000125423787,0.000823874085,0.0288218446,0.0199481267,0.00275752414,7.43723576e-05,2.87329367e-05,5.42738089e-05,0.000223538664,0.0101897493,0.0042870068,0.00830136146,7.54376524e-05,2.7711154e-05,3.61412931e-05,0.000100186757,0.000115986484,0.000114053975,0.000100880468,0.000136912349,2.78734933e-05,0.000160830998,3.39020698e-05,3.97734366e-05,3.16420592e-05,3.05442518e-05,2.8615621e-05,0.000145767743,1.12392172e-05],"id":"foo","isDuringSearch":false,"moveInfos":[{"edgeVisits":7,"edgeWeight":7.0,"humanPrior":0.0847845078,"lcb":0.288550764,"move":"D5","order":0,"playSelectionValue":7.0,"prior":0.612439036,"pv":["D5","D6","D4"],"scoreLead":-1.68956624,"scoreMean":-1.68956624,"scoreSelfplay":-2.63265356,"scoreStdev":13.3783566,"utility":-0.291860856,"utilityLcb":-0.48177037,"visits":7,"weight":7.0,"winrate":0.356375591},{"edgeVisits":2,"edgeWeight":2.0,"humanPrior":0.0199481267,"lcb":-0.347148296,"move":"D4","order":1,"playSelectionValue":1.0,"prior":0.31002605,"pv":["D4","D5"],"scoreLead":-2.94312918,"scoreMean":-2.94312918,"scoreSelfplay":-4.28688025,"scoreStdev":12.2475683,"utility":-0.754826002,"utilityLcb":-2.30391375,"visits":2,"weight":2.0,"winrate":0.206097329}],"ownership":[-0.142156,-0.243862,-0.272969,-0.140043,0.086317,0.043376,0.127622,-0.247031,-0.176245,-0.030127,-0.233414,0.123209,0.084226,0.086476,-0.184904,-0.325578,-0.622711,0.614444,0.090074,0.131735,0.094215,-0.069496,-0.064807,0.208637,-0.030054,0.099033,0.182095,0.084693,-0.004207,0.023625,0.079362,0.066591,0.113219,0.111364,0.086171,0.036475,0.070761,0.069769,0.099564,0.07155,0.108023,0.073711,0.052482,0.055718,0.056068,0.054354,0.059738,0.072052,0.09437],"policy":[5.90853597e-05,0.000463460136,-1.0,7.61718838e-05,0.000104330698,0.000135137234,0.000122219004,0.000133460591,0.000264022005,-1.0,0.0278928615,0.000225008247,0.000138922987,0.000141955927,7.10878085e-05,0.000758567534,-1.0,0.612439036,0.0193024669,0.000146420061,0.000114213486,8.76299164e-05,0.00011346471,0.00353542506,0.31002605,0.0127730472,0.000119581862,0.000118839373,9.63137936e-05,0.000180791001,0.000808011391,0.00700259535,0.000631542527,0.000136614457,0.000105862557,0.000124032435,0.000109817185,0.000141024473,0.000114079368,0.00013945195,0.000116808638,0.000113881753,0.000126379411,0.00012052861,9.44181302e-05,0.000104639497,9.9109333e-05,0.00010543214,0.000105397157,6.08258488e-05],"rootInfo":{"currentPlayer":"B","humanScoreMean":-3.75421882,"humanScoreStdev":19.0113898,"humanStScoreError":2.56406474,"humanStWrError":0.0267829094,"humanWinrate":0.341565132,"rawLead":-1.49650478,"rawNoResultProb":0.0,"rawScoreSelfplay":-1.6158762,"rawScoreSelfplayStdev":13.9578489,"rawStScoreError":-1.0,"rawStWrError":-0.5,"rawVarTimeLeft":-1.0,"rawWinrate":0.409223378,"scoreLead":-1.80739974,"scoreSelfplay":-2.70348126,"scoreStdev":13.3392179,"symHash":"478E9637C4E9D7DD298C5EDA99EA7431","thisHash":"90E43B353BA64F45F3186642D389E6E7","utility":-0.332047627,"visits":10,"weight":10.0,"winrate":0.345549982},"turnNumber":3}
{"humanPolicy":[0.000852314639,0.12747027,-1.0,0.290698737,0.00103610905,0.000131520108,0.000182778182,0.000745927391,0.0876030475,-1.0,0.293418705,0.00309473276,0.000275834202,4.35914408e-05,0.000228688543,0.0282869823,-1.0,0.0847845078,0.00412620604,0.000126679632,3.99889759e-05,0.000125423787,0.000823874085,0.0288218446,0.0199481267,0.00275752414,7.43723576e-05,2.87329367e-05,5.42738089e-05,0.000223538664,0.0101897493,0.0042870068,0.00830136146,7.54376524e-05,2.7711154e-05,3.61412931e-05,0.000100186757,0.000115986484,0.000114053975,0.000100880468,0.000136912349,2.78734933e-05,0.000160830998,3.39020698e-05,3.97734366e-05,3.16420592e-05,3.05442518e-05,2.8615621e-05,0.000145767743,1.12392172e-05],"id":"foo","isDuringSearch":false,"moveInfos":[{"edgeVisits":16,"edgeWeight":16.0,"humanPrior":0.0847845078,"lcb":0.194116359,"move":"D5","order":0,"playSelectionValue":16.0,"prior":0.612439036,"pv":["D5","D4","C4","B5","E4"],"scoreLead":-1.82028296,"scoreMean":-1.82028296,"scoreSelfplay":-2.93047145,"scoreStdev":12.9005938,"utility":-0.457891133,"utilityLcb":-0.777386855,"visits":16,"weight":16.0,"winrate":0.308221974},{"edgeVisits":3,"edgeWeight":3.0,"humanPrior":0.0199481267,"lcb":-0.0623530818,"move":"D4","order":1,"playSelectionValue":3.0,"prior":0.31002605,"pv":["D4","D5","E5"],"scoreLead":-2.58965786,"scoreMean":-2.58965786,"scoreSelfplay":-3.97079515,"scoreStdev":12.1986706,"utility":-0.600111011,"utilityLcb":-1.38724212,"visits":3,"weight":3.0,"winrate":0.218765173}],"ownership":[-0.076754,-0.180067,-0.230941,-0.093151,0.0355,0.00136,0.072199,-0.175813,0.003984,0.087754,-0.183895,0.104554,0.068294,0.056493,-0.133474,-0.267308,-0.490567,0.702823,0.246078,0.129825,0.07384,-0.071618,-0.037749,0.122058,-0.085892,0.131734,0.173389,0.083116,-0.02477,-0.026852,0.033883,-0.007423,0.093192,0.100559,0.094522,0.01674,0.033103,0.015168,0.081604,0.055697,0.105104,0.090371,0.028321,0.052355,0.040727,0.045328,0.059734,0.099222,0.114581],"ownershipStdev":[0.392207,0.34935,0.347724,0.330885,0.313723,0.285414,0.239616,0.342142,0.507286,0.471835,0.472435,0.303743,0.303759,0.240394,0.274839,0.300765,0.35412,0.266481,0.250832,0.202195,0.167018,0.201953,0.219808,0.387265,0.610197,0.243309,0.16895,0.173302,0.18084,0.22863,0.263671,0.316561,0.194802,0.209376,0.166529,0.148999,0.181002,0.189009,0.181786,0.186983,0.167806,0.144799,0.132504,0.171304,0.149567,0.134611,0.129068,0.164129,0.129273],"policy":[5.90853597e-05,0.000463460136,-1.0,7.61718838e-05,0.000104330698,0.000135137234,0.000122219004,0.000133460591,0.000264022005,-1.0,0.0278928615,0.000225008247,0.000138922987,0.000141955927,7.10878085e-05,0.000758567534,-1.0,0.612439036,0.0193024669,0.000146420061,0.000114213486,8.76299164e-05,0.00011346471,0.00353542506,0.31002605,0.0127730472,0.000119581862,0.000118839373,9.63137936e-05,0.000180791001,0.000808011391,0.00700259535,0.000631542527,0.000136614457,0.000105862557,0.000124032435,0.000109817185,0.000141024473,0.000114079368,0.00013945195,0.000116808638,0.000113881753,0.000126379411,0.00012052861,9.44181302e-05,0.000104639497,9.9109333e-05,0.00010543214,0.000105397157,6.08258488e-05],"rootInfo":{"currentPlayer":"B","humanScoreMean":-3.75421882,"humanScoreStdev":19.0113898,"humanStScoreError":2.56406474,"humanStWrError":0.0267829094,"humanWinrate":0.341565132,"rawLead":-1.49650478,"rawNoResultProb":0.0,"rawScoreSelfplay":-1.6158762,"rawScoreSelfplayStdev":13.9578489,"rawStScoreError":-1.0,"rawStWrError":-0.5,"rawVarTimeLeft":-1.0,"rawWinrate":0.409223378,"scoreLead":-1.91950029,"scoreSelfplay":-3.02079024,"scoreStdev":12.8624671,"symHash":"478E9637C4E9D7DD298C5EDA99EA7431","thisHash":"90E43B353BA64F45F3186642D389E6E7","utility":-0.465858391,"visits":20,"weight":20.0,"winrate":0.299853524},"turnNumber":3}
{"id":"foo","isDuringSearch":false,"moveInfos":[{"edgeVisits":4,"edgeWeight":4.0,"humanPrior":0.0369623117,"lcb":0.511880097,"move":"K16","order":0,"playSelectionValue":4.42880876,"prior":0.299587816,"pv":["K16","L14","K15","M13"],"scoreLead":8.79813647,"scoreMean":8.79813647,"scoreSelfplay":6.67280865,"scoreStdev":29.3864445,"utility":0.367325303,"utilityLcb":-0.0688846523,"visits":4,"weight":4.0,"winrate":0.667669367},{"edgeVisits":2,"edgeWeight":2.0,"humanPrior":0.0705723017,"lcb":0.143193719,"move":"R7","order":1,"playSelectionValue":2.0,"prior":0.143581659,"pv":["R7","R8","Q7"],"scoreLead":9.39227041,"scoreMean":9.39227041,"scoreSelfplay":7.38500214,"scoreStdev":29.3247442,"utility":0.388834378,"utilityLcb":-1.11140511,"visits":3,"weight":3.0,"winrate":0.678993538},{"edgeVisits":0,"edgeWeight":0.0,"humanPrior":0.196349591,"lcb":-4.36795074,"move":"Q4","order":2,"playSelectionValue":0.0,"prior":0.0316008069,"pv":["Q4","R7","P3","P2","O2"],"scoreLead":7.44575794,"scoreMean":7.44575794,"scoreSelfplay":5.4460275,"scoreStdev":30.418516,"utility":0.264882873,"utilityLcb":-14.0,"visits":7,"weight":7.0,"winrate":0.632049258},{"edgeVisits":0,"edgeWeight":0.0,"humanPrior":0.0410413854,"lcb":-4.33736868,"move":"G9","order":3,"playSelectionValue":0.0,"prior":0.0183478482,"pv":["G9"],"scoreLead":8.32254028,"scoreMean":8.32254028,"scoreSelfplay":6.72841787,"scoreStdev":29.0530783,"utility":0.344365091,"utilityLcb":-14.0,"visits":1,"weight":1.0,"winrate":0.662631318},{"edgeVisits":0,"edgeWeight":0.0,"humanPrior":0.0667610988,"lcb":-4.33519762,"move":"S3","order":4,"playSelectionValue":0.0,"prior":0.00703887548,"pv":["S3","S2"],"scoreLead":8.50723076,"scoreMean":8.50723076,"scoreSelfplay":6.37497807,"scoreStdev":29.9659302,"utility":0.345914734,"utilityLcb":-14.0,"visits":2,"weight":2.0,"winrate":0.66480238},{"edgeVisits":0,"edgeWeight":0.0,"humanPrior":0.0245562065,"lcb":-4.5329944,"move":"A2","order":5,"playSelectionValue":0.0,"prior":0.00615687622,"pv":["A2"],"scoreLead":1.10996413,"scoreMean":1.10996413,"scoreSelfplay":-1.23167384,"scoreStdev":29.7749833,"utility":-0.102036992,"utilityLcb":-14.0,"visits":1,"weight":1.0,"winrate":0.467005596},{"edgeVisits":0,"edgeWeight":0.0,"humanPrior":0.0320271477,"lcb":-4.3397904,"move":"R6","order":6,"playSelectionValue":0.0,"prior":0.00500471657,"pv":["R6"],"scoreLead":8.54385853,"scoreMean":8.54385853,"scoreSelfplay":6.62570715,"scoreStdev":28.4216511,"utility":0.339022981,"utilityLcb":-14.0,"visits":1,"weight":1.0,"winrate":0.660209596},{"edgeVisits":0,"edgeWeight":0.0,"humanPrior":0.0372914039,"lcb":-4.41912936,"move":"G7","order":7,"playSelectionValue":0.0,"prior":0.000152025168,"pv":["G7"],"scoreLead":4.65021658,"scoreMean":4.65021658,"scoreSelfplay":2.57078266,"scoreStdev":29.3902537,"utility":0.151748809,"utilityLcb":-14.0,"visits":1,"weight":1.0,"winrate":0.580870643},{"edgeVisits":0,"edgeWeight":0.0,"humanPrior":0.029388109199999998,"lcb":-4.39500558,"move":"F9","order":8,"playSelectionValue":0.0,"prior":0.000125057384,"pv":["F9"],"scoreLead":4.9897151,"scoreMean":4.9897151,"scoreSelfplay":3.41912174,"scoreStdev":28.9209196,"utility":0.205841349,"utilityLcb":-14.0,"visits":1,"weight":1.0,"winrate":0.604994416},{"edgeVisits":0,"edgeWeight":0.0,"humanPrior":0.0254641902,"lcb":-4.39117271,"move":"S4","order":9,"playSelectionValue":0.0,"prior":7.54144639e-05,"pv":["S4"],"scoreLead":5.90822792,"scoreMean":5.90822792,"scoreSelfplay":3.65227604,"scoreStdev":29.0771551,"utility":0.215165146,"utilityLcb":-14.0,"visits":1,"weight":1.0,"winrate":0.608827293},{"edgeVisits":0,"edgeWeight":0.0,"humanPrior":0.0632290989,"lcb":-4.47383799,"move":"L3","order":10,"playSelectionValue":0.0,"prior":4.15973736e-05,"pv":["L3","L4"],"scoreLead":2.22643697,"scoreMean":2.22643697,"scoreSelfplay":0.172397494,"scoreStdev":29.917735,"utility":0.0259883504,"utilityLcb":-14.0,"visits":2,"weight":2.0,"winrate":0.526162006},{"edgeVisits":0,"edgeWeight":0.0,"humanPrior":0.0476230048,"lcb":-4.54472099,"move":"M1","order":11,"playSelectionValue":0.0,"prior":2.34367781e-05,"pv":["M1"],"scoreLead":0.334193558,"scoreMean":0.334193558,"scoreSelfplay":-1.91195869,"scoreStdev":29.6125677,"utility":-0.130283863,"utilityLcb":-14.0,"visits":1,"weight":1.0,"winrate":0.455279008},{"edgeVisits":0,"edgeWeight":0.0,"humanPrior":0.0433348976,"lcb":-4.54907523,"move":"L1","order":12,"playSelectionValue":0.0,"prior":1.39691119e-05,"pv":["L1"],"scoreLead":0.406495482,"scoreMean":0.406495482,"scoreSelfplay":-1.81129742,"scoreStdev":29.6095104,"utility":-0.138306301,"utilityLcb":-14.0,"visits":1,"weight":1.0,"winrate":0.450924769},{"edgeVisits":0,"edgeWeight":0.0,"humanPrior":0.0246872716,"lcb":-4.5624757,"move":"J1","order":13,"playSelectionValue":0.0,"prior":6.93269703e-06,"pv":["J1"],"scoreLead":-0.0982531756,"scoreMean":-0.0982531756,"scoreSelfplay":-2.14616728,"scoreStdev":29.3510101,"utility":-0.167643595,"utilityLcb":-14.0,"visits":1,"weight":1.0,"winrate":0.437524304}],"rootInfo":{"currentPlayer":"W","humanScoreMean":28.7751961,"humanScoreStdev":53.3559324,"humanStScoreError":5.883255,"humanStWrError":0.210918367,"humanWinrate":0.690179825,"rawLead":8.56749344,"rawNoResultProb":0.0,"rawScoreSelfplay":6.07318974,"rawScoreSelfplayStdev":30.5707463,"rawStScoreError":-1.0,"rawStWrError":-0.5,"rawVarTimeLeft":-1.0,"rawWinrate":0.662835419,"scoreLead":8.93494002,"scoreSelfplay":6.79063266,"scoreStdev":29.54411,"symHash":"1A326E1983022DB5AB1F2B942BB7BC2D","thisHash":"AFFF600595A143143082974D1DEECB2A","utility":0.369536658,"visits":7,"weight":7.0,"winrate":0.67021428},"turnNumber":0}
