: Running with following config:
cudaUseFP16 = false
cudaUseNHWC = false
forDeterministicTesting = true
logAllRequests = true
logAllResponses = true
logFile = tests/results/analysis/pvvisits_nograph.txt.log
logSearchInfo = true
logTimeStamp = false
maxVisits = 500
nnCacheSizePowerOfTwo = 23
nnMaxBatchSize = 64
nnMutexPoolSizePowerOfTwo = 17
nnRandSeed = analysisTest
nnRandomize = false
numAnalysisThreads = 1
numSearchThreads = 1
openclUseFP16 = false
reportAnalysisWinratesAs = BLACK
rootSymmetryPruning = false
trtUseFP16 = false
useGraphSearch = false

: Analysis Engine starting...
: KataGo v1.16.0
: nnRandSeed0 = analysisTest
: After dedups: nnModelFile0 = tests/models/g170-b6c96-s175395328-d26788732.bin.gz useFP16 false useNHWC false
: Initializing neural net buffer to be size 19 * 19 allowing smaller boards
: Cuda backend thread 0: Found GPU NVIDIA RTX A5000 memory 25425608704 compute capability major 8 minor 6
: Cuda backend thread 0: Model version 8 useFP16 = false useNHWC = false
: Cuda backend thread 0: Model name: g170-b6c96-s175395328-d26788732
: Loaded config configs/analysis_example.cfg and/or command-line and query overrides
: Loaded model tests/models/g170-b6c96-s175395328-d26788732.bin.gz
: Config override: cudaUseFP16 = false
: Config override: cudaUseNHWC = false
: Config override: forDeterministicTesting = true
: Config override: logAllRequests = true
: Config override: logAllResponses = true
: Config override: logDir = 
: Config override: logFile = tests/results/analysis/pvvisits_nograph.txt.log
: Config override: logSearchInfo = true
: Config override: logTimeStamp = false
: Config override: nnRandSeed = analysisTest
: Config override: nnRandomize = false
: Config override: numAnalysisThreads = 1
: Config override: numSearchThreadsPerAnalysisThread = 1
: Config override: openclUseFP16 = false
: Config override: rootSymmetryPruning = false
: Config override: trtUseFP16 = false
: Config override: useGraphSearch = false
: Analyzing up to 1 positions at a time in parallel
: Started, ready to begin handling requests
: Request: {"id":"pvvisittest","initialStones":[],"moves":[["B","D4"],["W","D5"],["B","C5"],["W","E4"],["B","D3"],["W","C6"],["B","E5"],["W","D6"]],"rules":"tromp-taylor","komi":9,"boardXSize":7,"boardYSize":7,"overrideSettings":{"maxVisits":1000},"includePVVisits":true}
: Request: {"id":"pvvisittest","initialStones":[],"moves":[["B","D4"],["W","D5"],["B","C5"],["W","E4"],["B","D3"],["W","E5"],["B","C6"],["W","E3"],["B","E2"],["W","F2"],["B","D2"],["W","C4"],["B","D6"],["W","B4"]],"rules":"chinese","komi":9,"boardXSize":7,"boardYSize":7,"overrideSettings":{"maxVisits":1000},"includePVVisits":true}
: MoveNum: 8 HASH: 68923BD112145D32565C85CE0EF9CB35
   A B C D E F G
 7 . . . . . . .
 6 . . O1O3. . .
 5 . . X O X2. .
 4 . . . X O . .
 3 . . . X . . .
 2 . . . . . . .
 1 . . . . . . .

koPOSITIONALscoreAREAtaxNONEsui1komi9
Root visits: 1000
New playouts: 1000
NN rows: 767
NN batches: 767
NN avg batch size: 1
PV: F5 F4 F3 F6 E3 E6 B5 G5 B6 C4 B4 G3 F2 G2 B7 F1
Tree:
: T  15.75c W  19.85c S  -2.84c ( +1.2 L  +1.1) N    1000  --  F5 F4 F3 F6 E3 E6 B5
---Black(^)---
F5  : T  21.85c W  25.46c S  -2.01c ( +1.6 L  +1.5) LCB   11.94c P 17.71% WF 658.6 PSV     619 N     627  --  F5 F4 F3 F6 E3 E6 B5 G5
F4  : T  -2.11c W   4.15c S  -4.87c ( +0.2 L  +0.2) LCB  -22.68c P 40.28% WF 134.3 PSV      88 N     159  --  F4 C4 C3 B5 B4 F5 E3 E6
E6  : T -15.11c W  -9.29c S  -4.40c ( -0.5 L  -0.7) LCB  -40.98c P 38.55% WF  57.9 PSV      56 N      75  --  E6 F4 F5 C4 B5 C3 E3 B6
E3  : T  17.63c W  21.16c S  -4.30c ( +0.9 L  +0.8) LCB   -1.29c P  2.45% WF 137.7 PSV      23 N     136  --  E3 F4 F5 F6 F3 E6 B5 G5
B5  : T -85.40c W -71.58c S -13.82c ( -4.9 L  -4.3) LCB -435.40c P  0.79% WF   0.7 PSV       0 N       1  --  B5
B6  : T -83.23c W -70.80c S -12.42c ( -4.9 L  -3.1) LCB -433.23c P  0.04% WF   0.6 PSV       0 N       1  --  B6

: Response: {"id":"pvvisittest","isDuringSearch":false,"moveInfos":[{"edgeVisits":627,"edgeWeight":618.688748,"lcb":0.591928272,"move":"F5","order":0,"playSelectionValue":618.688748,"prior":0.17705363,"pv":["F5","F4","F3","F6","E3","E6","B5","G5","B6","C4","B4","G3","F2","G2","B7","F1"],"pvEdgeVisits":[627,235,181,146,87,69,58,55,53,25,12,9,5,3,2,1],"pvVisits":[627,235,181,146,87,69,58,55,53,25,12,9,5,3,2,1],"scoreLead":1.46359979,"scoreMean":1.46359979,"scoreSelfplay":1.62923538,"scoreStdev":9.34639109,"utility":0.218507121,"utilityLcb":0.119432979,"visits":627,"weight":618.688748,"winrate":0.627311894},{"edgeVisits":159,"edgeWeight":158.950849,"lcb":0.447309884,"move":"F4","order":1,"playSelectionValue":88.0,"prior":0.402848393,"pv":["F4","C4","C3","B5","B4","F5","E3","E6","C5","E4","B6","C4","E5"],"pvEdgeVisits":[159,120,107,102,79,28,17,14,6,5,3,2,1],"pvVisits":[159,120,107,102,79,28,17,14,6,5,3,2,1],"scoreLead":0.206792429,"scoreMean":0.206792429,"scoreSelfplay":0.204958308,"scoreStdev":9.49164472,"utility":-0.0211175715,"utilityLcb":-0.226760275,"visits":159,"weight":158.950849,"winrate":0.520753707},{"edgeVisits":75,"edgeWeight":74.9558764,"lcb":0.361165987,"move":"E6","order":2,"playSelectionValue":56.0,"prior":0.385524601,"pv":["E6","F4","F5","C4","B5","C3","E3","B6"],"pvEdgeVisits":[75,32,21,13,9,7,3,1],"pvVisits":[75,32,21,13,9,7,3,1],"scoreLead":-0.720211602,"scoreMean":-0.720211602,"scoreSelfplay":-0.476182595,"scoreStdev":15.7032839,"utility":-0.151088648,"utilityLcb":-0.40978686,"visits":75,"weight":74.9558764,"winrate":0.453558205},{"edgeVisits":136,"edgeWeight":135.434034,"lcb":0.538256595,"move":"E3","order":3,"playSelectionValue":23.0,"prior":0.0245141629,"pv":["E3","F4","F5","F6","F3","E6","B5","G5","B6","G3","F2","B7","G2","A6"],"pvEdgeVisits":[136,76,72,62,46,34,18,17,15,13,7,3,2,1],"pvVisits":[136,76,72,62,46,34,18,17,15,13,7,3,2,1],"scoreLead":0.805106075,"scoreMean":0.805106075,"scoreSelfplay":0.853338923,"scoreStdev":7.03448134,"utility":0.176253571,"utilityLcb":-0.0128655538,"visits":136,"weight":135.434034,"winrate":0.605799139},{"edgeVisits":1,"edgeWeight":1.0,"lcb":-1.10789722,"move":"B5","order":4,"playSelectionValue":0.0,"prior":0.00792252645,"pv":["B5"],"pvEdgeVisits":[1],"pvVisits":[1],"scoreLead":-4.3143425,"scoreMean":-4.3143425,"scoreSelfplay":-4.92409325,"scoreStdev":10.3025147,"utility":-0.854036611,"utilityLcb":-4.35403663,"visits":1,"weight":1.0,"winrate":0.142102785},{"edgeVisits":1,"edgeWeight":1.0,"lcb":-1.10402156,"move":"B6","order":5,"playSelectionValue":0.0,"prior":0.000405491766,"pv":["B6"],"pvEdgeVisits":[1],"pvVisits":[1],"scoreLead":-3.13008094,"scoreMean":-3.13008094,"scoreSelfplay":-4.92238045,"scoreStdev":12.3879659,"utility":-0.832255554,"utilityLcb":-4.33225557,"visits":1,"weight":1.0,"winrate":0.145978451}],"rootInfo":{"currentPlayer":"B","rawLead":2.50582242,"rawNoResultProb":0.0,"rawScoreSelfplay":3.91776896,"rawScoreSelfplayStdev":9.33004979,"rawStScoreError":-1.0,"rawStWrError":-0.5,"rawVarTimeLeft":-1.0,"rawWinrate":0.799173474,"scoreLead":1.14963112,"scoreSelfplay":1.30026554,"scoreStdev":9.91701982,"symHash":"10155F672C0B5682E08EB339027AD849","thisHash":"E2B811FEE059E65F93697CB1DE35B543","utility":0.164674928,"visits":1000,"weight":990.8336023604625,"winrate":0.602613106},"turnNumber":8}
: MoveNum: 14 HASH: B56076090A467FAA5A715507E32E1149
   A B C D E F G
 7 . . . . . . .
 6 . . X X2. . .
 5 . . X O O . .
 4 . O3O1X O . .
 3 . . . X O . .
 2 . . . X X O .
 1 . . . . . . .

koSIMPLEscoreAREAtaxNONEsui0whbNfpok1komi9
Root visits: 1000
New playouts: 1000
NN rows: 1665
NN batches: 1665
NN avg batch size: 1
PV: C3 E6 F1 B5 B6 D7 A6 F3 C7 E7 A4 G2 E1 G1 B3 pass A5 pass pass
Tree:
: T  28.90c W  30.07c S  -2.28c ( +1.0 L  +1.0) N    1000  --  C3 E6 F1 B5 B6 D7 A6
---Black(^)---
C3  : T  35.62c W  35.87c S  -1.84c ( +1.3 L  +1.3) LCB   28.04c P  9.61% WF 829.6 PSV     781 N     785  --  C3 E6 F1 B5 B6 D7 A6 F3
F1  : T   6.03c W   9.48c S  -2.01c ( +0.7 L  +0.7) LCB  -15.75c P 26.21% WF  82.3 PSV      47 N     101  --  F1 E6 B5 B2 C2 B3 F3 D7
B2  : T   2.17c W   6.52c S  -4.26c ( +0.1 L  +0.1) LCB  -35.48c P 19.59% WF  62.1 PSV      31 N      78  --  B2 E6 B5 D7 C7 E7 F1 A6
E6  : T -67.58c W -48.41c S -12.10c ( -6.6 L  -6.9) LCB -114.90c P 20.52% WF   8.4 PSV      10 N      15  --  E6 C3 C2 B2 F1 F3 B1
B5  : T -59.09c W -50.27c S -10.85c ( -6.1 L  -5.9) LCB  -84.26c P 10.33% WF   5.6 PSV       5 N       9  --  B5 B2 C2 B3 F1 F3
B3  : T -88.35c W -51.04c S -16.58c (-10.7 L  -9.1) LCB -146.49c P 12.47% WF   4.4 PSV       5 N       8  --  B3 C3 C2 B2 F1
F3  : T -57.31c W -46.97c S -10.34c ( -4.7 L  -4.4) LCB -407.31c P  0.93% WF   0.8 PSV       0 N       1  --  F3
G2  : T -68.87c W -56.05c S -12.82c ( -6.5 L  -5.7) LCB -418.87c P  0.10% WF   0.7 PSV       0 N       1  --  G2
F6  : T -99.44c W -79.76c S -19.68c (-13.9 L -12.0) LCB -449.44c P  0.08% WF   0.7 PSV       0 N       1  --  F6

: Response: {"id":"pvvisittest","isDuringSearch":false,"moveInfos":[{"edgeVisits":785,"edgeWeight":780.704376,"lcb":0.652305945,"move":"C3","order":0,"playSelectionValue":780.704376,"prior":0.0960594565,"pv":["C3","E6","F1","B5","B6","D7","A6","F3","C7","E7","A4","G2","E1","G1","B3","pass"],"pvEdgeVisits":[785,522,501,390,388,120,92,75,70,57,21,16,13,10,7,6],"pvVisits":[785,522,501,390,388,120,92,75,70,57,21,16,13,10,7,6],"scoreLead":1.25102344,"scoreMean":1.25102344,"scoreSelfplay":1.32824441,"scoreStdev":9.64754201,"utility":0.356156714,"utilityLcb":0.28036908,"visits":785,"weight":780.704376,"winrate":0.679372957},{"edgeVisits":101,"edgeWeight":100.867866,"lcb":0.469600683,"move":"F1","order":1,"playSelectionValue":47.0,"prior":0.262068182,"pv":["F1","E6","B5","B2","C2","B3","F3","D7","C7","E7"],"pvEdgeVisits":[101,60,55,49,21,14,10,3,2,1],"pvVisits":[101,60,55,49,21,14,10,3,2,1],"scoreLead":0.717177071,"scoreMean":0.717177071,"scoreSelfplay":0.705672768,"scoreStdev":17.2418763,"utility":0.0603347028,"utilityLcb":-0.157451167,"visits":101,"weight":100.867866,"winrate":0.547381351},{"edgeVisits":78,"edgeWeight":78.0,"lcb":0.398123073,"move":"B2","order":2,"playSelectionValue":31.0,"prior":0.195859268,"pv":["B2","E6","B5","D7","C7","E7","F1","A6","A4","A5"],"pvEdgeVisits":[78,68,63,35,27,18,12,5,2,1],"pvVisits":[78,68,63,35,27,18,12,5,2,1],"scoreLead":0.112777189,"scoreMean":0.112777189,"scoreSelfplay":0.0636054483,"scoreStdev":10.0842908,"utility":0.0217219256,"utilityLcb":-0.354778078,"visits":78,"weight":78.0,"winrate":0.53258736},{"edgeVisits":15,"edgeWeight":15.0,"lcb":0.0889509257,"move":"E6","order":3,"playSelectionValue":10.0,"prior":0.205167174,"pv":["E6","C3","C2","B2","F1","F3","B1"],"pvEdgeVisits":[15,11,6,5,3,2,1],"pvVisits":[15,11,6,5,3,2,1],"scoreLead":-6.94333049,"scoreMean":-6.94333049,"scoreSelfplay":-6.64649899,"scoreStdev":16.4326345,"utility":-0.675772711,"utilityLcb":-1.14902307,"visits":15,"weight":15.0,"winrate":0.25796891},{"edgeVisits":9,"edgeWeight":9.0,"lcb":0.158763856,"move":"B5","order":4,"playSelectionValue":5.0,"prior":0.103304945,"pv":["B5","B2","C2","B3","F1","F3"],"pvEdgeVisits":[9,8,4,3,2,1],"pvVisits":[9,8,4,3,2,1],"scoreLead":-5.89461872,"scoreMean":-5.89461872,"scoreSelfplay":-6.1205213,"scoreStdev":17.7073567,"utility":-0.590896925,"utilityLcb":-0.842592952,"visits":9,"weight":9.0,"winrate":0.248655294},{"edgeVisits":8,"edgeWeight":8.0,"lcb":0.0371825841,"move":"B3","order":5,"playSelectionValue":5.0,"prior":0.124727048,"pv":["B3","C3","C2","B2","F1"],"pvEdgeVisits":[8,7,3,2,1],"pvVisits":[8,7,3,2,1],"scoreLead":-9.08220855,"scoreMean":-9.08220855,"scoreSelfplay":-10.6990281,"scoreStdev":17.1136089,"utility":-0.883516689,"utilityLcb":-1.46488584,"visits":8,"weight":8.0,"winrate":0.244814422},{"edgeVisits":1,"edgeWeight":1.0,"lcb":-0.98484335,"move":"F3","order":6,"playSelectionValue":0.0,"prior":0.0093464097,"pv":["F3"],"pvEdgeVisits":[1],"pvVisits":[1],"scoreLead":-4.40652609,"scoreMean":-4.40652609,"scoreSelfplay":-4.69277668,"scoreStdev":14.6459916,"utility":-0.573112936,"utilityLcb":-4.07311295,"visits":1,"weight":1.0,"winrate":0.265156657},{"edgeVisits":1,"edgeWeight":1.0,"lcb":-1.03024033,"move":"G2","order":7,"playSelectionValue":0.0,"prior":0.000979979755,"pv":["G2"],"pvEdgeVisits":[1],"pvVisits":[1],"scoreLead":-5.69929218,"scoreMean":-5.69929218,"scoreSelfplay":-6.5362916,"scoreStdev":14.8008346,"utility":-0.688712086,"utilityLcb":-4.1887121,"visits":1,"weight":1.0,"winrate":0.219759673},{"edgeVisits":1,"edgeWeight":1.0,"lcb":-1.14881623,"move":"F6","order":8,"playSelectionValue":0.0,"prior":0.000808661047,"pv":["F6"],"pvEdgeVisits":[1],"pvVisits":[1],"scoreLead":-12.0131226,"scoreMean":-12.0131226,"scoreSelfplay":-13.8879013,"scoreStdev":17.542444,"utility":-0.994437121,"utilityLcb":-4.49443714,"visits":1,"weight":1.0,"winrate":0.101183776}],"rootInfo":{"currentPlayer":"B","rawLead":1.90136731,"rawNoResultProb":8.25764291e-05,"rawScoreSelfplay":3.3719821,"rawScoreSelfplayStdev":12.2536581,"rawStScoreError":-1.0,"rawStWrError":-0.5,"rawVarTimeLeft":-1.0,"rawWinrate":0.689348087,"scoreLead":0.990635992,"scoreSelfplay":1.05139168,"scoreStdev":10.5175917,"symHash":"0CAA03496D1088226717248B65E75E44","thisHash":"3F4A5C26F80BC4C79F44AC7833E26F3F","utility":0.304456127,"visits":1000,"weight":995.5722420502302,"winrate":0.657451496},"turnNumber":14}
: tests/models/g170-b6c96-s175395328-d26788732.bin.gz
: NN rows: 1665
: NN batches: 1665
: NN avg batch size: 1
: GPU -1 finishing, processed 1665 rows 1665 batches
: All cleaned up, quitting
