: Running with following config:
cudaUseFP16 = false
cudaUseNHWC = false
forDeterministicTesting = true
logAllRequests = true
logAllResponses = true
logFile = tests/results/analysis/pvvisits.txt.log
logSearchInfo = true
logTimeStamp = false
maxPlayouts = 10000
maxVisits = 100
nnCacheSizePowerOfTwo = 23
nnMaxBatchSize = 64
nnMutexPoolSizePowerOfTwo = 17
nnRandSeed = analysisTest
nnRandomize = false
numAnalysisThreads = 1
numSearchThreads = 1
openclUseFP16 = false
reportAnalysisWinratesAs = BLACK
rootSymmetryPruning = false
trtUseFP16 = false

: Analysis Engine starting...
: KataGo v1.13.2
: nnRandSeed0 = analysisTest
: After dedups: nnModelFile0 = tests/models/g170-b6c96-s175395328-d26788732.bin.gz useFP16 false useNHWC false
: Initializing neural net buffer to be size 19 * 19 allowing smaller boards
: Cuda backend thread 0: Found GPU NVIDIA RTX A5000 memory 25434652672 compute capability major 8 minor 6
: Cuda backend thread 0: Model version 8 useFP16 = false useNHWC = false
: Cuda backend thread 0: Model name: g170-b6c96-s175395328-d26788732
: Loaded config configs/analysis_example.cfg and/or command-line and query overrides
: Loaded model tests/models/g170-b6c96-s175395328-d26788732.bin.gz
: Config override: cudaUseFP16 = false
: Config override: cudaUseNHWC = false
: Config override: forDeterministicTesting = true
: Config override: logAllRequests = true
: Config override: logAllResponses = true
: Config override: logDir = 
: Config override: logFile = tests/results/analysis/pvvisits.txt.log
: Config override: logSearchInfo = true
: Config override: logTimeStamp = false
: Config override: maxPlayouts = 10000
: Config override: maxVisits = 100
: Config override: nnRandSeed = analysisTest
: Config override: nnRandomize = false
: Config override: numAnalysisThreads = 1
: Config override: numSearchThreadsPerAnalysisThread = 1
: Config override: openclUseFP16 = false
: Config override: rootSymmetryPruning = false
: Config override: trtUseFP16 = false
: Analyzing up to 1 positions at a time in parallel
: Started, ready to begin handling requests
: Request: {"id":"pvvisittest","initialStones":[],"moves":[["B","D4"],["W","D5"],["B","C5"],["W","E4"],["B","D3"],["W","C6"],["B","E5"],["W","D6"]],"rules":"tromp-taylor","komi":9,"boardXSize":7,"boardYSize":7,"overrideSettings":{"maxVisits":1000},"includePVVisits":true}
: Request: {"id":"pvvisittest","initialStones":[],"moves":[["B","D4"],["W","D5"],["B","C5"],["W","E4"],["B","D3"],["W","E5"],["B","C6"],["W","E3"],["B","E2"],["W","F2"],["B","D2"],["W","C4"],["B","D6"],["W","B4"]],"rules":"chinese","komi":9,"boardXSize":7,"boardYSize":7,"overrideSettings":{"maxVisits":1000},"includePVVisits":true}
: MoveNum: 8 HASH: 68923BD112145D32565C85CE0EF9CB35
   A B C D E F G
 7 . . . . . . .
 6 . . O1O3. . .
 5 . . X O X2. .
 4 . . . X O . .
 3 . . . X . . .
 2 . . . . . . .
 1 . . . . . . .

koPOSITIONALscoreAREAtaxNONEsui1komi9
Root visits: 1000
New playouts: 1000
NN rows: 872
NN batches: 872
NN avg batch size: 1
PV: E3 F4 F5 F6 F3 C4 B5 B4 B6 B7 B3 A5 C3 A6 E6
Tree:
: T   5.72c W  13.32c S  -4.34c ( +0.4 L  +0.4) N    1000  --  E3 F4 F5 F6 F3 C4 B5
---Black(^)---
E3  : T  19.42c W  24.35c S  -4.02c ( +1.0 L  +0.9) LCB    7.43c P  2.45% WF 494.1 PSV     439 N     446  --  E3 F4 F5 F6 F3 C4 B5 B4
F4  : T -10.75c W  -2.29c S  -5.70c ( -0.2 L  -0.2) LCB  -31.71c P 40.25% WF 148.4 PSV      81 N     170  --  F4 C4 C3 B5 B4 F5 E3 E6
E6  : T -24.17c W -12.04c S  -5.04c ( -0.9 L  -1.1) LCB  -46.28c P 38.58% WF  71.5 PSV      54 N      91  --  E6 E3 E2 F2 B5 B6 D2 F5
F5  : T  -2.18c W   8.59c S  -4.28c ( +0.2 L  +0.1) LCB  -19.63c P 17.71% WF 274.7 PSV      50 N     291  --  F5 B5 C4 B4 B3 E3 D2 E2
B5  : T -85.47c W -71.63c S -13.84c ( -4.9 L  -4.3) LCB -435.47c P  0.79% WF   0.8 PSV       0 N       1  --  B5

: Response: {"id":"pvvisittest","isDuringSearch":false,"moveInfos":[{"lcb":0.5789529,"move":"E3","order":0,"prior":0.0245399754,"pv":["E3","F4","F5","F6","F3","C4","B5","B4","B6","B7","B3","A5","C3","A6","E6"],"pvEdgeVisits":[446,259,251,203,186,90,71,58,43,14,9,6,4,3,1],"pvVisits":[446,259,251,203,186,90,71,58,43,14,9,6,4,3,1],"scoreLead":0.917900076,"scoreMean":0.917900076,"scoreSelfplay":0.971999527,"scoreStdev":7.03699335,"utility":0.194186928,"utilityLcb":0.0743009118,"visits":446,"weight":438.5133035193674,"winrate":0.621769335},{"lcb":0.413677997,"move":"F4","order":1,"prior":0.402511716,"pv":["F4","C4","C3","B5","B4","F5","E3","E6","C5","E4","B6","C4","E5"],"pvEdgeVisits":[170,132,111,106,77,34,20,17,6,5,3,2,1],"pvVisits":[170,132,111,106,77,34,20,17,6,5,3,2,1],"scoreLead":-0.227108723,"scoreMean":-0.227108723,"scoreSelfplay":-0.208944132,"scoreStdev":9.50046975,"utility":-0.107508899,"utilityLcb":-0.317119866,"visits":170,"weight":169.58783820443773,"winrate":0.488539056},{"lcb":0.360842191,"move":"E6","order":2,"prior":0.385828137,"pv":["E6","E3","E2","F2","B5","B6","D2","F5","F6","F4"],"pvEdgeVisits":[91,60,31,28,5,3,4,3,2,1],"pvVisits":[91,60,31,28,5,7,4,3,2,1],"scoreLead":-1.1098043,"scoreMean":-1.1098043,"scoreSelfplay":-0.93034051,"scoreStdev":15.758466,"utility":-0.241694192,"utilityLcb":-0.462759496,"visits":91,"weight":90.91348913680861,"winrate":0.439794085},{"lcb":0.480644789,"move":"F5","order":3,"prior":0.177052975,"pv":["F5","B5","C4","B4","B3","E3","D2","E2","F4","B2","A4","A5","B6"],"pvEdgeVisits":[291,260,160,120,94,83,72,48,21,17,6,4,1],"pvVisits":[291,260,160,120,94,83,72,48,21,17,6,4,1],"scoreLead":0.112933169,"scoreMean":0.112933169,"scoreSelfplay":0.16619797,"scoreStdev":11.7798398,"utility":-0.0217917158,"utilityLcb":-0.196302665,"visits":291,"weight":289.4088709181914,"winrate":0.542970128},{"lcb":-1.10816444,"move":"B5","order":4,"prior":0.00792988669,"pv":["B5"],"pvEdgeVisits":[1],"pvVisits":[1],"scoreLead":-4.3214879,"scoreMean":-4.3214879,"scoreSelfplay":-4.93037653,"scoreStdev":10.3015217,"utility":-0.854692074,"utilityLcb":-4.35469209,"visits":1,"weight":1.0,"winrate":0.14183557}],"rootInfo":{"currentPlayer":"B","rawStScoreError":-1.0,"rawStWrError":-0.5,"rawVarTimeLeft":-1.0,"scoreLead":0.53215593,"scoreSelfplay":0.594543809,"scoreStdev":8.92279766,"symHash":"10155F672C0B5682E08EB339027AD849","thisHash":"E2B811FEE059E65F93697CB1DE35B543","utility":0.100765884,"visits":1000,"weight":990.4235017788051,"winrate":0.582729439},"turnNumber":8}
: MoveNum: 14 HASH: B56076090A467FAA5A715507E32E1149
   A B C D E F G
 7 . . . . . . .
 6 . . X X2. . .
 5 . . X O O . .
 4 . O3O1X O . .
 3 . . . X O . .
 2 . . . X X O .
 1 . . . . . . .

koSIMPLEscoreAREAtaxNONEsui0whbNfpok1komi9
Root visits: 1000
New playouts: 1000
NN rows: 1722
NN batches: 1722
NN avg batch size: 1
PV: C3 E6 F1 B5 B6 D7 A6 F3 C7 E7 A4 G2 E1 G1 B3 pass A5 pass pass
Tree:
: T  22.88c W  26.71c S  -3.05c ( +0.7 L  +0.6) N    1000  --  C3 E6 F1 B5 B6 D7 A6
---Black(^)---
C3  : T  28.41c W  31.94c S  -2.87c ( +0.9 L  +0.8) LCB   21.09c P  9.61% WF 823.4 PSV     786 N     790  --  C3 E6 F1 B5 B6 D7 A6 F3
F1  : T   6.98c W   9.65c S  -1.95c ( +0.7 L  +0.7) LCB  -14.75c P 26.22% WF  84.9 PSV      63 N      98  --  F1 E6 B5 B2 C2 B3 F3 D7
B2  : T   4.44c W   8.33c S  -4.08c ( +0.1 L  +0.2) LCB  -33.84c P 19.60% WF  64.2 PSV      42 N      75  --  B2 E6 B5 D7 C7 E7 F1 A6
E6  : T -66.45c W -48.18c S -11.94c ( -6.4 L  -6.7) LCB -114.96c P 20.49% WF   8.7 PSV      11 N      15  --  E6 C3 C2 B2 F1 F3
B5  : T -60.43c W -50.40c S -10.89c ( -6.1 L  -5.9) LCB  -78.34c P 10.32% WF   5.7 PSV       6 N       9  --  B5 B2 C2 B3 F1 F3
B3  : T -88.34c W -51.02c S -16.58c (-10.7 L  -9.1) LCB -146.49c P 12.48% WF   4.5 PSV       5 N       8  --  B3 C3 C2 B2 F1
F3  : T -57.33c W -46.98c S -10.35c ( -4.7 L  -4.4) LCB -407.33c P  0.94% WF   0.8 PSV       0 N       1  --  F3
G2  : T -68.87c W -56.04c S -12.82c ( -6.5 L  -5.7) LCB -418.87c P  0.10% WF   0.8 PSV       0 N       1  --  G2
F6  : T -99.49c W -79.80c S -19.70c (-13.9 L -12.0) LCB -449.49c P  0.08% WF   0.7 PSV       0 N       1  --  F6
C2  : T -62.26c W -52.67c S  -9.60c ( -3.8 L  -2.8) LCB -412.26c P  0.05% WF   0.7 PSV       0 N       1  --  C2

: Response: {"id":"pvvisittest","isDuringSearch":false,"moveInfos":[{"lcb":0.633586722,"move":"C3","order":0,"prior":0.0961157158,"pv":["C3","E6","F1","B5","B6","D7","A6","F3","C7","E7","A4","G2","E1","G1","B3","pass"],"pvEdgeVisits":[790,615,590,485,482,236,116,76,69,58,20,15,12,10,6,5],"pvVisits":[790,615,590,485,482,236,116,76,69,58,20,15,12,10,6,5],"scoreLead":0.843264886,"scoreMean":0.843264886,"scoreSelfplay":0.945023316,"scoreStdev":8.44466621,"utility":0.284095303,"utilityLcb":0.210938274,"visits":790,"weight":785.5317603225445,"winrate":0.659714232},{"lcb":0.470650158,"move":"F1","order":1,"prior":0.262209266,"pv":["F1","E6","B5","B2","C2","B3","F3","D7","C7","E7"],"pvEdgeVisits":[98,57,52,46,22,15,11,4,2,1],"pvVisits":[98,57,52,46,22,15,11,4,2,1],"scoreLead":0.706438582,"scoreMean":0.706438582,"scoreSelfplay":0.746484308,"scoreStdev":17.3118356,"utility":0.0697779074,"utilityLcb":-0.14754472,"visits":98,"weight":97.86776775296622,"winrate":0.548265382},{"lcb":0.404915015,"move":"B2","order":2,"prior":0.196017057,"pv":["B2","E6","B5","D7","C7","E7","F1","A6","A4","A5"],"pvEdgeVisits":[75,65,60,32,27,18,12,5,2,1],"pvVisits":[75,65,60,32,27,18,12,5,2,1],"scoreLead":0.197931802,"scoreMean":0.197931802,"scoreSelfplay":0.146456322,"scoreStdev":10.1663136,"utility":0.0443648948,"utilityLcb":-0.338441964,"visits":75,"weight":75.0,"winrate":0.54163175},{"lcb":0.0858497439,"move":"E6","order":3,"prior":0.204878151,"pv":["E6","C3","C2","B2","F1","F3"],"pvEdgeVisits":[15,11,5,4,2,1],"pvVisits":[15,11,5,4,2,1],"scoreLead":-6.74523864,"scoreMean":-6.74523864,"scoreSelfplay":-6.38841366,"scoreStdev":16.106698,"utility":-0.664532149,"utilityLcb":-1.14961945,"visits":15,"weight":15.0,"winrate":0.259095207},{"lcb":0.184049043,"move":"B5","order":4,"prior":0.103183784,"pv":["B5","B2","C2","B3","F1","F3"],"pvEdgeVisits":[9,8,4,3,2,1],"pvVisits":[9,8,4,3,2,1],"scoreLead":-5.92479361,"scoreMean":-5.92479361,"scoreSelfplay":-6.148905,"scoreStdev":17.6895101,"utility":-0.604332851,"utilityLcb":-0.783440354,"visits":9,"weight":9.0,"winrate":0.248016008},{"lcb":0.0372259993,"move":"B3","order":5,"prior":0.124776646,"pv":["B3","C3","C2","B2","F1"],"pvEdgeVisits":[8,7,3,2,1],"pvVisits":[8,7,3,2,1],"scoreLead":-9.08064565,"scoreMean":-9.08064565,"scoreSelfplay":-10.6975404,"scoreStdev":17.1134078,"utility":-0.883436064,"utilityLcb":-1.46491427,"visits":8,"weight":8.0,"winrate":0.244896789},{"lcb":-0.984912968,"move":"F3","order":6,"prior":0.0093543632,"pv":["F3"],"pvEdgeVisits":[1],"pvVisits":[1],"scoreLead":-4.40707541,"scoreMean":-4.40707541,"scoreSelfplay":-4.69441652,"scoreStdev":14.6451128,"utility":-0.573304598,"utilityLcb":-4.07330462,"visits":1,"weight":1.0,"winrate":0.265087038},{"lcb":-1.03020947,"move":"G2","order":7,"prior":0.00097749487,"pv":["G2"],"pvEdgeVisits":[1],"pvVisits":[1],"scoreLead":-5.69696856,"scoreMean":-5.69696856,"scoreSelfplay":-6.53477001,"scoreStdev":14.8005703,"utility":-0.688654861,"utilityLcb":-4.18865488,"visits":1,"weight":1.0,"winrate":0.219790541},{"lcb":-1.14897608,"move":"F6","order":8,"prior":0.000809429854,"pv":["F6"],"pvEdgeVisits":[1],"pvVisits":[1],"scoreLead":-12.0237207,"scoreMean":-12.0237207,"scoreSelfplay":-13.9013166,"scoreStdev":17.5407113,"utility":-0.99491842,"utilityLcb":-4.49491844,"visits":1,"weight":1.0,"winrate":0.101023931},{"lcb":-1.01333117,"move":"C2","order":9,"prior":0.00048529284,"pv":["C2"],"pvEdgeVisits":[1],"pvVisits":[1],"scoreLead":-2.75126529,"scoreMean":-2.75126529,"scoreSelfplay":-3.84084296,"scoreStdev":13.5803758,"utility":-0.622635388,"utilityLcb":-4.12263541,"visits":1,"weight":1.0,"winrate":0.23666884}],"rootInfo":{"currentPlayer":"B","rawStScoreError":-1.0,"rawStWrError":-0.5,"rawVarTimeLeft":-1.0,"scoreLead":0.615177801,"scoreSelfplay":0.698658298,"scoreStdev":9.76649778,"symHash":"0CAA03496D1088226717248B65E75E44","thisHash":"3F4A5C26F80BC4C79F44AC7833E26F3F","utility":0.234771789,"visits":1000,"weight":995.3654609835285,"winrate":0.636833763},"turnNumber":14}
: tests/models/g170-b6c96-s175395328-d26788732.bin.gz
: NN rows: 1722
: NN batches: 1722
: NN avg batch size: 1
: GPU -1 finishing, processed 1722 rows 1722 batches
: All cleaned up, quitting
