{"id":"pvvisittest","isDuringSearch":false,"moveInfos":[{"lcb":0.595274212,"move":"F5","order":0,"prior":0.177052975,"pv":["F5","B5","C4","B4","B3","E3","D2","E2","F4","B2","E1"],"pvEdgeVisits":[585,163,111,52,49,41,34,10,6,3,1],"pvVisits":[585,163,111,52,49,41,34,10,6,3,1],"scoreLead":1.6603753,"scoreMean":1.6603753,"scoreSelfplay":1.86306015,"scoreStdev":10.2497799,"utility":0.236491221,"utilityLcb":0.130871027,"visits":585,"weight":561.3845308600116,"winrate":0.632995709},{"lcb":0.451385419,"move":"F4","order":1,"prior":0.402511716,"pv":["F4","C4","C3","B5","B4","F5","E3","E6","C5","E4","B6","C4"],"pvEdgeVisits":[157,118,106,101,78,27,16,13,5,4,2,1],"pvVisits":[157,118,106,101,78,27,16,13,5,4,2,1],"scoreLead":0.240505888,"scoreMean":0.240505888,"scoreSelfplay":0.246252934,"scoreStdev":9.49922915,"utility":-0.00966837927,"utilityLcb":-0.215354094,"visits":157,"weight":156.9501270442063,"winrate":0.524844603},{"lcb":0.360434259,"move":"E6","order":2,"prior":0.385828137,"pv":["E6","F4","F5","C4","B5","C3","D2","B6","C2"],"pvEdgeVisits":[75,32,21,13,9,7,3,2,1],"pvVisits":[75,32,21,13,9,7,3,2,1],"scoreLead":-0.714635232,"scoreMean":-0.714635232,"scoreSelfplay":-0.495220944,"scoreStdev":15.8465145,"utility":-0.156872575,"utilityLcb":-0.417716367,"visits":75,"weight":74.95684734841333,"winrate":0.453592756},{"lcb":0.575469653,"move":"E3","order":3,"prior":0.0245399754,"pv":["E3","F4","F5","F6","F3","E6","B5","G5","B6","G3","F2","G2","B7","F1","E1"],"pvEdgeVisits":[180,110,105,75,59,43,28,27,25,21,15,7,3,2,1],"pvVisits":[180,110,105,75,59,43,28,27,25,21,15,7,3,2,1],"scoreLead":0.899952966,"scoreMean":0.899952966,"scoreSelfplay":0.946531041,"scoreStdev":6.72163942,"utility":0.222977764,"utilityLcb":0.0657891362,"visits":180,"weight":179.59291178956073,"winrate":0.631608449},{"lcb":-1.10816444,"move":"B5","order":4,"prior":0.00792988669,"pv":["B5"],"pvEdgeVisits":[1],"pvVisits":[1],"scoreLead":-4.3214879,"scoreMean":-4.3214879,"scoreSelfplay":-4.93037653,"scoreStdev":10.3015217,"utility":-0.854692074,"utilityLcb":-4.35469209,"visits":1,"weight":1.0,"winrate":0.14183557},{"lcb":-1.10420358,"move":"B6","order":5,"prior":0.000405696454,"pv":["B6"],"pvEdgeVisits":[1],"pvVisits":[1],"scoreLead":-3.13479161,"scoreMean":-3.13479161,"scoreSelfplay":-4.92828941,"scoreStdev":12.3876095,"utility":-0.832721702,"utilityLcb":-4.33272172,"visits":1,"weight":1.0,"winrate":0.145796426}],"rootInfo":{"currentPlayer":"B","rawStScoreError":-1.0,"rawStWrError":-0.5,"rawVarTimeLeft":-1.0,"scoreLead":1.28802055,"scoreSelfplay":1.46174589,"scoreStdev":10.5163511,"symHash":"10155F672C0B5682E08EB339027AD849","thisHash":"E2B811FEE059E65F93697CB1DE35B543","utility":0.180552217,"visits":1000,"weight":975.6765851034405,"winrate":0.608221557},"turnNumber":8}
{"id":"pvvisittest","isDuringSearch":false,"moveInfos":[{"lcb":0.652560835,"move":"C3","order":0,"prior":0.0961157158,"pv":["C3","E6","F1","B5","B6","D7","A6","F3","C7","E7","A4","G2","E1","G1","B3","pass"],"pvEdgeVisits":[781,522,501,390,388,120,92,75,70,57,21,16,13,10,7,6],"pvVisits":[781,522,501,390,388,120,92,75,70,57,21,16,13,10,7,6],"scoreLead":1.25152624,"scoreMean":1.25152624,"scoreSelfplay":1.32941069,"scoreStdev":9.63172182,"utility":0.357431866,"utilityLcb":0.281199846,"visits":781,"weight":777.4025597777684,"winrate":0.679786557},{"lcb":0.454427247,"move":"F1","order":1,"prior":0.262209266,"pv":["F1","E6","B5","B2","F3","F4","G2","D7","A4","A3"],"pvEdgeVisits":[104,63,58,52,17,15,10,9,2,1],"pvVisits":[104,63,58,52,17,15,10,9,2,1],"scoreLead":0.390566439,"scoreMean":0.390566439,"scoreSelfplay":0.375890348,"scoreStdev":17.5225372,"utility":0.0240027142,"utilityLcb":-0.199558439,"visits":104,"weight":103.86776775296622,"winrate":0.534270516},{"lcb":0.40469733,"move":"B2","order":2,"prior":0.196017057,"pv":["B2","E6","B5","D7","C7","E7","F1","A6","A4","A5"],"pvEdgeVisits":[79,69,64,36,28,19,13,6,2,1],"pvVisits":[79,69,64,36,28,19,13,6,2,1],"scoreLead":0.168833706,"scoreMean":0.168833706,"scoreSelfplay":0.117565475,"scoreStdev":9.97903787,"utility":0.0325512433,"utilityLcb":-0.334524797,"visits":79,"weight":79.0,"winrate":0.535795916},{"lcb":0.0886346675,"move":"E6","order":3,"prior":0.204878151,"pv":["E6","C3","C2","B2","F1","F3","B1"],"pvEdgeVisits":[15,11,6,5,3,2,1],"pvVisits":[15,11,6,5,3,2,1],"scoreLead":-6.94649086,"scoreMean":-6.94649086,"scoreSelfplay":-6.65014047,"scoreStdev":16.4313711,"utility":-0.677152403,"utilityLcb":-1.15098037,"visits":15,"weight":15.0,"winrate":0.257858943},{"lcb":0.0372259993,"move":"B3","order":4,"prior":0.124776646,"pv":["B3","C3","C2","B2","F1"],"pvEdgeVisits":[8,7,3,2,1],"pvVisits":[8,7,3,2,1],"scoreLead":-9.08064565,"scoreMean":-9.08064565,"scoreSelfplay":-10.6975404,"scoreStdev":17.1134078,"utility":-0.883436064,"utilityLcb":-1.46491427,"visits":8,"weight":8.0,"winrate":0.244896789},{"lcb":0.133253445,"move":"B5","order":5,"prior":0.103183784,"pv":["B5","B2","C2","B3","F1"],"pvEdgeVisits":[8,7,3,2,1],"pvVisits":[8,7,3,2,1],"scoreLead":-5.70842946,"scoreMean":-5.70842946,"scoreSelfplay":-5.93116907,"scoreStdev":17.3699993,"utility":-0.590898853,"utilityLcb":-0.932817462,"visits":8,"weight":8.0,"winrate":0.255367234},{"lcb":-0.984912968,"move":"F3","order":6,"prior":0.0093543632,"pv":["F3"],"pvEdgeVisits":[1],"pvVisits":[1],"scoreLead":-4.40707541,"scoreMean":-4.40707541,"scoreSelfplay":-4.69441652,"scoreStdev":14.6451128,"utility":-0.573304598,"utilityLcb":-4.07330462,"visits":1,"weight":1.0,"winrate":0.265087038},{"lcb":-1.03020947,"move":"G2","order":7,"prior":0.00097749487,"pv":["G2"],"pvEdgeVisits":[1],"pvVisits":[1],"scoreLead":-5.69696856,"scoreMean":-5.69696856,"scoreSelfplay":-6.53477001,"scoreStdev":14.8005703,"utility":-0.688654861,"utilityLcb":-4.18865488,"visits":1,"weight":1.0,"winrate":0.219790541},{"lcb":-1.14897608,"move":"F6","order":8,"prior":0.000809429854,"pv":["F6"],"pvEdgeVisits":[1],"pvVisits":[1],"scoreLead":-12.0237207,"scoreMean":-12.0237207,"scoreSelfplay":-13.9013166,"scoreStdev":17.5407113,"utility":-0.99491842,"utilityLcb":-4.49491844,"visits":1,"weight":1.0,"winrate":0.101023931},{"lcb":-1.01333117,"move":"C2","order":9,"prior":0.00048529284,"pv":["C2"],"pvEdgeVisits":[1],"pvVisits":[1],"scoreLead":-2.75126529,"scoreMean":-2.75126529,"scoreSelfplay":-3.84084296,"scoreStdev":13.5803758,"utility":-0.622635388,"utilityLcb":-4.12263541,"visits":1,"weight":1.0,"winrate":0.23666884}],"rootInfo":{"currentPlayer":"B","rawStScoreError":-1.0,"rawStWrError":-0.5,"rawVarTimeLeft":-1.0,"scoreLead":0.978034553,"scoreSelfplay":1.03939004,"scoreStdev":10.4716904,"symHash":"0CAA03496D1088226717248B65E75E44","thisHash":"3F4A5C26F80BC4C79F44AC7833E26F3F","utility":0.305104908,"visits":1000,"weight":996.237066881871,"winrate":0.657749166},"turnNumber":14}
