{"id":"pvvisittest","isDuringSearch":false,"moveInfos":[{"lcb":0.5789529,"move":"E3","order":0,"prior":0.0245399754,"pv":["E3","F4","F5","F6","F3","C4","B5","B4","B6","B7","B3","A5","C3","A6","E6"],"pvEdgeVisits":[446,259,251,203,186,90,71,58,43,14,9,6,4,3,1],"pvVisits":[446,259,251,203,186,90,71,58,43,14,9,6,4,3,1],"scoreLead":0.917900076,"scoreMean":0.917900076,"scoreSelfplay":0.971999527,"scoreStdev":7.03699335,"utility":0.194186928,"utilityLcb":0.0743009118,"visits":446,"weight":438.5133035193674,"winrate":0.621769335},{"lcb":0.413677997,"move":"F4","order":1,"prior":0.402511716,"pv":["F4","C4","C3","B5","B4","F5","E3","E6","C5","E4","B6","C4","E5"],"pvEdgeVisits":[170,132,111,106,77,34,20,17,6,5,3,2,1],"pvVisits":[170,132,111,106,77,34,20,17,6,5,3,2,1],"scoreLead":-0.227108723,"scoreMean":-0.227108723,"scoreSelfplay":-0.208944132,"scoreStdev":9.50046975,"utility":-0.107508899,"utilityLcb":-0.317119866,"visits":170,"weight":169.58783820443773,"winrate":0.488539056},{"lcb":0.360842191,"move":"E6","order":2,"prior":0.385828137,"pv":["E6","E3","E2","F2","B5","B6","D2","F5","F6","F4"],"pvEdgeVisits":[91,60,31,28,5,3,4,3,2,1],"pvVisits":[91,60,31,28,5,7,4,3,2,1],"scoreLead":-1.1098043,"scoreMean":-1.1098043,"scoreSelfplay":-0.93034051,"scoreStdev":15.758466,"utility":-0.241694192,"utilityLcb":-0.462759496,"visits":91,"weight":90.91348913680861,"winrate":0.439794085},{"lcb":0.480644789,"move":"F5","order":3,"prior":0.177052975,"pv":["F5","B5","C4","B4","B3","E3","D2","E2","F4","B2","A4","A5","B6"],"pvEdgeVisits":[291,260,160,120,94,83,72,48,21,17,6,4,1],"pvVisits":[291,260,160,120,94,83,72,48,21,17,6,4,1],"scoreLead":0.112933169,"scoreMean":0.112933169,"scoreSelfplay":0.16619797,"scoreStdev":11.7798398,"utility":-0.0217917158,"utilityLcb":-0.196302665,"visits":291,"weight":289.4088709181914,"winrate":0.542970128},{"lcb":-1.10816444,"move":"B5","order":4,"prior":0.00792988669,"pv":["B5"],"pvEdgeVisits":[1],"pvVisits":[1],"scoreLead":-4.3214879,"scoreMean":-4.3214879,"scoreSelfplay":-4.93037653,"scoreStdev":10.3015217,"utility":-0.854692074,"utilityLcb":-4.35469209,"visits":1,"weight":1.0,"winrate":0.14183557}],"rootInfo":{"currentPlayer":"B","rawStScoreError":-1.0,"rawStWrError":-0.5,"rawVarTimeLeft":-1.0,"scoreLead":0.53215593,"scoreSelfplay":0.594543809,"scoreStdev":8.92279766,"symHash":"10155F672C0B5682E08EB339027AD849","thisHash":"E2B811FEE059E65F93697CB1DE35B543","utility":0.100765884,"visits":1000,"weight":990.4235017788051,"winrate":0.582729439},"turnNumber":8}
{"id":"pvvisittest","isDuringSearch":false,"moveInfos":[{"lcb":0.633586722,"move":"C3","order":0,"prior":0.0961157158,"pv":["C3","E6","F1","B5","B6","D7","A6","F3","C7","E7","A4","G2","E1","G1","B3","pass"],"pvEdgeVisits":[790,615,590,485,482,236,116,76,69,58,20,15,12,10,6,5],"pvVisits":[790,615,590,485,482,236,116,76,69,58,20,15,12,10,6,5],"scoreLead":0.843264886,"scoreMean":0.843264886,"scoreSelfplay":0.945023316,"scoreStdev":8.44466621,"utility":0.284095303,"utilityLcb":0.210938274,"visits":790,"weight":785.5317603225445,"winrate":0.659714232},{"lcb":0.470650158,"move":"F1","order":1,"prior":0.262209266,"pv":["F1","E6","B5","B2","C2","B3","F3","D7","C7","E7"],"pvEdgeVisits":[98,57,52,46,22,15,11,4,2,1],"pvVisits":[98,57,52,46,22,15,11,4,2,1],"scoreLead":0.706438582,"scoreMean":0.706438582,"scoreSelfplay":0.746484308,"scoreStdev":17.3118356,"utility":0.0697779074,"utilityLcb":-0.14754472,"visits":98,"weight":97.86776775296622,"winrate":0.548265382},{"lcb":0.404915015,"move":"B2","order":2,"prior":0.196017057,"pv":["B2","E6","B5","D7","C7","E7","F1","A6","A4","A5"],"pvEdgeVisits":[75,65,60,32,27,18,12,5,2,1],"pvVisits":[75,65,60,32,27,18,12,5,2,1],"scoreLead":0.197931802,"scoreMean":0.197931802,"scoreSelfplay":0.146456322,"scoreStdev":10.1663136,"utility":0.0443648948,"utilityLcb":-0.338441964,"visits":75,"weight":75.0,"winrate":0.54163175},{"lcb":0.0858497439,"move":"E6","order":3,"prior":0.204878151,"pv":["E6","C3","C2","B2","F1","F3"],"pvEdgeVisits":[15,11,5,4,2,1],"pvVisits":[15,11,5,4,2,1],"scoreLead":-6.74523864,"scoreMean":-6.74523864,"scoreSelfplay":-6.38841366,"scoreStdev":16.106698,"utility":-0.664532149,"utilityLcb":-1.14961945,"visits":15,"weight":15.0,"winrate":0.259095207},{"lcb":0.184049043,"move":"B5","order":4,"prior":0.103183784,"pv":["B5","B2","C2","B3","F1","F3"],"pvEdgeVisits":[9,8,4,3,2,1],"pvVisits":[9,8,4,3,2,1],"scoreLead":-5.92479361,"scoreMean":-5.92479361,"scoreSelfplay":-6.148905,"scoreStdev":17.6895101,"utility":-0.604332851,"utilityLcb":-0.783440354,"visits":9,"weight":9.0,"winrate":0.248016008},{"lcb":0.0372259993,"move":"B3","order":5,"prior":0.124776646,"pv":["B3","C3","C2","B2","F1"],"pvEdgeVisits":[8,7,3,2,1],"pvVisits":[8,7,3,2,1],"scoreLead":-9.08064565,"scoreMean":-9.08064565,"scoreSelfplay":-10.6975404,"scoreStdev":17.1134078,"utility":-0.883436064,"utilityLcb":-1.46491427,"visits":8,"weight":8.0,"winrate":0.244896789},{"lcb":-0.984912968,"move":"F3","order":6,"prior":0.0093543632,"pv":["F3"],"pvEdgeVisits":[1],"pvVisits":[1],"scoreLead":-4.40707541,"scoreMean":-4.40707541,"scoreSelfplay":-4.69441652,"scoreStdev":14.6451128,"utility":-0.573304598,"utilityLcb":-4.07330462,"visits":1,"weight":1.0,"winrate":0.265087038},{"lcb":-1.03020947,"move":"G2","order":7,"prior":0.00097749487,"pv":["G2"],"pvEdgeVisits":[1],"pvVisits":[1],"scoreLead":-5.69696856,"scoreMean":-5.69696856,"scoreSelfplay":-6.53477001,"scoreStdev":14.8005703,"utility":-0.688654861,"utilityLcb":-4.18865488,"visits":1,"weight":1.0,"winrate":0.219790541},{"lcb":-1.14897608,"move":"F6","order":8,"prior":0.000809429854,"pv":["F6"],"pvEdgeVisits":[1],"pvVisits":[1],"scoreLead":-12.0237207,"scoreMean":-12.0237207,"scoreSelfplay":-13.9013166,"scoreStdev":17.5407113,"utility":-0.99491842,"utilityLcb":-4.49491844,"visits":1,"weight":1.0,"winrate":0.101023931},{"lcb":-1.01333117,"move":"C2","order":9,"prior":0.00048529284,"pv":["C2"],"pvEdgeVisits":[1],"pvVisits":[1],"scoreLead":-2.75126529,"scoreMean":-2.75126529,"scoreSelfplay":-3.84084296,"scoreStdev":13.5803758,"utility":-0.622635388,"utilityLcb":-4.12263541,"visits":1,"weight":1.0,"winrate":0.23666884}],"rootInfo":{"currentPlayer":"B","rawStScoreError":-1.0,"rawStWrError":-0.5,"rawVarTimeLeft":-1.0,"scoreLead":0.615177801,"scoreSelfplay":0.698658298,"scoreStdev":9.76649778,"symHash":"0CAA03496D1088226717248B65E75E44","thisHash":"3F4A5C26F80BC4C79F44AC7833E26F3F","utility":0.234771789,"visits":1000,"weight":995.3654609835285,"winrate":0.636833763},"turnNumber":14}
